--------- beginning of main
02-23 10:16:38.427 D/DisplayModeController( 1076): setDesiredMode 4630946545580055169 {mode={fps=120.00 Hz, modePtr={id=0, vsyncRate=120.00 Hz, peakRefreshRate=120.00 Hz}}, emitEvent=true, force=false}
02-23 10:16:38.436 I/SDM     ( 1035): HWDeviceDRM::UpdateMixerAttributes: Mixer WxH 1080x2400-0 for Peripheral
02-23 10:16:38.437 I/SDM     ( 1035): HWCDisplay::SubmitDisplayConfig: Active configuration changed to: 0
--------- beginning of kernel
02-23 10:16:37.887 I/[drm:dsi_display_set_mode] [msm-dsi-info](    0): mdp_transfer_time_us=0 us
02-23 10:16:37.887 I/[drm:dsi_display_set_mode] [msm-dsi-info](    0): hactive= 1080,vactive= 2400,fps=120
02-23 10:16:37.904 W/ALERT   (    0): changing window size from 20000000 to 8000000 at 71950048104843
02-23 10:16:38.503 E/AuthPII ( 9922): [RequestTokenManager] getToken() -> NETWORK_ERROR. App: com.google.android.apps.maps, Service: oauth2:https://www.googleapis.com/auth/mobilemaps.firstparty https://www.googleapis.com/auth/notifications
02-23 10:16:38.503 E/AuthPII ( 9922): becf: Error when calling server using GmsNetworkStack.
02-23 10:16:38.503 E/AuthPII ( 9922): 	at afgy.b(:com.google.android.gms@260438035@26.04.38 (260400-867839860):1608)
02-23 10:16:38.503 E/AuthPII ( 9922): 	at afgw.a(:com.google.android.gms@260438035@26.04.38 (260400-867839860):744)
02-23 10:16:38.503 E/AuthPII ( 9922): 	at afgv.b(:com.google.android.gms@260438035@26.04.38 (260400-867839860):142)
02-23 10:16:38.503 E/AuthPII ( 9922): 	at yqe.d(:com.google.android.gms@260438035@26.04.38 (260400-867839860):662)
02-23 10:16:38.503 E/AuthPII ( 9922): 	at yqe.dispatchTransaction(:com.google.android.gms@260438035@26.04.38 (260400-867839860):153)
02-23 10:16:38.503 E/AuthPII ( 9922): 	at bwds.a(:com.google.android.gms@260438035@26.04.38 (260400-867839860):72)
02-23 10:16:38.503 E/AuthPII ( 9922): 	at xyi.onTransact(:com.google.android.gms@260438035@26.04.38 (260400-867839860):23)
02-23 10:16:38.503 E/AuthPII ( 9922): 	at android.os.Binder.transact(Binder.java:1258)
02-23 10:16:38.503 E/AuthPII ( 9922): 	at cioh.onTransact(:com.google.android.gms@260438035@26.04.38 (260400-867839860):10)
02-23 10:16:38.503 E/AuthPII ( 9922): 	at android.os.Binder.transact(Binder.java:1258)
02-23 10:16:38.503 E/AuthPII ( 9922): 	at bweg.onTransact(:com.google.android.gms@260438035@26.04.38 (260400-867839860):161)
02-23 10:16:38.503 E/AuthPII ( 9922): 	at android.os.Binder.execTransactInternal(Binder.java:1406)
02-23 10:16:38.503 E/AuthPII ( 9922): 	at android.os.Binder.execTransact(Binder.java:1350)
02-23 10:16:38.503 E/AuthPII ( 9922): Caused by: becf: Error requesting token.
02-23 10:16:38.503 E/AuthPII ( 9922): 	at afgy.d(:com.google.android.gms@260438035@26.04.38 (260400-867839860):212)
02-23 10:16:38.503 E/AuthPII ( 9922): 	at afgy.b(:com.google.android.gms@260438035@26.04.38 (260400-867839860):48)
02-23 10:16:38.503 E/AuthPII ( 9922): 	... 12 more
02-23 10:16:38.503 E/AuthPII ( 9922): Caused by: java.util.concurrent.TimeoutException: Waited 30 seconds (plus 1079676 nanoseconds delay) for gxst@9d71baf[status=PENDING, info=[inputFuture=[gxst@3604bbc[status=PENDING, info=[inputFuture=[kqi@67bb745[status=PENDING, info=[tag=[GmsUrlRequestImpl.startWithFuture()]]]], function=[aeln@8e23e9a]]]], function=[afgx@c83c3cb]]]
02-23 10:16:38.503 E/AuthPII ( 9922): 	at gxsq.v(:com.google.android.gms@260438035@26.04.38 (260400-867839860):371)
02-23 10:16:38.503 E/AuthPII ( 9922): 	at afgy.d(:com.google.android.gms@260438035@26.04.38 (260400-867839860):197)
02-23 10:16:38.503 E/AuthPII ( 9922): 	... 13 more
02-23 10:16:38.503 E/AuthPII ( 9922): Message is Error when calling server using GmsNetworkStack.
02-23 10:16:38.503 E/AuthPII ( 9922): becf: Error when calling server using GmsNetworkStack.
02-23 10:16:38.503 E/AuthPII ( 9922): 	at afgy.b(:com.google.android.gms@260438035@26.04.38 (260400-867839860):1608)
02-23 10:16:38.503 E/AuthPII ( 9922): 	at afgw.a(:com.google.android.gms@260438035@26.04.38 (260400-867839860):744)
02-23 10:16:38.503 E/AuthPII ( 9922): 	at afgv.b(:com.google.android.gms@260438035@26.04.38 (260400-867839860):142)
02-23 10:16:38.503 E/AuthPII ( 9922): 	at yqe.d(:com.google.android.gms@260438035@26.04.38 (260400-867839860):662)
02-23 10:16:38.503 E/AuthPII ( 9922): 	at yqe.dispatchTransaction(:com.google.android.gms@260438035@26.04.38 (260400-867839860):153)
02-23 10:16:38.503 E/AuthPII ( 9922): 	at bwds.a(:com.google.android.gms@260438035@26.04.38 (260400-867839860):72)
02-23 10:16:38.503 E/AuthPII ( 9922): 	at xyi.onTransact(:com.google.android.gms@260438035@26.04.38 (260400-867839860):23)
02-23 10:16:38.503 E/AuthPII ( 9922): 	at android.os.Binder.transact(Binder.java:1258)
02-23 10:16:38.503 E/AuthPII ( 9922): 	at cioh.onTransact(:com.google.android.gms@260438035@26.04.38 (260400-867839860):10)
02-23 10:16:38.503 E/AuthPII ( 9922): 	at android.os.Binder.transact(Binder.java:1258)
02-23 10:16:38.503 E/AuthPII ( 9922): 	at bweg.onTransact(:com.google.android.gms@260438035@26.04.38 (260400-867839860):161)
02-23 10:16:38.503 E/AuthPII ( 9922): 	at android.os.Binder.execTransactInternal(Binder.java:1406)
02-23 10:16:38.503 E/AuthPII ( 9922): 	at android.os.Binder.execTransact(Binder.java:1350)
02-23 10:16:38.503 E/AuthPII ( 9922): Caused by: becf: Error requesting token.
02-23 10:16:38.503 E/AuthPII ( 9922): 	at afgy.d(:com.google.android.gms@260438035@26.04.38 (260400-867839860):212)
02-23 10:16:38.503 E/AuthPII ( 9922): 	at afgy.b(:com.google.android.gms@260438035@26.04.38 (260400-867839860):48)
02-23 10:16:38.503 E/AuthPII ( 9922): 	... 12 more
02-23 10:16:38.503 E/AuthPII ( 9922): Caused by: java.util.concurrent.TimeoutException: Waited 30 seconds (plus 1079676 nanoseconds delay) for gxst@9d71baf[status=PENDING, info=[inputFuture=[gxst@3604bbc[status=PENDING, info=[inputFuture=[kqi@67bb745[status=PENDING, info=[tag=[GmsUrlRequestImpl.startWithFuture()]]]], function=[aeln@8e23e9a]]]], function=[afgx@c83c3cb]]]
02-23 10:16:38.503 E/AuthPII ( 9922): 	at gxsq.v(:com.google.android.gms@260438035@26.04.38 (260400-867839860):371)
02-23 10:16:38.503 E/AuthPII ( 9922): 	at afgy.d(:com.google.android.gms@260438035@26.04.38 (260400-867839860):197)
02-23 10:16:38.503 E/AuthPII ( 9922): 	... 13 more
02-23 10:16:38.504 I/Auth    ( 9922): [GetToken] GetToken failed for app=com.google.android.apps.maps with non recoverable status code: NetworkError  [CONTEXT service_id=343 ]
02-23 10:16:38.506 W/Auth    ( 9922): [ChimeraGetToken] exception while trying to fetch auth tokens for app=com.google.android.apps.maps, scope=oauth2:https://www.googleapis.com/auth/mobilemaps.firstparty https://www.googleapis.com/auth/notifications [CONTEXT service_id=153 ]
02-23 10:16:38.506 W/Auth    ( 9922): afgq: GetToken failed with status code: NetworkError
02-23 10:16:38.506 W/Auth    ( 9922): 	at afgv.b(:com.google.android.gms@260438035@26.04.38 (260400-867839860):346)
02-23 10:16:38.506 W/Auth    ( 9922): 	at yqe.d(:com.google.android.gms@260438035@26.04.38 (260400-867839860):662)
02-23 10:16:38.506 W/Auth    ( 9922): 	at yqe.dispatchTransaction(:com.google.android.gms@260438035@26.04.38 (260400-867839860):153)
02-23 10:16:38.506 W/Auth    ( 9922): 	at bwds.a(:com.google.android.gms@260438035@26.04.38 (260400-867839860):72)
02-23 10:16:38.506 W/Auth    ( 9922): 	at xyi.onTransact(:com.google.android.gms@260438035@26.04.38 (260400-867839860):23)
02-23 10:16:38.506 W/Auth    ( 9922): 	at android.os.Binder.transact(Binder.java:1258)
02-23 10:16:38.506 W/Auth    ( 9922): 	at cioh.onTransact(:com.google.android.gms@260438035@26.04.38 (260400-867839860):10)
02-23 10:16:38.506 W/Auth    ( 9922): 	at android.os.Binder.transact(Binder.java:1258)
02-23 10:16:38.506 W/Auth    ( 9922): 	at bweg.onTransact(:com.google.android.gms@260438035@26.04.38 (260400-867839860):161)
02-23 10:16:38.506 W/Auth    ( 9922): 	at android.os.Binder.execTransactInternal(Binder.java:1406)
02-23 10:16:38.506 W/Auth    ( 9922): 	at android.os.Binder.execTransact(Binder.java:1350)
02-23 10:16:38.507 W/GMM-GaiaAuthToken(11399): IOException[IOException, NETWORK_ERROR[NetworkError]], oauth2:https://www.googleapis.com/auth/mobilemaps.firstparty https://www.googleapis.com/auth/notifications
02-23 10:16:37.975 I/logd    (    0): logdr: UID=2000 GID=2000 PID=17042 b tail=0 logMask=99 pid=0 start=0ns deadline=0ns
02-23 10:16:37.991 I/binder  (    0): 17047:17047 ioctl 40046210 7fd0625ed4 returned -22
--------- beginning of system
02-23 10:16:38.549 W/ActivityTaskManager( 1773): callingPackage for (uid=2000, pid=17047) has no WPC
02-23 10:16:38.550 V/GrammaticalInflectionUtils( 1773): AttributionSource: AttributionSource { uid = 10268, packageName = null, attributionTag = null, token = android.os.Binder@9e8c97d, deviceId = 0, next = null } does not have READ_SYSTEM_GRAMMATICAL_GENDER permission.
02-23 10:16:38.551 W/OptProp ( 1773): Cannot read opt property android.window.PROPERTY_COMPAT_ALLOW_RESIZEABLE_ACTIVITY_OVERRIDES
02-23 10:16:38.551 W/OptProp ( 1773): Cannot read opt property android.window.PROPERTY_COMPAT_ALLOW_MIN_ASPECT_RATIO_OVERRIDE
02-23 10:16:38.555 I/BpBinder( 1076): onLastStrongRef automatically unlinking death recipients: 
02-23 10:16:38.556 D/KeyguardService( 2468): setOccluded(false)
02-23 10:16:38.556 D/KeyguardViewMediator( 2468): setOccluded(false)
02-23 10:16:38.556 I/ActivityTaskManager( 1773): START u0 {flg=0x10000000 cmp=com.example.powerai/.ui.test.EmbeddingTestActivity (has extras)} with LAUNCH_MULTIPLE from uid 2000 (BAL_ALLOW_PERMISSION) result code=3
02-23 10:16:38.556 D/KeyguardViewMediator( 2468): handleSetOccluded(false)
02-23 10:16:38.556 D/KeyguardViewMediator( 2468): KeyguardViewMediator queue processing message: SET_OCCLUDED
02-23 10:16:38.558 D/WindowManagerShell( 2468): onActivityRestartAttempt: topActivity=ComponentInfo{com.example.powerai/com.example.powerai.ui.test.EmbeddingTestActivity}, wasVisible=true
02-23 10:16:38.678 D/DisplayModeController( 1076): setDesiredMode 4630946545580055169 {mode={fps=60.00 Hz, modePtr={id=2, vsyncRate=60.00 Hz, peakRefreshRate=60.00 Hz}}, emitEvent=false, force=false}
02-23 10:16:38.683 I/SDM     ( 1035): HWDeviceDRM::UpdateMixerAttributes: Mixer WxH 1080x2400-0 for Peripheral
02-23 10:16:38.684 I/SDM     ( 1035): HWCDisplay::SubmitDisplayConfig: Active configuration changed to: 4
02-23 10:16:38.136 W/ALERT   (    0): changing window size from 8000000 to 20000000 at 71950280139739
02-23 10:16:38.137 I/[drm:dsi_display_set_mode] [msm-dsi-info](    0): mdp_transfer_time_us=0 us
02-23 10:16:38.137 I/[drm:dsi_display_set_mode] [msm-dsi-info](    0): hactive= 1080,vactive= 2400,fps=60
02-23 10:16:38.758 W/BestClock( 1773): java.time.DateTimeException: No network time available
02-23 10:16:38.759 W/BestClock( 1773): java.time.DateTimeException: No network time available
02-23 10:16:38.761 W/BestClock( 1773): java.time.DateTimeException: No network time available
02-23 10:16:38.988 D/BluetoothAdapter( 9922): isLeEnabled(): BLE_ON
02-23 10:16:39.001 I/bt_shim_scanner( 3259): system/main/shim/le_scanning_manager.cc:156 Scan: in shim layer stopped
02-23 10:16:39.002 I/bluetooth( 3259): system/gd/hci/le_address_manager.cc:289 unregister_client: Client unregistered
02-23 10:16:39.002 I/bt_shim_scanner( 3259): system/main/shim/le_scanning_manager.cc:189 ScanFilterParamSetup: in shim layer, clientIf=1
02-23 10:16:39.002 I/bluetooth( 3259): system/gd/hci/le_address_manager.cc:304 unregister_client: Cancelled address rotation alarm
02-23 10:16:39.003 D/vendor.qti.bluetooth@1.0-ibs_handler(  983): SerialClockVote: vote for UART CLK ON
02-23 10:16:39.003 I/bt_shim_scanner( 3259): system/main/shim/le_scanning_manager.cc:189 ScanFilterParamSetup: in shim layer, clientIf=1
02-23 10:16:39.003 I/bt_shim_scanner( 3259): system/main/shim/le_scanning_manager.cc:150 Unregister: in shim layer, scannerId=1
02-23 10:16:39.004 D/vendor.qti.bluetooth@1.0-wake_lock(  983): Acquire wakelock is acquired 
02-23 10:16:39.004 I/vendor.qti.bluetooth@1.0-ibs_handler(  983): DeviceWakeUp: Writing IBS_WAKE_IND
02-23 10:16:39.005 D/BluetoothAdapter( 9922): isLeEnabled(): BLE_ON
02-23 10:16:39.005 I/vendor.qti.bluetooth@1.0-ibs_handler(  983): ProcessIbsCmd: Received IBS_WAKE_ACK: 0xFC
02-23 10:16:39.006 I/vendor.qti.bluetooth@1.0-ibs_handler(  983): ProcessIbsCmd: Received IBS_WAKE_IND: 0xFD
02-23 10:16:39.006 I/vendor.qti.bluetooth@1.0-ibs_handler(  983): ProcessIbsCmd: Writing IBS_WAKE_ACK
02-23 10:16:39.010 I/bt_shim_scanner( 3259): system/main/shim/le_scanning_manager.cc:144 RegisterScanner: in shim layer, UUID=2ebc3631-5140-4aca-99a8-0ddc717506a2
02-23 10:16:39.012 D/BluetoothLeScanner( 9922): onScannerRegistered() - status=0 scannerId=1 mScannerId=0
02-23 10:16:39.020 I/NearbySharing( 9922): Started scanning for FastInitiation with mode: SCAN_MODE_AMBIENT_DISCOVERY
02-23 10:16:39.020 I/NearbySharing( 9922): FastInitiation warming period has ended
02-23 10:16:39.020 W/BestClock( 1773): java.time.DateTimeException: No network time available
02-23 10:16:39.020 W/BestClock( 1773): java.time.DateTimeException: No network time available
02-23 10:16:39.023 I/bt_shim_scanner( 3259): system/main/shim/le_scanning_manager.cc:245 ScanFilterEnable: in shim layer
02-23 10:16:39.024 I/bt_shim_scanner( 3259): system/main/shim/le_scanning_manager.cc:222 ScanFilterAdd: in shim layer
02-23 10:16:39.025 I/bt_shim_scanner( 3259): system/main/shim/le_scanning_manager.cc:189 ScanFilterParamSetup: in shim layer, clientIf=1
02-23 10:16:39.025 I/bt_shim_scanner( 3259): system/main/shim/le_scanning_manager.cc:222 ScanFilterAdd: in shim layer
02-23 10:16:39.026 I/bt_shim_scanner( 3259): system/main/shim/le_scanning_manager.cc:189 ScanFilterParamSetup: in shim layer, clientIf=1
02-23 10:16:39.026 I/bt_shim_scanner( 3259): system/main/shim/le_scanning_manager.cc:156 Scan: in shim layer started
02-23 10:16:39.026 E/bluetooth( 3259): system/gd/hci/le_scanning_manager.cc:1059 update_ad_type_filter: AD type filter isn't supported
02-23 10:16:39.026 I/bluetooth( 3259): system/gd/hci/le_scanning_manager.cc:601 stop_scan: Scanning already stopped, return!
02-23 10:16:39.026 I/bluetooth( 3259): system/gd/hci/le_address_manager.cc:593 GetNextPrivateAddressIntervalRange: client=LeAddressManager, nonwake=7m40s, wake=13m9s
02-23 10:16:39.026 I/bluetooth( 3259): system/gd/hci/le_address_manager.cc:270 register_client: Scheduled address rotation for first client registered
02-23 10:16:39.026 I/bluetooth( 3259): system/gd/hci/le_address_manager.cc:274 register_client: Client registered
02-23 10:16:39.026 I/bt_shim_scanner( 3259): system/main/shim/le_scanning_manager.cc:156 Scan: in shim layer stopped
02-23 10:16:39.027 E/WifiStaIfaceAidlImpl( 1773): getCachedScanData failed with service-specific exception: android.os.ServiceSpecificException:  (code 4)
02-23 10:16:39.027 W/BtGatt.ScanManager( 3259): There is no scan radio to stop
02-23 10:16:39.027 I/bt_shim_scanner( 3259): system/main/shim/le_scanning_manager.cc:319 SetScanParameters: in shim layer, scannerId=1
02-23 10:16:39.027 I/bt_shim_scanner( 3259): system/main/shim/le_scanning_manager.cc:156 Scan: in shim layer started
02-23 10:16:39.027 I/bluetooth( 3259): system/gd/hci/le_address_manager.cc:289 unregister_client: Client unregistered
02-23 10:16:39.027 I/bluetooth( 3259): system/gd/hci/le_address_manager.cc:304 unregister_client: Cancelled address rotation alarm
02-23 10:16:39.027 I/bluetooth( 3259): system/gd/hci/le_scanning_manager.cc:601 stop_scan: Scanning already stopped, return!
02-23 10:16:39.027 I/bluetooth( 3259): system/gd/hci/le_address_manager.cc:593 GetNextPrivateAddressIntervalRange: client=LeAddressManager, nonwake=7m12s, wake=14m37s
02-23 10:16:39.027 I/bluetooth( 3259): system/gd/hci/le_address_manager.cc:270 register_client: Scheduled address rotation for first client registered
02-23 10:16:39.027 I/bluetooth( 3259): system/gd/hci/le_address_manager.cc:274 register_client: Client registered
02-23 10:16:39.116 I/vendor.qti.bluetooth@1.0-ibs_handler(  983): ProcessIbsCmd: Received IBS_SLEEP_IND: 0xFE
02-23 10:16:39.421 D/DisplayModeController( 1076): setDesiredMode 4630946545580055169 {mode={fps=120.00 Hz, modePtr={id=0, vsyncRate=120.00 Hz, peakRefreshRate=120.00 Hz}}, emitEvent=true, force=false}
02-23 10:16:39.432 I/SDM     ( 1035): HWDeviceDRM::UpdateMixerAttributes: Mixer WxH 1080x2400-0 for Peripheral
02-23 10:16:39.433 I/SDM     ( 1035): HWCDisplay::SubmitDisplayConfig: Active configuration changed to: 0
02-23 10:16:38.884 I/[drm:dsi_display_set_mode] [msm-dsi-info](    0): mdp_transfer_time_us=0 us
02-23 10:16:38.884 I/[drm:dsi_display_set_mode] [msm-dsi-info](    0): hactive= 1080,vactive= 2400,fps=120
02-23 10:16:38.896 W/ALERT   (    0): changing window size from 20000000 to 8000000 at 71951040122759
02-23 10:16:39.681 D/DisplayModeController( 1076): setDesiredMode 4630946545580055169 {mode={fps=60.00 Hz, modePtr={id=2, vsyncRate=60.00 Hz, peakRefreshRate=60.00 Hz}}, emitEvent=false, force=false}
02-23 10:16:39.685 I/SDM     ( 1035): HWDeviceDRM::UpdateMixerAttributes: Mixer WxH 1080x2400-0 for Peripheral
02-23 10:16:39.685 I/SDM     ( 1035): HWCDisplay::SubmitDisplayConfig: Active configuration changed to: 4
02-23 10:16:39.139 I/[drm:dsi_display_set_mode] [msm-dsi-info](    0): mdp_transfer_time_us=0 us
02-23 10:16:39.139 I/[drm:dsi_display_set_mode] [msm-dsi-info](    0): hactive= 1080,vactive= 2400,fps=60
02-23 10:16:39.144 W/ALERT   (    0): changing window size from 8000000 to 20000000 at 71951288157551
02-23 10:16:39.740 E/PlayCommon( 5532): [194] Failed to connect to server for log upload.
02-23 10:16:39.741 E/PlayCommon( 5532): [54] Failed to connect to server for server timestamp: java.net.SocketTimeoutException: failed to connect to play.googleapis.com/216.239.36.223 (port 443) from /192.168.0.109 (port 45402) after 40000ms: isConnected failed: ETIMEDOUT (Connection timed out)
02-23 10:16:39.755 I/netd    (  851): setProcSysNet(4, 2, wlan0, retrans_time_ms, 750) <0.34ms>
02-23 10:16:39.756 I/netd    (  851): setProcSysNet(4, 2, wlan0, ucast_solicit, 10) <0.12ms>
02-23 10:16:39.756 I/netd    (  851): setProcSysNet(6, 2, wlan0, retrans_time_ms, 750) <0.16ms>
02-23 10:16:39.757 I/netd    (  851): setProcSysNet(6, 2, wlan0, ucast_solicit, 10) <0.10ms>
02-23 10:16:40.035 I/vendor.qti.bluetooth@1.0-ibs_handler(  983): DeviceSleep: TX Awake, Sending SLEEP_IND
02-23 10:16:40.035 D/vendor.qti.bluetooth@1.0-ibs_handler(  983): SerialClockVote: vote for UART CLK OFF
02-23 10:16:40.186 D/vendor.qti.bluetooth@1.0-wake_lock(  983): Release wakelock is released 
02-23 10:16:40.221 D/DisplayModeController( 1076): setDesiredMode 4630946545580055169 {mode={fps=120.00 Hz, modePtr={id=0, vsyncRate=120.00 Hz, peakRefreshRate=120.00 Hz}}, emitEvent=true, force=false}
02-23 10:16:40.236 I/SDM     ( 1035): HWDeviceDRM::UpdateMixerAttributes: Mixer WxH 1080x2400-0 for Peripheral
02-23 10:16:40.237 I/SDM     ( 1035): HWCDisplay::SubmitDisplayConfig: Active configuration changed to: 0
02-23 10:16:39.688 I/[drm:dsi_display_set_mode] [msm-dsi-info](    0): mdp_transfer_time_us=0 us
02-23 10:16:39.688 I/[drm:dsi_display_set_mode] [msm-dsi-info](    0): hactive= 1080,vactive= 2400,fps=120
02-23 10:16:39.704 W/ALERT   (    0): changing window size from 20000000 to 8000000 at 71951848124842
02-23 10:16:40.268 I/WifiHAL ( 1017): event received NL80211_CMD_VENDOR, vendor_id = 0x1374, subcmd = 0xd
02-23 10:16:40.268 I/cnss-daemon( 1479): nl80211 response handler invoked
02-23 10:16:40.269 I/cnss-daemon( 1479): nl80211_response_handler: cmd 103, vendorID 4980, subcmd 13  received
02-23 10:16:39.791 I/pm7250b_charger(    0): smblib_set_charge_param: float voltage = 4450000 (0x55)
02-23 10:16:39.792 I/pm7250b_charger(    0): smblib_run_aicl: re-running AICL
02-23 10:16:39.795 I/QG-K    (    0): qg_status_change_work: charge_status=4 charge_done=1
02-23 10:16:39.804 I/QG-K    (    0): qg_charge_full_update: msoc=100 health=1 charge_full=1 charge_done=1
02-23 10:16:39.806 I/QG-K    (    0): qg_status_change_work: charge_status=4 charge_done=1
02-23 10:16:39.808 W/healthd (    0): battery l=100 v=4412 t=26.8 h=2 st=5 c=1220 fc=4775000 cc=14 chg=u
02-23 10:16:39.809 I/QG-K    (    0): qg_charge_full_update: msoc=100 health=1 charge_full=1 charge_done=1
02-23 10:16:40.375 D/PowerUI ( 2468): can't show warning due to - plugged: true status unknown: false
02-23 10:16:39.822 W/healthd (    0): battery l=100 v=4412 t=26.8 h=2 st=5 c=1220 fc=4775000 cc=14 chg=u
02-23 10:16:40.426 D/BufferPoolAccessor2.0( 2600): evictor expired: 1, evicted: 1
02-23 10:16:40.462 W/NotificationService( 1773): Toast already killed. pkg=com.example.powerai token=android.os.BinderProxy@5668db7
02-23 10:16:40.761 D/DisplayModeController( 1076): setDesiredMode 4630946545580055169 {mode={fps=60.00 Hz, modePtr={id=2, vsyncRate=60.00 Hz, peakRefreshRate=60.00 Hz}}, emitEvent=false, force=false}
02-23 10:16:40.765 I/SDM     ( 1035): HWDeviceDRM::UpdateMixerAttributes: Mixer WxH 1080x2400-0 for Peripheral
02-23 10:16:40.766 I/SDM     ( 1035): HWCDisplay::SubmitDisplayConfig: Active configuration changed to: 4
02-23 10:16:40.767 W/BestClock( 1773): java.time.DateTimeException: No network time available
02-23 10:16:40.768 W/BestClock( 1773): java.time.DateTimeException: No network time available
02-23 10:16:40.769 W/BestClock( 1773): java.time.DateTimeException: No network time available
02-23 10:16:40.219 I/[drm:dsi_display_set_mode] [msm-dsi-info](    0): mdp_transfer_time_us=0 us
02-23 10:16:40.219 I/[drm:dsi_display_set_mode] [msm-dsi-info](    0): hactive= 1080,vactive= 2400,fps=60
02-23 10:16:40.224 W/ALERT   (    0): changing window size from 8000000 to 20000000 at 71952368156300
02-23 10:16:41.435 D/DisplayModeController( 1076): setDesiredMode 4630946545580055169 {mode={fps=120.00 Hz, modePtr={id=0, vsyncRate=120.00 Hz, peakRefreshRate=120.00 Hz}}, emitEvent=true, force=false}
02-23 10:16:41.446 I/SDM     ( 1035): HWDeviceDRM::UpdateMixerAttributes: Mixer WxH 1080x2400-0 for Peripheral
02-23 10:16:41.446 I/SDM     ( 1035): HWCDisplay::SubmitDisplayConfig: Active configuration changed to: 0
02-23 10:16:40.897 I/[drm:dsi_display_set_mode] [msm-dsi-info](    0): mdp_transfer_time_us=0 us
02-23 10:16:40.897 I/[drm:dsi_display_set_mode] [msm-dsi-info](    0): hactive= 1080,vactive= 2400,fps=120
02-23 10:16:40.904 W/ALERT   (    0): changing window size from 20000000 to 8000000 at 71953048128800
02-23 10:16:41.515 D/ProfileInstaller(16981): Installing profile for com.example.powerai
02-23 10:16:41.694 D/DisplayModeController( 1076): setDesiredMode 4630946545580055169 {mode={fps=60.00 Hz, modePtr={id=2, vsyncRate=60.00 Hz, peakRefreshRate=60.00 Hz}}, emitEvent=false, force=false}
02-23 10:16:41.699 I/SDM     ( 1035): HWDeviceDRM::UpdateMixerAttributes: Mixer WxH 1080x2400-0 for Peripheral
02-23 10:16:41.699 I/SDM     ( 1035): HWCDisplay::SubmitDisplayConfig: Active configuration changed to: 4
02-23 10:16:41.152 I/[drm:dsi_display_set_mode] [msm-dsi-info](    0): mdp_transfer_time_us=0 us
02-23 10:16:41.152 W/ALERT   (    0): changing window size from 8000000 to 20000000 at 71953296144581
02-23 10:16:41.152 I/[drm:dsi_display_set_mode] [msm-dsi-info](    0): hactive= 1080,vactive= 2400,fps=60
02-23 10:16:41.787 I/keystore2(  662): system/security/keystore2/watchdog/src/lib.rs:356 - Watchdog thread idle -> terminating. Have a great day.
02-23 10:16:42.037 W/BestClock( 1773): java.time.DateTimeException: No network time available
02-23 10:16:42.038 W/BestClock( 1773): java.time.DateTimeException: No network time available
02-23 10:16:42.038 W/BestClock( 1773): java.time.DateTimeException: No network time available
02-23 10:16:42.047 E/WifiStaIfaceAidlImpl( 1773): getCachedScanData failed with service-specific exception: android.os.ServiceSpecificException:  (code 4)
02-23 10:16:42.271 I/WifiHAL ( 1017): event received NL80211_CMD_VENDOR, vendor_id = 0x1374, subcmd = 0xd
02-23 10:16:42.271 I/cnss-daemon( 1479): nl80211 response handler invoked
02-23 10:16:42.271 I/cnss-daemon( 1479): nl80211_response_handler: cmd 103, vendorID 4980, subcmd 13  received
02-23 10:16:42.419 D/DisplayModeController( 1076): setDesiredMode 4630946545580055169 {mode={fps=120.00 Hz, modePtr={id=0, vsyncRate=120.00 Hz, peakRefreshRate=120.00 Hz}}, emitEvent=true, force=false}
02-23 10:16:42.431 I/SDM     ( 1035): HWDeviceDRM::UpdateMixerAttributes: Mixer WxH 1080x2400-0 for Peripheral
02-23 10:16:42.431 I/SDM     ( 1035): HWCDisplay::SubmitDisplayConfig: Active configuration changed to: 0
02-23 10:16:41.883 I/[drm:dsi_display_set_mode] [msm-dsi-info](    0): mdp_transfer_time_us=0 us
02-23 10:16:41.883 I/[drm:dsi_display_set_mode] [msm-dsi-info](    0): hactive= 1080,vactive= 2400,fps=120
02-23 10:16:41.892 W/ALERT   (    0): changing window size from 20000000 to 8000000 at 71954036108383
02-23 10:16:42.680 D/DisplayModeController( 1076): setDesiredMode 4630946545580055169 {mode={fps=60.00 Hz, modePtr={id=2, vsyncRate=60.00 Hz, peakRefreshRate=60.00 Hz}}, emitEvent=false, force=false}
02-23 10:16:42.685 I/SDM     ( 1035): HWDeviceDRM::UpdateMixerAttributes: Mixer WxH 1080x2400-0 for Peripheral
02-23 10:16:42.685 I/SDM     ( 1035): HWCDisplay::SubmitDisplayConfig: Active configuration changed to: 4
02-23 10:16:42.138 I/[drm:dsi_display_set_mode] [msm-dsi-info](    0): mdp_transfer_time_us=0 us
02-23 10:16:42.138 I/[drm:dsi_display_set_mode] [msm-dsi-info](    0): hactive= 1080,vactive= 2400,fps=60
02-23 10:16:42.140 W/ALERT   (    0): changing window size from 8000000 to 20000000 at 71954284149373
02-23 10:16:42.776 W/BestClock( 1773): java.time.DateTimeException: No network time available
02-23 10:16:42.777 W/BestClock( 1773): java.time.DateTimeException: No network time available
02-23 10:16:42.865 I/netd    (  851): tetherGetStats() -> {[]} <3.07ms>
02-23 10:16:43.002 I/NearbyPresence( 9922): djct verified [==] new request BroadcastEngineRequest:<priority: 400, identityManager: null, broadcastOobContext: BroadcastOobContext:<peerDevice: {}, localUwbCapabilities: {}, peerUwbConnectionInfoMap: {}, tcpServerPort: null, AdvertisementMaps: {}, dedupHint: [41, -92, 116, 55, 34, -35, 19, 52], isNetworkConnected: true, isBluetoothEnabled false, workSource=WorkSource{}> equals to the old request [CONTEXT service_id=317 ]
02-23 10:16:43.422 D/DisplayModeController( 1076): setDesiredMode 4630946545580055169 {mode={fps=120.00 Hz, modePtr={id=0, vsyncRate=120.00 Hz, peakRefreshRate=120.00 Hz}}, emitEvent=true, force=false}
02-23 10:16:43.434 I/SDM     ( 1035): HWDeviceDRM::UpdateMixerAttributes: Mixer WxH 1080x2400-0 for Peripheral
02-23 10:16:43.434 I/SDM     ( 1035): HWCDisplay::SubmitDisplayConfig: Active configuration changed to: 0
02-23 10:16:42.885 I/[drm:dsi_display_set_mode] [msm-dsi-info](    0): mdp_transfer_time_us=0 us
02-23 10:16:42.885 I/[drm:dsi_display_set_mode] [msm-dsi-info](    0): hactive= 1080,vactive= 2400,fps=120
02-23 10:16:42.900 W/ALERT   (    0): changing window size from 20000000 to 8000000 at 71955044110570
02-23 10:16:43.684 D/DisplayModeController( 1076): setDesiredMode 4630946545580055169 {mode={fps=60.00 Hz, modePtr={id=2, vsyncRate=60.00 Hz, peakRefreshRate=60.00 Hz}}, emitEvent=false, force=false}
02-23 10:16:43.689 I/SDM     ( 1035): HWDeviceDRM::UpdateMixerAttributes: Mixer WxH 1080x2400-0 for Peripheral
02-23 10:16:43.689 I/SDM     ( 1035): HWCDisplay::SubmitDisplayConfig: Active configuration changed to: 4
02-23 10:16:43.142 I/[drm:dsi_display_set_mode] [msm-dsi-info](    0): mdp_transfer_time_us=0 us
02-23 10:16:43.142 I/[drm:dsi_display_set_mode] [msm-dsi-info](    0): hactive= 1080,vactive= 2400,fps=60
02-23 10:16:43.148 W/ALERT   (    0): changing window size from 8000000 to 20000000 at 71955292190883
02-23 10:16:44.275 I/cnss-daemon( 1479): nl80211 response handler invoked
02-23 10:16:44.275 I/cnss-daemon( 1479): nl80211_response_handler: cmd 103, vendorID 4980, subcmd 13  received
02-23 10:16:44.275 I/WifiHAL ( 1017): event received NL80211_CMD_VENDOR, vendor_id = 0x1374, subcmd = 0xd
02-23 10:16:44.425 D/DisplayModeController( 1076): setDesiredMode 4630946545580055169 {mode={fps=120.00 Hz, modePtr={id=0, vsyncRate=120.00 Hz, peakRefreshRate=120.00 Hz}}, emitEvent=true, force=false}
02-23 10:16:44.437 I/SDM     ( 1035): HWDeviceDRM::UpdateMixerAttributes: Mixer WxH 1080x2400-0 for Peripheral
02-23 10:16:44.437 I/SDM     ( 1035): HWCDisplay::SubmitDisplayConfig: Active configuration changed to: 0
02-23 10:16:43.888 W/ALERT   (    0): changing window size from 20000000 to 8000000 at 71956032170466
02-23 10:16:43.889 I/[drm:dsi_display_set_mode] [msm-dsi-info](    0): mdp_transfer_time_us=0 us
02-23 10:16:43.889 I/[drm:dsi_display_set_mode] [msm-dsi-info](    0): hactive= 1080,vactive= 2400,fps=120
02-23 10:16:44.685 D/DisplayModeController( 1076): setDesiredMode 4630946545580055169 {mode={fps=60.00 Hz, modePtr={id=2, vsyncRate=60.00 Hz, peakRefreshRate=60.00 Hz}}, emitEvent=false, force=false}
02-23 10:16:44.689 I/SDM     ( 1035): HWDeviceDRM::UpdateMixerAttributes: Mixer WxH 1080x2400-0 for Peripheral
02-23 10:16:44.689 I/SDM     ( 1035): HWCDisplay::SubmitDisplayConfig: Active configuration changed to: 4
02-23 10:16:44.143 I/[drm:dsi_display_set_mode] [msm-dsi-info](    0): mdp_transfer_time_us=0 us
02-23 10:16:44.143 I/[drm:dsi_display_set_mode] [msm-dsi-info](    0): hactive= 1080,vactive= 2400,fps=60
02-23 10:16:44.144 W/ALERT   (    0): changing window size from 8000000 to 20000000 at 71956288153903
02-23 10:16:44.781 W/BestClock( 1773): java.time.DateTimeException: No network time available
02-23 10:16:44.782 W/BestClock( 1773): java.time.DateTimeException: No network time available
02-23 10:16:44.783 W/BestClock( 1773): java.time.DateTimeException: No network time available
02-23 10:16:45.070 W/BestClock( 1773): java.time.DateTimeException: No network time available
02-23 10:16:45.070 W/BestClock( 1773): java.time.DateTimeException: No network time available
02-23 10:16:45.079 E/WifiStaIfaceAidlImpl( 1773): getCachedScanData failed with service-specific exception: android.os.ServiceSpecificException:  (code 4)
02-23 10:16:45.428 D/DisplayModeController( 1076): setDesiredMode 4630946545580055169 {mode={fps=120.00 Hz, modePtr={id=0, vsyncRate=120.00 Hz, peakRefreshRate=120.00 Hz}}, emitEvent=true, force=false}
02-23 10:16:45.432 E/WifiStaIfaceAidlImpl( 1773): getCachedScanData failed with service-specific exception: android.os.ServiceSpecificException:  (code 4)
02-23 10:16:45.439 I/netd    (  851): tetherGetStats() -> {[]} <3.06ms>
02-23 10:16:45.439 I/SDM     ( 1035): HWDeviceDRM::UpdateMixerAttributes: Mixer WxH 1080x2400-0 for Peripheral
02-23 10:16:45.440 I/SDM     ( 1035): HWCDisplay::SubmitDisplayConfig: Active configuration changed to: 0
02-23 10:16:44.891 I/[drm:dsi_display_set_mode] [msm-dsi-info](    0): mdp_transfer_time_us=0 us
02-23 10:16:44.891 I/[drm:dsi_display_set_mode] [msm-dsi-info](    0): hactive= 1080,vactive= 2400,fps=120
02-23 10:16:45.452 E/BluetoothPowerStatsCollector( 1773): Cannot acquire BluetoothActivityEnergyInfo
02-23 10:16:45.452 E/BluetoothPowerStatsCollector( 1773): java.util.concurrent.ExecutionException: java.lang.RuntimeException: error: 11
02-23 10:16:45.452 E/BluetoothPowerStatsCollector( 1773): 	at java.util.concurrent.CompletableFuture.reportGet(CompletableFuture.java:372)
02-23 10:16:45.452 E/BluetoothPowerStatsCollector( 1773): 	at java.util.concurrent.CompletableFuture.get(CompletableFuture.java:2072)
02-23 10:16:45.452 E/BluetoothPowerStatsCollector( 1773): 	at com.android.server.power.stats.BluetoothPowerStatsCollector.collectBluetoothActivityInfo(BluetoothPowerStatsCollector.java:181)
02-23 10:16:45.452 E/BluetoothPowerStatsCollector( 1773): 	at com.android.server.power.stats.BluetoothPowerStatsCollector.collectStats(BluetoothPowerStatsCollector.java:149)
02-23 10:16:45.452 E/BluetoothPowerStatsCollector( 1773): 	at com.android.server.power.stats.PowerStatsCollector.collectAndDeliverStats(PowerStatsCollector.java:176)
02-23 10:16:45.452 E/BluetoothPowerStatsCollector( 1773): 	at com.android.server.power.stats.PowerStatsCollector$$ExternalSyntheticLambda0.run(R8$$SyntheticClass:0)
02-23 10:16:45.452 E/BluetoothPowerStatsCollector( 1773): 	at android.os.Handler.handleCallback(Handler.java:991)
02-23 10:16:45.452 E/BluetoothPowerStatsCollector( 1773): 	at android.os.Handler.dispatchMessage(Handler.java:102)
02-23 10:16:45.452 E/BluetoothPowerStatsCollector( 1773): 	at android.os.Looper.loopOnce(Looper.java:232)
02-23 10:16:45.452 E/BluetoothPowerStatsCollector( 1773): 	at android.os.Looper.loop(Looper.java:317)
02-23 10:16:45.452 E/BluetoothPowerStatsCollector( 1773): 	at android.os.HandlerThread.run(HandlerThread.java:85)
02-23 10:16:45.452 E/BluetoothPowerStatsCollector( 1773): Caused by: java.lang.RuntimeException: error: 11
02-23 10:16:45.452 E/BluetoothPowerStatsCollector( 1773): 	at com.android.server.power.stats.BluetoothPowerStatsCollector$1.onBluetoothActivityEnergyInfoError(BluetoothPowerStatsCollector.java:170)
02-23 10:16:45.452 E/BluetoothPowerStatsCollector( 1773): 	at android.bluetooth.BluetoothAdapter$OnBluetoothActivityEnergyInfoProxy.lambda$onBluetoothActivityEnergyInfoAvailable$0(BluetoothAdapter.java:1041)
02-23 10:16:45.452 E/BluetoothPowerStatsCollector( 1773): 	at android.bluetooth.BluetoothAdapter$OnBluetoothActivityEnergyInfoProxy$$ExternalSyntheticLambda1.run(D8$$SyntheticClass:0)
02-23 10:16:45.452 E/BluetoothPowerStatsCollector( 1773): 	at android.bluetooth.BluetoothUtils.lambda$executeFromBinder$0(BluetoothUtils.java:343)
02-23 10:16:45.452 E/BluetoothPowerStatsCollector( 1773): 	at android.bluetooth.BluetoothUtils$$ExternalSyntheticLambda1.run(D8$$SyntheticClass:0)
02-23 10:16:45.452 E/BluetoothPowerStatsCollector( 1773): 	at com.android.server.SystemServerInitThreadPool$$ExternalSyntheticLambda0.execute(R8$$SyntheticClass:0)
02-23 10:16:45.452 E/BluetoothPowerStatsCollector( 1773): 	at android.bluetooth.BluetoothUtils.executeFromBinder(BluetoothUtils.java:343)
02-23 10:16:45.452 E/BluetoothPowerStatsCollector( 1773): 	at android.bluetooth.BluetoothAdapter$OnBluetoothActivityEnergyInfoProxy.onBluetoothActivityEnergyInfoAvailable(BluetoothAdapter.java:1039)
02-23 10:16:45.452 E/BluetoothPowerStatsCollector( 1773): 	at android.bluetooth.IBluetoothActivityEnergyInfoListener$Stub.onTransact(IBluetoothActivityEnergyInfoListener.java:98)
02-23 10:16:45.452 E/BluetoothPowerStatsCollector( 1773): 	at android.os.Binder.execTransactInternal(Binder.java:1411)
02-23 10:16:45.452 E/BluetoothPowerStatsCollector( 1773): 	at android.os.Binder.execTransact(Binder.java:1350)
02-23 10:16:44.904 W/ALERT   (    0): changing window size from 20000000 to 8000000 at 71957048131351
02-23 10:16:45.688 D/DisplayModeController( 1076): setDesiredMode 4630946545580055169 {mode={fps=60.00 Hz, modePtr={id=2, vsyncRate=60.00 Hz, peakRefreshRate=60.00 Hz}}, emitEvent=false, force=false}
02-23 10:16:45.692 I/SDM     ( 1035): HWDeviceDRM::UpdateMixerAttributes: Mixer WxH 1080x2400-0 for Peripheral
02-23 10:16:45.693 I/SDM     ( 1035): HWCDisplay::SubmitDisplayConfig: Active configuration changed to: 4
02-23 10:16:45.146 I/[drm:dsi_display_set_mode] [msm-dsi-info](    0): mdp_transfer_time_us=0 us
02-23 10:16:45.146 I/[drm:dsi_display_set_mode] [msm-dsi-info](    0): hactive= 1080,vactive= 2400,fps=60
02-23 10:16:45.152 W/ALERT   (    0): changing window size from 8000000 to 20000000 at 71957296128538
02-23 10:16:45.735 D/BoundBrokerSvc( 9956): onUnbind: Intent { act=com.google.android.gms.pay.service.BIND dat=chimera-action:/... cmp=com.google.android.gms/.chimera.GmsApiService }
02-23 10:16:46.279 I/cnss-daemon( 1479): nl80211 response handler invoked
02-23 10:16:46.280 I/cnss-daemon( 1479): nl80211_response_handler: cmd 103, vendorID 4980, subcmd 13  received
02-23 10:16:46.280 I/WifiHAL ( 1017): event received NL80211_CMD_VENDOR, vendor_id = 0x1374, subcmd = 0xd
02-23 10:16:46.429 D/DisplayModeController( 1076): setDesiredMode 4630946545580055169 {mode={fps=120.00 Hz, modePtr={id=0, vsyncRate=120.00 Hz, peakRefreshRate=120.00 Hz}}, emitEvent=true, force=false}
02-23 10:16:46.441 I/SDM     ( 1035): HWDeviceDRM::UpdateMixerAttributes: Mixer WxH 1080x2400-0 for Peripheral
02-23 10:16:46.441 I/SDM     ( 1035): HWCDisplay::SubmitDisplayConfig: Active configuration changed to: 0
02-23 10:16:45.892 I/[drm:dsi_display_set_mode] [msm-dsi-info](    0): mdp_transfer_time_us=0 us
02-23 10:16:45.892 I/[drm:dsi_display_set_mode] [msm-dsi-info](    0): hactive= 1080,vactive= 2400,fps=120
02-23 10:16:45.892 W/ALERT   (    0): changing window size from 20000000 to 8000000 at 71958036165465
02-23 10:16:46.689 D/DisplayModeController( 1076): setDesiredMode 4630946545580055169 {mode={fps=60.00 Hz, modePtr={id=2, vsyncRate=60.00 Hz, peakRefreshRate=60.00 Hz}}, emitEvent=false, force=false}
02-23 10:16:46.693 I/SDM     ( 1035): HWDeviceDRM::UpdateMixerAttributes: Mixer WxH 1080x2400-0 for Peripheral
02-23 10:16:46.694 I/SDM     ( 1035): HWCDisplay::SubmitDisplayConfig: Active configuration changed to: 4
02-23 10:16:46.147 I/[drm:dsi_display_set_mode] [msm-dsi-info](    0): mdp_transfer_time_us=0 us
02-23 10:16:46.147 I/[drm:dsi_display_set_mode] [msm-dsi-info](    0): hactive= 1080,vactive= 2400,fps=60
02-23 10:16:46.148 W/ALERT   (    0): changing window size from 8000000 to 20000000 at 71958292171246
02-23 10:16:46.790 W/BestClock( 1773): java.time.DateTimeException: No network time available
02-23 10:16:46.790 W/BestClock( 1773): java.time.DateTimeException: No network time available
02-23 10:16:46.791 W/BestClock( 1773): java.time.DateTimeException: No network time available
02-23 10:16:47.363 I/netd    (  851): tetherGetStats() -> {[]} <2.82ms>
02-23 10:16:47.433 D/DisplayModeController( 1076): setDesiredMode 4630946545580055169 {mode={fps=120.00 Hz, modePtr={id=0, vsyncRate=120.00 Hz, peakRefreshRate=120.00 Hz}}, emitEvent=true, force=false}
02-23 10:16:47.443 I/SDM     ( 1035): HWDeviceDRM::UpdateMixerAttributes: Mixer WxH 1080x2400-0 for Peripheral
02-23 10:16:47.444 I/SDM     ( 1035): HWCDisplay::SubmitDisplayConfig: Active configuration changed to: 0
02-23 10:16:46.895 I/[drm:dsi_display_set_mode] [msm-dsi-info](    0): mdp_transfer_time_us=0 us
02-23 10:16:46.895 I/[drm:dsi_display_set_mode] [msm-dsi-info](    0): hactive= 1080,vactive= 2400,fps=120
02-23 10:16:46.908 W/ALERT   (    0): changing window size from 20000000 to 8000000 at 71959052122339
02-23 10:16:47.693 D/DisplayModeController( 1076): setDesiredMode 4630946545580055169 {mode={fps=60.00 Hz, modePtr={id=2, vsyncRate=60.00 Hz, peakRefreshRate=60.00 Hz}}, emitEvent=false, force=false}
02-23 10:16:47.698 I/SDM     ( 1035): HWDeviceDRM::UpdateMixerAttributes: Mixer WxH 1080x2400-0 for Peripheral
02-23 10:16:47.698 I/SDM     ( 1035): HWCDisplay::SubmitDisplayConfig: Active configuration changed to: 4
02-23 10:16:47.151 I/[drm:dsi_display_set_mode] [msm-dsi-info](    0): mdp_transfer_time_us=0 us
02-23 10:16:47.151 I/[drm:dsi_display_set_mode] [msm-dsi-info](    0): hactive= 1080,vactive= 2400,fps=60
02-23 10:16:47.156 W/ALERT   (    0): changing window size from 8000000 to 20000000 at 71959300142548
02-23 10:16:47.377 W/smb     (    0): 01:1000 45 28 00 55 00 98 00 00 6c 00 ff ff c0 00 03 03 00 00 00 00 00 38 2e 3f 60 7f 00 01 01 03 00 00 00 00 00 00 00 01 78 04 02 03 07 60 fd 30 00 a3 02 0a 0a 00 00 55
02-23 10:16:47.378 W/smb     (    0): 01:1300 01 11 01 01 00 00 00 00 00 00 10 ff 3f 00 df df 00 00 00 00 00 00 00 40 00 00 48 00 00 00 00 07 00 5c 38 11 a1 03 00 00 7f 00 00 00 00 00 00 0a d4 00 00 00 00
02-23 10:16:47.379 W/smb     (    0): 01:1500 08 00 00 23 39 2b 00 06 fe 00 00 ff ff 02 00 6d 6d 00 00 00 00 00 00 00 10 00 01 00 00 00 07 00 01 00 03 00 06 00 01 00 01 00 01 01 01 00 07 00 00 00 00 00 40 00 00 00 03 00 00 00 12 00 00 00 00 00 00 00 00 00 00 10
02-23 10:16:47.379 I/pm7250b_charger(    0): smblib_reg_work: ICL vote value is 500000 voted by USB_PSY_VOTER
02-23 10:16:47.379 I/pm7250b_charger(    0): smblib_reg_work: FCC vote value is 6000000 voted by HW_LIMIT_VOTER
02-23 10:16:47.379 I/pm7250b_charger(    0): smblib_reg_work: FV vote value is 4450000 voted by NON_FFC_VFLOAT_VOTER
02-23 10:16:47.381 I/pm7250b_charger(    0): smblib_reg_work: ICL settle value[500000], usbin adc current[106725], vbusin adc vol[5095840]
02-23 10:16:47.381 I/pm7250b_charger(    0): smblib_reg_work: AICL_STS[500000]
02-23 10:16:47.381 I/pm7250b_charger(    0): smblib_reg_work: Type-C orientation[2], Type-C mode[6], Real Charger Type[4]
02-23 10:16:47.947 I/PlayCommon(31484): [58] Preparing logs for uploading
02-23 10:16:47.950 I/PlayCommon(31484): [58] Connecting to server for timestamp: https://play.googleapis.com/play/log/timestamp
02-23 10:16:47.952 I/resolv  (  851): GetAddrInfoHandler::run: {100 262244 100 983140 10134 0}
02-23 10:16:47.955 I/resolv  (  851): res_nmkquery: (QUERY, IN, A)
02-23 10:16:47.956 I/resolv  (  851): resolv_cache_lookup: FOUND IN CACHE entry=0xb400007594e4c5b0
02-23 10:16:47.956 I/resolv  (  851): doQuery: rcode=0, ancount=4, return value=101
02-23 10:16:48.088 W/BestClock( 1773): java.time.DateTimeException: No network time available
02-23 10:16:48.089 W/BestClock( 1773): java.time.DateTimeException: No network time available
02-23 10:16:48.089 W/BestClock( 1773): java.time.DateTimeException: No network time available
02-23 10:16:48.094 E/WifiStaIfaceAidlImpl( 1773): getCachedScanData failed with service-specific exception: android.os.ServiceSpecificException:  (code 4)
02-23 10:16:48.284 I/cnss-daemon( 1479): nl80211 response handler invoked
02-23 10:16:48.284 I/cnss-daemon( 1479): nl80211_response_handler: cmd 103, vendorID 4980, subcmd 13  received
02-23 10:16:48.284 I/WifiHAL ( 1017): event received NL80211_CMD_VENDOR, vendor_id = 0x1374, subcmd = 0xd
02-23 10:16:48.435 D/DisplayModeController( 1076): setDesiredMode 4630946545580055169 {mode={fps=120.00 Hz, modePtr={id=0, vsyncRate=120.00 Hz, peakRefreshRate=120.00 Hz}}, emitEvent=true, force=false}
02-23 10:16:48.446 I/SDM     ( 1035): HWDeviceDRM::UpdateMixerAttributes: Mixer WxH 1080x2400-0 for Peripheral
02-23 10:16:48.447 I/SDM     ( 1035): HWCDisplay::SubmitDisplayConfig: Active configuration changed to: 0
02-23 10:16:47.898 I/[drm:dsi_display_set_mode] [msm-dsi-info](    0): mdp_transfer_time_us=0 us
02-23 10:16:47.898 I/[drm:dsi_display_set_mode] [msm-dsi-info](    0): hactive= 1080,vactive= 2400,fps=120
02-23 10:16:48.468 I/droid.apps.maps(11399): Method exceeds compiler instruction limit: 16620 in void bacp.i(cmza)
02-23 10:16:47.916 W/ALERT   (    0): changing window size from 20000000 to 8000000 at 71960060094475
02-23 10:16:47.970 I/pm7250b_charger(    0): smblib_set_charge_param: float voltage = 4450000 (0x55)
02-23 10:16:47.971 I/pm7250b_charger(    0): smblib_run_aicl: re-running AICL
02-23 10:16:47.976 I/QG-K    (    0): qg_status_change_work: charge_status=4 charge_done=1
02-23 10:16:47.981 I/QG-K    (    0): qg_charge_full_update: msoc=100 health=1 charge_full=1 charge_done=1
02-23 10:16:47.981 W/healthd (    0): battery l=100 v=4412 t=26.8 h=2 st=5 c=-2136 fc=4775000 cc=14 chg=u
02-23 10:16:47.982 I/QG-K    (    0): qg_status_change_work: charge_status=4 charge_done=1
02-23 10:16:47.985 I/QG-K    (    0): qg_charge_full_update: msoc=100 health=1 charge_full=1 charge_done=1
02-23 10:16:47.989 W/healthd (    0): battery l=100 v=4412 t=26.8 h=2 st=5 c=-2136 fc=4775000 cc=14 chg=u
02-23 10:16:48.696 D/DisplayModeController( 1076): setDesiredMode 4630946545580055169 {mode={fps=60.00 Hz, modePtr={id=2, vsyncRate=60.00 Hz, peakRefreshRate=60.00 Hz}}, emitEvent=false, force=false}
02-23 10:16:48.701 I/SDM     ( 1035): HWDeviceDRM::UpdateMixerAttributes: Mixer WxH 1080x2400-0 for Peripheral
02-23 10:16:48.701 I/SDM     ( 1035): HWCDisplay::SubmitDisplayConfig: Active configuration changed to: 4
02-23 10:16:48.154 I/[drm:dsi_display_set_mode] [msm-dsi-info](    0): mdp_transfer_time_us=0 us
02-23 10:16:48.154 I/[drm:dsi_display_set_mode] [msm-dsi-info](    0): hactive= 1080,vactive= 2400,fps=60
02-23 10:16:48.156 W/ALERT   (    0): changing window size from 8000000 to 20000000 at 71960300123172
02-23 10:16:48.799 W/BestClock( 1773): java.time.DateTimeException: No network time available
02-23 10:16:48.800 W/BestClock( 1773): java.time.DateTimeException: No network time available
02-23 10:16:48.998 D/BoundBrokerSvc( 9922): onUnbind: Intent { act=com.google.android.gms.libs.gmscorelogger.service.START dat=chimera-action:/... cmp=com.google.android.gms/.chimera.PersistentDirectBootAwareApiService }
02-23 10:16:49.420 D/DisplayModeController( 1076): setDesiredMode 4630946545580055169 {mode={fps=120.00 Hz, modePtr={id=0, vsyncRate=120.00 Hz, peakRefreshRate=120.00 Hz}}, emitEvent=true, force=false}
02-23 10:16:49.432 I/SDM     ( 1035): HWDeviceDRM::UpdateMixerAttributes: Mixer WxH 1080x2400-0 for Peripheral
02-23 10:16:49.432 I/SDM     ( 1035): HWCDisplay::SubmitDisplayConfig: Active configuration changed to: 0
02-23 10:16:48.884 I/[drm:dsi_display_set_mode] [msm-dsi-info](    0): mdp_transfer_time_us=0 us
02-23 10:16:48.884 I/[drm:dsi_display_set_mode] [msm-dsi-info](    0): hactive= 1080,vactive= 2400,fps=120
02-23 10:16:48.896 W/ALERT   (    0): changing window size from 20000000 to 8000000 at 71961040127339
02-23 10:16:49.579 D/BoundBrokerSvc( 9922): onRebind: Intent { act=com.google.android.gms.libs.gmscorelogger.service.START dat=chimera-action:/... cmp=com.google.android.gms/.chimera.PersistentDirectBootAwareApiService }
02-23 10:16:49.681 D/DisplayModeController( 1076): setDesiredMode 4630946545580055169 {mode={fps=60.00 Hz, modePtr={id=2, vsyncRate=60.00 Hz, peakRefreshRate=60.00 Hz}}, emitEvent=false, force=false}
02-23 10:16:49.685 I/SDM     ( 1035): HWDeviceDRM::UpdateMixerAttributes: Mixer WxH 1080x2400-0 for Peripheral
02-23 10:16:49.685 I/SDM     ( 1035): HWCDisplay::SubmitDisplayConfig: Active configuration changed to: 4
02-23 10:16:49.139 I/[drm:dsi_display_set_mode] [msm-dsi-info](    0): mdp_transfer_time_us=0 us
02-23 10:16:49.139 I/[drm:dsi_display_set_mode] [msm-dsi-info](    0): hactive= 1080,vactive= 2400,fps=60
02-23 10:16:49.144 W/ALERT   (    0): changing window size from 8000000 to 20000000 at 71961288163380
02-23 10:16:50.284 I/WifiHAL ( 1017): event received NL80211_CMD_VENDOR, vendor_id = 0x1374, subcmd = 0xd
02-23 10:16:50.284 I/cnss-daemon( 1479): nl80211 response handler invoked
02-23 10:16:50.284 I/cnss-daemon( 1479): nl80211_response_handler: cmd 103, vendorID 4980, subcmd 13  received
02-23 10:16:50.423 D/DisplayModeController( 1076): setDesiredMode 4630946545580055169 {mode={fps=120.00 Hz, modePtr={id=0, vsyncRate=120.00 Hz, peakRefreshRate=120.00 Hz}}, emitEvent=true, force=false}
02-23 10:16:50.435 I/SDM     ( 1035): HWDeviceDRM::UpdateMixerAttributes: Mixer WxH 1080x2400-0 for Peripheral
02-23 10:16:50.435 I/SDM     ( 1035): HWCDisplay::SubmitDisplayConfig: Active configuration changed to: 0
02-23 10:16:49.887 I/[drm:dsi_display_set_mode] [msm-dsi-info](    0): mdp_transfer_time_us=0 us
02-23 10:16:49.887 I/[drm:dsi_display_set_mode] [msm-dsi-info](    0): hactive= 1080,vactive= 2400,fps=120
02-23 10:16:49.904 W/ALERT   (    0): changing window size from 20000000 to 8000000 at 71962048138536
02-23 10:16:50.683 D/DisplayModeController( 1076): setDesiredMode 4630946545580055169 {mode={fps=60.00 Hz, modePtr={id=2, vsyncRate=60.00 Hz, peakRefreshRate=60.00 Hz}}, emitEvent=false, force=false}
02-23 10:16:50.687 I/SDM     ( 1035): HWDeviceDRM::UpdateMixerAttributes: Mixer WxH 1080x2400-0 for Peripheral
02-23 10:16:50.688 I/SDM     ( 1035): HWCDisplay::SubmitDisplayConfig: Active configuration changed to: 4
02-23 10:16:50.141 I/[drm:dsi_display_set_mode] [msm-dsi-info](    0): mdp_transfer_time_us=0 us
02-23 10:16:50.141 I/[drm:dsi_display_set_mode] [msm-dsi-info](    0): hactive= 1080,vactive= 2400,fps=60
02-23 10:16:50.144 W/ALERT   (    0): changing window size from 8000000 to 20000000 at 71962288151974
02-23 10:16:50.805 W/BestClock( 1773): java.time.DateTimeException: No network time available
02-23 10:16:50.805 W/BestClock( 1773): java.time.DateTimeException: No network time available
02-23 10:16:50.806 W/BestClock( 1773): java.time.DateTimeException: No network time available
02-23 10:16:51.103 E/AuthPII ( 9922): [RequestTokenManager] getToken() -> NETWORK_ERROR. App: com.android.chrome, Service: oauth2:https://www.googleapis.com/auth/chromesync
02-23 10:16:51.103 E/AuthPII ( 9922): becf: Error when calling server using GmsNetworkStack.
02-23 10:16:51.103 E/AuthPII ( 9922): 	at afgy.b(:com.google.android.gms@260438035@26.04.38 (260400-867839860):1608)
02-23 10:16:51.103 E/AuthPII ( 9922): 	at afgw.a(:com.google.android.gms@260438035@26.04.38 (260400-867839860):744)
02-23 10:16:51.103 E/AuthPII ( 9922): 	at afgv.b(:com.google.android.gms@260438035@26.04.38 (260400-867839860):142)
02-23 10:16:51.103 E/AuthPII ( 9922): 	at yqe.d(:com.google.android.gms@260438035@26.04.38 (260400-867839860):662)
02-23 10:16:51.103 E/AuthPII ( 9922): 	at yqe.dispatchTransaction(:com.google.android.gms@260438035@26.04.38 (260400-867839860):153)
02-23 10:16:51.103 E/AuthPII ( 9922): 	at bwds.a(:com.google.android.gms@260438035@26.04.38 (260400-867839860):72)
02-23 10:16:51.103 E/AuthPII ( 9922): 	at xyi.onTransact(:com.google.android.gms@260438035@26.04.38 (260400-867839860):23)
02-23 10:16:51.103 E/AuthPII ( 9922): 	at android.os.Binder.transact(Binder.java:1258)
02-23 10:16:51.103 E/AuthPII ( 9922): 	at cioh.onTransact(:com.google.android.gms@260438035@26.04.38 (260400-867839860):10)
02-23 10:16:51.103 E/AuthPII ( 9922): 	at android.os.Binder.transact(Binder.java:1258)
02-23 10:16:51.103 E/AuthPII ( 9922): 	at bweg.onTransact(:com.google.android.gms@260438035@26.04.38 (260400-867839860):161)
02-23 10:16:51.103 E/AuthPII ( 9922): 	at android.os.Binder.execTransactInternal(Binder.java:1406)
02-23 10:16:51.103 E/AuthPII ( 9922): 	at android.os.Binder.execTransact(Binder.java:1350)
02-23 10:16:51.103 E/AuthPII ( 9922): Caused by: becf: Error requesting token.
