02-23 10:18:44.698 I/SDM     ( 1035): HWCDisplay::SubmitDisplayConfig: Active configuration changed to: 4
02-23 10:18:44.151 I/[drm:dsi_display_set_mode] [msm-dsi-info](    0): mdp_transfer_time_us=0 us
02-23 10:18:44.151 I/[drm:dsi_display_set_mode] [msm-dsi-info](    0): hactive= 1080,vactive= 2400,fps=60
02-23 10:18:44.152 W/ALERT   (    0): changing window size from 8000000 to 20000000 at 72076296142086
02-23 10:18:45.229 W/BestClock( 1773): java.time.DateTimeException: No network time available
02-23 10:18:45.230 W/BestClock( 1773): java.time.DateTimeException: No network time available
02-23 10:18:45.230 W/BestClock( 1773): java.time.DateTimeException: No network time available
02-23 10:18:45.419 D/DisplayModeController( 1076): setDesiredMode 4630946545580055169 {mode={fps=120.00 Hz, modePtr={id=0, vsyncRate=120.00 Hz, peakRefreshRate=120.00 Hz}}, emitEvent=true, force=false}
02-23 10:18:45.430 I/SDM     ( 1035): HWDeviceDRM::UpdateMixerAttributes: Mixer WxH 1080x2400-0 for Peripheral
02-23 10:18:45.431 I/SDM     ( 1035): HWCDisplay::SubmitDisplayConfig: Active configuration changed to: 0
02-23 10:18:44.882 I/[drm:dsi_display_set_mode] [msm-dsi-info](    0): mdp_transfer_time_us=0 us
02-23 10:18:44.882 I/[drm:dsi_display_set_mode] [msm-dsi-info](    0): hactive= 1080,vactive= 2400,fps=120
02-23 10:18:44.892 W/ALERT   (    0): changing window size from 20000000 to 8000000 at 72077036156617
02-23 10:18:45.679 D/DisplayModeController( 1076): setDesiredMode 4630946545580055169 {mode={fps=60.00 Hz, modePtr={id=2, vsyncRate=60.00 Hz, peakRefreshRate=60.00 Hz}}, emitEvent=false, force=false}
02-23 10:18:45.683 I/SDM     ( 1035): HWDeviceDRM::UpdateMixerAttributes: Mixer WxH 1080x2400-0 for Peripheral
02-23 10:18:45.683 I/SDM     ( 1035): HWCDisplay::SubmitDisplayConfig: Active configuration changed to: 4
02-23 10:18:45.136 I/[drm:dsi_display_set_mode] [msm-dsi-info](    0): mdp_transfer_time_us=0 us
02-23 10:18:45.136 I/[drm:dsi_display_set_mode] [msm-dsi-info](    0): hactive= 1080,vactive= 2400,fps=60
02-23 10:18:45.140 W/ALERT   (    0): changing window size from 8000000 to 20000000 at 72077284124065
02-23 10:18:45.873 W/BestClock( 1773): java.time.DateTimeException: No network time available
02-23 10:18:45.873 W/BestClock( 1773): java.time.DateTimeException: No network time available
02-23 10:18:45.882 E/WifiStaIfaceAidlImpl( 1773): getCachedScanData failed with service-specific exception: android.os.ServiceSpecificException:  (code 4)
02-23 10:18:46.422 D/DisplayModeController( 1076): setDesiredMode 4630946545580055169 {mode={fps=120.00 Hz, modePtr={id=0, vsyncRate=120.00 Hz, peakRefreshRate=120.00 Hz}}, emitEvent=true, force=false}
02-23 10:18:46.433 I/SDM     ( 1035): HWDeviceDRM::UpdateMixerAttributes: Mixer WxH 1080x2400-0 for Peripheral
02-23 10:18:46.433 I/SDM     ( 1035): HWCDisplay::SubmitDisplayConfig: Active configuration changed to: 0
02-23 10:18:45.884 I/[drm:dsi_display_set_mode] [msm-dsi-info](    0): mdp_transfer_time_us=0 us
02-23 10:18:45.884 I/[drm:dsi_display_set_mode] [msm-dsi-info](    0): hactive= 1080,vactive= 2400,fps=120
02-23 10:18:45.900 W/ALERT   (    0): changing window size from 20000000 to 8000000 at 72078044125054
02-23 10:18:46.512 I/WifiHAL ( 1017): event received NL80211_CMD_VENDOR, vendor_id = 0x1374, subcmd = 0xd
02-23 10:18:46.512 I/cnss-daemon( 1479): nl80211 response handler invoked
02-23 10:18:46.512 I/cnss-daemon( 1479): nl80211_response_handler: cmd 103, vendorID 4980, subcmd 13  received
02-23 10:18:46.682 D/DisplayModeController( 1076): setDesiredMode 4630946545580055169 {mode={fps=60.00 Hz, modePtr={id=2, vsyncRate=60.00 Hz, peakRefreshRate=60.00 Hz}}, emitEvent=false, force=false}
02-23 10:18:46.686 I/SDM     ( 1035): HWDeviceDRM::UpdateMixerAttributes: Mixer WxH 1080x2400-0 for Peripheral
02-23 10:18:46.687 I/SDM     ( 1035): HWCDisplay::SubmitDisplayConfig: Active configuration changed to: 4
02-23 10:18:46.139 I/[drm:dsi_display_set_mode] [msm-dsi-info](    0): mdp_transfer_time_us=0 us
02-23 10:18:46.139 I/[drm:dsi_display_set_mode] [msm-dsi-info](    0): hactive= 1080,vactive= 2400,fps=60
02-23 10:18:46.140 W/ALERT   (    0): changing window size from 8000000 to 20000000 at 72078284135940
02-23 10:18:47.234 W/BestClock( 1773): java.time.DateTimeException: No network time available
02-23 10:18:47.235 W/BestClock( 1773): java.time.DateTimeException: No network time available
02-23 10:18:47.236 W/BestClock( 1773): java.time.DateTimeException: No network time available
02-23 10:18:47.425 D/DisplayModeController( 1076): setDesiredMode 4630946545580055169 {mode={fps=120.00 Hz, modePtr={id=0, vsyncRate=120.00 Hz, peakRefreshRate=120.00 Hz}}, emitEvent=true, force=false}
02-23 10:18:47.435 I/SDM     ( 1035): HWDeviceDRM::UpdateMixerAttributes: Mixer WxH 1080x2400-0 for Peripheral
02-23 10:18:47.436 I/SDM     ( 1035): HWCDisplay::SubmitDisplayConfig: Active configuration changed to: 0
02-23 10:18:46.887 I/[drm:dsi_display_set_mode] [msm-dsi-info](    0): mdp_transfer_time_us=0 us
02-23 10:18:46.887 I/[drm:dsi_display_set_mode] [msm-dsi-info](    0): hactive= 1080,vactive= 2400,fps=120
02-23 10:18:46.900 W/ALERT   (    0): changing window size from 20000000 to 8000000 at 72079044135210
02-23 10:18:47.684 D/DisplayModeController( 1076): setDesiredMode 4630946545580055169 {mode={fps=60.00 Hz, modePtr={id=2, vsyncRate=60.00 Hz, peakRefreshRate=60.00 Hz}}, emitEvent=false, force=false}
02-23 10:18:47.689 I/SDM     ( 1035): HWDeviceDRM::UpdateMixerAttributes: Mixer WxH 1080x2400-0 for Peripheral
02-23 10:18:47.689 I/SDM     ( 1035): HWCDisplay::SubmitDisplayConfig: Active configuration changed to: 4
02-23 10:18:47.142 I/[drm:dsi_display_set_mode] [msm-dsi-info](    0): mdp_transfer_time_us=0 us
02-23 10:18:47.142 I/[drm:dsi_display_set_mode] [msm-dsi-info](    0): hactive= 1080,vactive= 2400,fps=60
02-23 10:18:47.148 W/ALERT   (    0): changing window size from 8000000 to 20000000 at 72079292157346
02-23 10:18:48.104 D/BoundBrokerSvc( 9922): onUnbind: Intent { act=com.google.android.gms.libs.gmscorelogger.service.START dat=chimera-action:/... cmp=com.google.android.gms/.chimera.PersistentDirectBootAwareApiService }
02-23 10:18:48.427 D/DisplayModeController( 1076): setDesiredMode 4630946545580055169 {mode={fps=120.00 Hz, modePtr={id=0, vsyncRate=120.00 Hz, peakRefreshRate=120.00 Hz}}, emitEvent=true, force=false}
02-23 10:18:48.438 I/SDM     ( 1035): HWDeviceDRM::UpdateMixerAttributes: Mixer WxH 1080x2400-0 for Peripheral
02-23 10:18:48.438 I/SDM     ( 1035): HWCDisplay::SubmitDisplayConfig: Active configuration changed to: 0
02-23 10:18:47.890 I/[drm:dsi_display_set_mode] [msm-dsi-info](    0): mdp_transfer_time_us=0 us
02-23 10:18:47.890 I/[drm:dsi_display_set_mode] [msm-dsi-info](    0): hactive= 1080,vactive= 2400,fps=120
02-23 10:18:47.908 W/ALERT   (    0): changing window size from 20000000 to 8000000 at 72080052150210
02-23 10:18:48.515 I/WifiHAL ( 1017): event received NL80211_CMD_VENDOR, vendor_id = 0x1374, subcmd = 0xd
02-23 10:18:48.516 I/cnss-daemon( 1479): nl80211 response handler invoked
02-23 10:18:48.516 I/cnss-daemon( 1479): nl80211_response_handler: cmd 103, vendorID 4980, subcmd 13  received
02-23 10:18:48.687 D/DisplayModeController( 1076): setDesiredMode 4630946545580055169 {mode={fps=60.00 Hz, modePtr={id=2, vsyncRate=60.00 Hz, peakRefreshRate=60.00 Hz}}, emitEvent=false, force=false}
02-23 10:18:48.692 I/SDM     ( 1035): HWDeviceDRM::UpdateMixerAttributes: Mixer WxH 1080x2400-0 for Peripheral
02-23 10:18:48.692 I/SDM     ( 1035): HWCDisplay::SubmitDisplayConfig: Active configuration changed to: 4
02-23 10:18:48.145 I/[drm:dsi_display_set_mode] [msm-dsi-info](    0): mdp_transfer_time_us=0 us
02-23 10:18:48.145 I/[drm:dsi_display_set_mode] [msm-dsi-info](    0): hactive= 1080,vactive= 2400,fps=60
02-23 10:18:48.148 W/ALERT   (    0): changing window size from 8000000 to 20000000 at 72080292132866
02-23 10:18:48.830 E/AuthPII ( 9922): [RequestTokenManager] getToken() -> NETWORK_ERROR. App: com.google.android.apps.maps, Service: oauth2:https://www.googleapis.com/auth/mobilemaps.firstparty https://www.googleapis.com/auth/notifications
02-23 10:18:48.830 E/AuthPII ( 9922): becf: Error when calling server using GmsNetworkStack.
02-23 10:18:48.830 E/AuthPII ( 9922): 	at afgy.b(:com.google.android.gms@260438035@26.04.38 (260400-867839860):1608)
02-23 10:18:48.830 E/AuthPII ( 9922): 	at afgw.a(:com.google.android.gms@260438035@26.04.38 (260400-867839860):744)
02-23 10:18:48.830 E/AuthPII ( 9922): 	at afgv.b(:com.google.android.gms@260438035@26.04.38 (260400-867839860):142)
02-23 10:18:48.830 E/AuthPII ( 9922): 	at yqe.d(:com.google.android.gms@260438035@26.04.38 (260400-867839860):662)
02-23 10:18:48.830 E/AuthPII ( 9922): 	at yqe.dispatchTransaction(:com.google.android.gms@260438035@26.04.38 (260400-867839860):153)
02-23 10:18:48.830 E/AuthPII ( 9922): 	at bwds.a(:com.google.android.gms@260438035@26.04.38 (260400-867839860):72)
02-23 10:18:48.830 E/AuthPII ( 9922): 	at xyi.onTransact(:com.google.android.gms@260438035@26.04.38 (260400-867839860):23)
02-23 10:18:48.830 E/AuthPII ( 9922): 	at android.os.Binder.transact(Binder.java:1258)
02-23 10:18:48.830 E/AuthPII ( 9922): 	at cioh.onTransact(:com.google.android.gms@260438035@26.04.38 (260400-867839860):10)
02-23 10:18:48.830 E/AuthPII ( 9922): 	at android.os.Binder.transact(Binder.java:1258)
02-23 10:18:48.830 E/AuthPII ( 9922): 	at bweg.onTransact(:com.google.android.gms@260438035@26.04.38 (260400-867839860):161)
02-23 10:18:48.830 E/AuthPII ( 9922): 	at android.os.Binder.execTransactInternal(Binder.java:1406)
02-23 10:18:48.830 E/AuthPII ( 9922): 	at android.os.Binder.execTransact(Binder.java:1350)
02-23 10:18:48.830 E/AuthPII ( 9922): Caused by: becf: Error requesting token.
02-23 10:18:48.830 E/AuthPII ( 9922): 	at afgy.d(:com.google.android.gms@260438035@26.04.38 (260400-867839860):212)
02-23 10:18:48.830 E/AuthPII ( 9922): 	at afgy.b(:com.google.android.gms@260438035@26.04.38 (260400-867839860):48)
02-23 10:18:48.830 E/AuthPII ( 9922): 	... 12 more
02-23 10:18:48.830 E/AuthPII ( 9922): Caused by: java.util.concurrent.TimeoutException: Waited 30 seconds (plus 1030301 nanoseconds delay) for gxst@d88ccd0[status=PENDING, info=[inputFuture=[gxst@a86c4c9[status=PENDING, info=[inputFuture=[kqi@7cd37ce[status=PENDING, info=[tag=[GmsUrlRequestImpl.startWithFuture()]]]], function=[aeln@b5b6ef]]]], function=[afgx@6f5e5fc]]]
02-23 10:18:48.830 E/AuthPII ( 9922): 	at gxsq.v(:com.google.android.gms@260438035@26.04.38 (260400-867839860):371)
02-23 10:18:48.830 E/AuthPII ( 9922): 	at afgy.d(:com.google.android.gms@260438035@26.04.38 (260400-867839860):197)
02-23 10:18:48.830 E/AuthPII ( 9922): 	... 13 more
02-23 10:18:48.831 E/AuthPII ( 9922): Message is Error when calling server using GmsNetworkStack.
02-23 10:18:48.831 E/AuthPII ( 9922): becf: Error when calling server using GmsNetworkStack.
02-23 10:18:48.831 E/AuthPII ( 9922): 	at afgy.b(:com.google.android.gms@260438035@26.04.38 (260400-867839860):1608)
02-23 10:18:48.831 E/AuthPII ( 9922): 	at afgw.a(:com.google.android.gms@260438035@26.04.38 (260400-867839860):744)
02-23 10:18:48.831 E/AuthPII ( 9922): 	at afgv.b(:com.google.android.gms@260438035@26.04.38 (260400-867839860):142)
02-23 10:18:48.831 E/AuthPII ( 9922): 	at yqe.d(:com.google.android.gms@260438035@26.04.38 (260400-867839860):662)
02-23 10:18:48.831 E/AuthPII ( 9922): 	at yqe.dispatchTransaction(:com.google.android.gms@260438035@26.04.38 (260400-867839860):153)
02-23 10:18:48.831 E/AuthPII ( 9922): 	at bwds.a(:com.google.android.gms@260438035@26.04.38 (260400-867839860):72)
02-23 10:18:48.831 E/AuthPII ( 9922): 	at xyi.onTransact(:com.google.android.gms@260438035@26.04.38 (260400-867839860):23)
02-23 10:18:48.831 E/AuthPII ( 9922): 	at android.os.Binder.transact(Binder.java:1258)
02-23 10:18:48.831 E/AuthPII ( 9922): 	at cioh.onTransact(:com.google.android.gms@260438035@26.04.38 (260400-867839860):10)
02-23 10:18:48.831 E/AuthPII ( 9922): 	at android.os.Binder.transact(Binder.java:1258)
02-23 10:18:48.831 E/AuthPII ( 9922): 	at bweg.onTransact(:com.google.android.gms@260438035@26.04.38 (260400-867839860):161)
02-23 10:18:48.831 E/AuthPII ( 9922): 	at android.os.Binder.execTransactInternal(Binder.java:1406)
02-23 10:18:48.831 E/AuthPII ( 9922): 	at android.os.Binder.execTransact(Binder.java:1350)
02-23 10:18:48.831 E/AuthPII ( 9922): Caused by: becf: Error requesting token.
02-23 10:18:48.831 E/AuthPII ( 9922): 	at afgy.d(:com.google.android.gms@260438035@26.04.38 (260400-867839860):212)
02-23 10:18:48.831 E/AuthPII ( 9922): 	at afgy.b(:com.google.android.gms@260438035@26.04.38 (260400-867839860):48)
02-23 10:18:48.831 E/AuthPII ( 9922): 	... 12 more
02-23 10:18:48.831 E/AuthPII ( 9922): Caused by: java.util.concurrent.TimeoutException: Waited 30 seconds (plus 1030301 nanoseconds delay) for gxst@d88ccd0[status=PENDING, info=[inputFuture=[gxst@a86c4c9[status=PENDING, info=[inputFuture=[kqi@7cd37ce[status=PENDING, info=[tag=[GmsUrlRequestImpl.startWithFuture()]]]], function=[aeln@b5b6ef]]]], function=[afgx@6f5e5fc]]]
02-23 10:18:48.831 E/AuthPII ( 9922): 	at gxsq.v(:com.google.android.gms@260438035@26.04.38 (260400-867839860):371)
02-23 10:18:48.831 E/AuthPII ( 9922): 	at afgy.d(:com.google.android.gms@260438035@26.04.38 (260400-867839860):197)
02-23 10:18:48.831 E/AuthPII ( 9922): 	... 13 more
02-23 10:18:48.832 I/Auth    ( 9922): [GetToken] GetToken failed for app=com.google.android.apps.maps with non recoverable status code: NetworkError  [CONTEXT service_id=343 ]
02-23 10:18:48.834 W/Auth    ( 9922): [ChimeraGetToken] exception while trying to fetch auth tokens for app=com.google.android.apps.maps, scope=oauth2:https://www.googleapis.com/auth/mobilemaps.firstparty https://www.googleapis.com/auth/notifications [CONTEXT service_id=153 ]
02-23 10:18:48.834 W/Auth    ( 9922): afgq: GetToken failed with status code: NetworkError
02-23 10:18:48.834 W/Auth    ( 9922): 	at afgv.b(:com.google.android.gms@260438035@26.04.38 (260400-867839860):346)
02-23 10:18:48.834 W/Auth    ( 9922): 	at yqe.d(:com.google.android.gms@260438035@26.04.38 (260400-867839860):662)
02-23 10:18:48.834 W/Auth    ( 9922): 	at yqe.dispatchTransaction(:com.google.android.gms@260438035@26.04.38 (260400-867839860):153)
02-23 10:18:48.834 W/Auth    ( 9922): 	at bwds.a(:com.google.android.gms@260438035@26.04.38 (260400-867839860):72)
02-23 10:18:48.834 W/Auth    ( 9922): 	at xyi.onTransact(:com.google.android.gms@260438035@26.04.38 (260400-867839860):23)
02-23 10:18:48.834 W/Auth    ( 9922): 	at android.os.Binder.transact(Binder.java:1258)
02-23 10:18:48.834 W/Auth    ( 9922): 	at cioh.onTransact(:com.google.android.gms@260438035@26.04.38 (260400-867839860):10)
02-23 10:18:48.834 W/Auth    ( 9922): 	at android.os.Binder.transact(Binder.java:1258)
02-23 10:18:48.834 W/Auth    ( 9922): 	at bweg.onTransact(:com.google.android.gms@260438035@26.04.38 (260400-867839860):161)
02-23 10:18:48.834 W/Auth    ( 9922): 	at android.os.Binder.execTransactInternal(Binder.java:1406)
02-23 10:18:48.834 W/Auth    ( 9922): 	at android.os.Binder.execTransact(Binder.java:1350)
02-23 10:18:48.836 W/GMM-GaiaAuthToken(11399): IOException[IOException, NETWORK_ERROR[NetworkError]], oauth2:https://www.googleapis.com/auth/mobilemaps.firstparty https://www.googleapis.com/auth/notifications
02-23 10:18:48.894 W/BestClock( 1773): java.time.DateTimeException: No network time available
02-23 10:18:48.895 W/BestClock( 1773): java.time.DateTimeException: No network time available
02-23 10:18:48.895 W/BestClock( 1773): java.time.DateTimeException: No network time available
02-23 10:18:48.904 E/WifiStaIfaceAidlImpl( 1773): getCachedScanData failed with service-specific exception: android.os.ServiceSpecificException:  (code 4)
02-23 10:18:49.240 W/BestClock( 1773): java.time.DateTimeException: No network time available
02-23 10:18:49.241 W/BestClock( 1773): java.time.DateTimeException: No network time available
02-23 10:18:49.431 D/DisplayModeController( 1076): setDesiredMode 4630946545580055169 {mode={fps=120.00 Hz, modePtr={id=0, vsyncRate=120.00 Hz, peakRefreshRate=120.00 Hz}}, emitEvent=true, force=false}
02-23 10:18:49.440 I/SDM     ( 1035): HWDeviceDRM::UpdateMixerAttributes: Mixer WxH 1080x2400-0 for Peripheral
02-23 10:18:49.440 I/SDM     ( 1035): HWCDisplay::SubmitDisplayConfig: Active configuration changed to: 0
02-23 10:18:48.892 I/[drm:dsi_display_set_mode] [msm-dsi-info](    0): mdp_transfer_time_us=0 us
02-23 10:18:48.892 I/[drm:dsi_display_set_mode] [msm-dsi-info](    0): hactive= 1080,vactive= 2400,fps=120
02-23 10:18:48.909 W/ALERT   (    0): changing window size from 20000000 to 8000000 at 72081052333543
02-23 10:18:49.690 D/DisplayModeController( 1076): setDesiredMode 4630946545580055169 {mode={fps=60.00 Hz, modePtr={id=2, vsyncRate=60.00 Hz, peakRefreshRate=60.00 Hz}}, emitEvent=false, force=false}
02-23 10:18:49.694 I/SDM     ( 1035): HWDeviceDRM::UpdateMixerAttributes: Mixer WxH 1080x2400-0 for Peripheral
02-23 10:18:49.694 I/SDM     ( 1035): HWCDisplay::SubmitDisplayConfig: Active configuration changed to: 4
02-23 10:18:49.147 I/[drm:dsi_display_set_mode] [msm-dsi-info](    0): mdp_transfer_time_us=0 us
02-23 10:18:49.147 I/[drm:dsi_display_set_mode] [msm-dsi-info](    0): hactive= 1080,vactive= 2400,fps=60
02-23 10:18:49.148 W/ALERT   (    0): changing window size from 8000000 to 20000000 at 72081292157241
02-23 10:18:50.433 D/DisplayModeController( 1076): setDesiredMode 4630946545580055169 {mode={fps=120.00 Hz, modePtr={id=0, vsyncRate=120.00 Hz, peakRefreshRate=120.00 Hz}}, emitEvent=true, force=false}
02-23 10:18:50.442 I/SDM     ( 1035): HWDeviceDRM::UpdateMixerAttributes: Mixer WxH 1080x2400-0 for Peripheral
02-23 10:18:50.443 I/SDM     ( 1035): HWCDisplay::SubmitDisplayConfig: Active configuration changed to: 0
02-23 10:18:49.894 I/[drm:dsi_display_set_mode] [msm-dsi-info](    0): mdp_transfer_time_us=0 us
02-23 10:18:49.894 I/[drm:dsi_display_set_mode] [msm-dsi-info](    0): hactive= 1080,vactive= 2400,fps=120
02-23 10:18:49.908 W/ALERT   (    0): changing window size from 20000000 to 8000000 at 72082052135834
02-23 10:18:50.518 I/cnss-daemon( 1479): nl80211 response handler invoked
02-23 10:18:50.518 I/cnss-daemon( 1479): nl80211_response_handler: cmd 103, vendorID 4980, subcmd 13  received
02-23 10:18:50.518 I/WifiHAL ( 1017): event received NL80211_CMD_VENDOR, vendor_id = 0x1374, subcmd = 0xd
02-23 10:18:50.692 D/DisplayModeController( 1076): setDesiredMode 4630946545580055169 {mode={fps=60.00 Hz, modePtr={id=2, vsyncRate=60.00 Hz, peakRefreshRate=60.00 Hz}}, emitEvent=false, force=false}
02-23 10:18:50.697 I/SDM     ( 1035): HWDeviceDRM::UpdateMixerAttributes: Mixer WxH 1080x2400-0 for Peripheral
02-23 10:18:50.697 I/SDM     ( 1035): HWCDisplay::SubmitDisplayConfig: Active configuration changed to: 4
02-23 10:18:50.151 I/[drm:dsi_display_set_mode] [msm-dsi-info](    0): mdp_transfer_time_us=0 us
02-23 10:18:50.151 I/[drm:dsi_display_set_mode] [msm-dsi-info](    0): hactive= 1080,vactive= 2400,fps=60
02-23 10:18:50.156 W/ALERT   (    0): changing window size from 8000000 to 20000000 at 72082300132813
02-23 10:18:50.258 W/smb     (    0): 01:1000 45 28 00 55 00 98 00 00 6c 00 ff ff c0 00 03 03 00 00 00 00 00 38 2e 3f 60 7f 00 01 01 03 00 00 00 00 00 00 00 01 78 04 02 03 07 60 fd 30 00 a3 02 0a 0a 00 00 55
02-23 10:18:50.258 W/smb     (    0): 01:1300 01 11 01 01 00 00 00 00 00 00 10 ff 3f 00 df df 00 00 00 00 00 00 00 40 00 00 48 00 00 00 00 07 00 5c 38 11 a1 03 00 00 7f 00 00 00 00 00 00 0a d4 00 00 00 00
02-23 10:18:50.259 W/smb     (    0): 01:1500 08 00 00 23 39 2b 00 06 fe 00 00 ff ff 02 00 6d 6d 00 00 00 00 00 00 00 10 00 01 00 00 00 07 00 01 00 03 00 06 00 01 00 01 00 01 01 01 00 07 00 00 00 00 00 40 00 00 00 03 00 00 00 12 00 00 00 00 00 00 00 00 00 00 10
02-23 10:18:50.259 I/pm7250b_charger(    0): smblib_reg_work: ICL vote value is 500000 voted by USB_PSY_VOTER
02-23 10:18:50.259 I/pm7250b_charger(    0): smblib_reg_work: FCC vote value is 6000000 voted by HW_LIMIT_VOTER
02-23 10:18:50.259 I/pm7250b_charger(    0): smblib_reg_work: FV vote value is 4450000 voted by NON_FFC_VFLOAT_VOTER
02-23 10:18:50.262 I/pm7250b_charger(    0): smblib_reg_work: ICL settle value[500000], usbin adc current[138840], vbusin adc vol[5085456]
02-23 10:18:50.262 I/pm7250b_charger(    0): smblib_reg_work: AICL_STS[500000]
02-23 10:18:50.262 I/pm7250b_charger(    0): smblib_reg_work: Type-C orientation[2], Type-C mode[6], Real Charger Type[4]
02-23 10:18:50.661 I/pm7250b_charger(    0): smblib_set_charge_param: float voltage = 4450000 (0x55)
02-23 10:18:50.662 I/pm7250b_charger(    0): smblib_run_aicl: re-running AICL
02-23 10:18:50.666 I/QG-K    (    0): qg_status_change_work: charge_status=4 charge_done=1
02-23 10:18:50.670 I/QG-K    (    0): qg_charge_full_update: msoc=100 health=1 charge_full=1 charge_done=1
02-23 10:18:50.674 I/QG-K    (    0): qg_status_change_work: charge_status=4 charge_done=1
02-23 10:18:50.679 I/QG-K    (    0): qg_charge_full_update: msoc=100 health=1 charge_full=1 charge_done=1
02-23 10:18:50.683 W/healthd (    0): battery l=100 v=4410 t=26.9 h=2 st=5 c=-610 fc=4775000 cc=14 chg=u
02-23 10:18:51.246 W/BestClock( 1773): java.time.DateTimeException: No network time available
02-23 10:18:51.247 W/BestClock( 1773): java.time.DateTimeException: No network time available
02-23 10:18:51.248 W/BestClock( 1773): java.time.DateTimeException: No network time available
02-23 10:18:50.699 W/healthd (    0): battery l=100 v=4410 t=26.9 h=2 st=5 c=-610 fc=4775000 cc=14 chg=u
02-23 10:18:51.435 D/DisplayModeController( 1076): setDesiredMode 4630946545580055169 {mode={fps=120.00 Hz, modePtr={id=0, vsyncRate=120.00 Hz, peakRefreshRate=120.00 Hz}}, emitEvent=true, force=false}
02-23 10:18:51.445 I/SDM     ( 1035): HWDeviceDRM::UpdateMixerAttributes: Mixer WxH 1080x2400-0 for Peripheral
02-23 10:18:51.446 I/SDM     ( 1035): HWCDisplay::SubmitDisplayConfig: Active configuration changed to: 0
02-23 10:18:50.896 W/ALERT   (    0): changing window size from 20000000 to 8000000 at 72083040161042
02-23 10:18:50.897 I/[drm:dsi_display_set_mode] [msm-dsi-info](    0): mdp_transfer_time_us=0 us
02-23 10:18:50.897 I/[drm:dsi_display_set_mode] [msm-dsi-info](    0): hactive= 1080,vactive= 2400,fps=120
02-23 10:18:51.695 D/DisplayModeController( 1076): setDesiredMode 4630946545580055169 {mode={fps=60.00 Hz, modePtr={id=2, vsyncRate=60.00 Hz, peakRefreshRate=60.00 Hz}}, emitEvent=false, force=false}
02-23 10:18:51.699 I/SDM     ( 1035): HWDeviceDRM::UpdateMixerAttributes: Mixer WxH 1080x2400-0 for Peripheral
02-23 10:18:51.699 I/SDM     ( 1035): HWCDisplay::SubmitDisplayConfig: Active configuration changed to: 4
02-23 10:18:51.152 W/ALERT   (    0): changing window size from 8000000 to 20000000 at 72083296145573
02-23 10:18:51.153 I/[drm:dsi_display_set_mode] [msm-dsi-info](    0): mdp_transfer_time_us=0 us
02-23 10:18:51.153 I/[drm:dsi_display_set_mode] [msm-dsi-info](    0): hactive= 1080,vactive= 2400,fps=60
02-23 10:18:51.914 W/BestClock( 1773): java.time.DateTimeException: No network time available
02-23 10:18:51.915 W/BestClock( 1773): java.time.DateTimeException: No network time available
02-23 10:18:51.923 E/WifiStaIfaceAidlImpl( 1773): getCachedScanData failed with service-specific exception: android.os.ServiceSpecificException:  (code 4)
02-23 10:18:52.363 I/netd    (  851): setProcSysNet(4, 2, wlan0, retrans_time_ms, 750) <0.33ms>
02-23 10:18:52.365 I/netd    (  851): setProcSysNet(4, 2, wlan0, ucast_solicit, 10) <0.14ms>
02-23 10:18:52.366 I/netd    (  851): setProcSysNet(6, 2, wlan0, retrans_time_ms, 750) <0.25ms>
02-23 10:18:52.367 I/netd    (  851): setProcSysNet(6, 2, wlan0, ucast_solicit, 10) <0.49ms>
02-23 10:18:52.420 D/DisplayModeController( 1076): setDesiredMode 4630946545580055169 {mode={fps=120.00 Hz, modePtr={id=0, vsyncRate=120.00 Hz, peakRefreshRate=120.00 Hz}}, emitEvent=true, force=false}
02-23 10:18:52.431 I/SDM     ( 1035): HWDeviceDRM::UpdateMixerAttributes: Mixer WxH 1080x2400-0 for Peripheral
02-23 10:18:52.432 I/SDM     ( 1035): HWCDisplay::SubmitDisplayConfig: Active configuration changed to: 0
02-23 10:18:51.883 I/[drm:dsi_display_set_mode] [msm-dsi-info](    0): mdp_transfer_time_us=0 us
02-23 10:18:51.883 I/[drm:dsi_display_set_mode] [msm-dsi-info](    0): hactive= 1080,vactive= 2400,fps=120
02-23 10:18:51.892 W/ALERT   (    0): changing window size from 20000000 to 8000000 at 72084036210313
02-23 10:18:52.518 I/cnss-daemon( 1479): nl80211 response handler invoked
02-23 10:18:52.518 I/cnss-daemon( 1479): nl80211_response_handler: cmd 103, vendorID 4980, subcmd 13  received
02-23 10:18:52.518 I/WifiHAL ( 1017): event received NL80211_CMD_VENDOR, vendor_id = 0x1374, subcmd = 0xd
02-23 10:18:52.680 D/DisplayModeController( 1076): setDesiredMode 4630946545580055169 {mode={fps=60.00 Hz, modePtr={id=2, vsyncRate=60.00 Hz, peakRefreshRate=60.00 Hz}}, emitEvent=false, force=false}
02-23 10:18:52.684 I/SDM     ( 1035): HWDeviceDRM::UpdateMixerAttributes: Mixer WxH 1080x2400-0 for Peripheral
02-23 10:18:52.684 I/SDM     ( 1035): HWCDisplay::SubmitDisplayConfig: Active configuration changed to: 4
02-23 10:18:52.138 I/[drm:dsi_display_set_mode] [msm-dsi-info](    0): mdp_transfer_time_us=0 us
02-23 10:18:52.138 I/[drm:dsi_display_set_mode] [msm-dsi-info](    0): hactive= 1080,vactive= 2400,fps=60
02-23 10:18:52.140 W/ALERT   (    0): changing window size from 8000000 to 20000000 at 72084284145260
02-23 10:18:53.253 W/BestClock( 1773): java.time.DateTimeException: No network time available
02-23 10:18:53.253 W/BestClock( 1773): java.time.DateTimeException: No network time available
02-23 10:18:53.255 W/BestClock( 1773): java.time.DateTimeException: No network time available
02-23 10:18:53.423 D/DisplayModeController( 1076): setDesiredMode 4630946545580055169 {mode={fps=120.00 Hz, modePtr={id=0, vsyncRate=120.00 Hz, peakRefreshRate=120.00 Hz}}, emitEvent=true, force=false}
02-23 10:18:53.434 I/SDM     ( 1035): HWDeviceDRM::UpdateMixerAttributes: Mixer WxH 1080x2400-0 for Peripheral
02-23 10:18:53.434 I/SDM     ( 1035): HWCDisplay::SubmitDisplayConfig: Active configuration changed to: 0
02-23 10:18:52.886 I/[drm:dsi_display_set_mode] [msm-dsi-info](    0): mdp_transfer_time_us=0 us
02-23 10:18:52.886 I/[drm:dsi_display_set_mode] [msm-dsi-info](    0): hactive= 1080,vactive= 2400,fps=120
02-23 10:18:52.900 W/ALERT   (    0): changing window size from 20000000 to 8000000 at 72085044146250
02-23 10:18:53.683 D/DisplayModeController( 1076): setDesiredMode 4630946545580055169 {mode={fps=60.00 Hz, modePtr={id=2, vsyncRate=60.00 Hz, peakRefreshRate=60.00 Hz}}, emitEvent=false, force=false}
02-23 10:18:53.687 I/SDM     ( 1035): HWDeviceDRM::UpdateMixerAttributes: Mixer WxH 1080x2400-0 for Peripheral
02-23 10:18:53.688 I/SDM     ( 1035): HWCDisplay::SubmitDisplayConfig: Active configuration changed to: 4
02-23 10:18:53.140 W/ALERT   (    0): changing window size from 8000000 to 20000000 at 72085284156666
02-23 10:18:53.141 I/[drm:dsi_display_set_mode] [msm-dsi-info](    0): mdp_transfer_time_us=0 us
02-23 10:18:53.141 I/[drm:dsi_display_set_mode] [msm-dsi-info](    0): hactive= 1080,vactive= 2400,fps=60
02-23 10:18:53.885 E/PlayCommon(31484): [58] Failed to connect to server for server timestamp: java.net.SocketTimeoutException: failed to connect to play.googleapis.com/216.239.36.223 (port 443) from /192.168.0.109 (port 41592) after 40000ms: isConnected failed: ETIMEDOUT (Connection timed out)
02-23 10:18:54.426 D/DisplayModeController( 1076): setDesiredMode 4630946545580055169 {mode={fps=120.00 Hz, modePtr={id=0, vsyncRate=120.00 Hz, peakRefreshRate=120.00 Hz}}, emitEvent=true, force=false}
02-23 10:18:54.436 I/SDM     ( 1035): HWDeviceDRM::UpdateMixerAttributes: Mixer WxH 1080x2400-0 for Peripheral
02-23 10:18:54.437 I/SDM     ( 1035): HWCDisplay::SubmitDisplayConfig: Active configuration changed to: 0
02-23 10:18:53.888 I/[drm:dsi_display_set_mode] [msm-dsi-info](    0): mdp_transfer_time_us=0 us
02-23 10:18:53.888 I/[drm:dsi_display_set_mode] [msm-dsi-info](    0): hactive= 1080,vactive= 2400,fps=120
02-23 10:18:53.900 W/ALERT   (    0): changing window size from 20000000 to 8000000 at 72086044122760
02-23 10:18:54.524 I/WifiHAL ( 1017): event received NL80211_CMD_VENDOR, vendor_id = 0x1374, subcmd = 0xd
02-23 10:18:54.525 I/cnss-daemon( 1479): nl80211 response handler invoked
02-23 10:18:54.525 I/cnss-daemon( 1479): nl80211_response_handler: cmd 103, vendorID 4980, subcmd 13  received
02-23 10:18:54.686 D/DisplayModeController( 1076): setDesiredMode 4630946545580055169 {mode={fps=60.00 Hz, modePtr={id=2, vsyncRate=60.00 Hz, peakRefreshRate=60.00 Hz}}, emitEvent=false, force=false}
02-23 10:18:54.690 I/SDM     ( 1035): HWDeviceDRM::UpdateMixerAttributes: Mixer WxH 1080x2400-0 for Peripheral
02-23 10:18:54.691 I/SDM     ( 1035): HWCDisplay::SubmitDisplayConfig: Active configuration changed to: 4
02-23 10:18:54.143 I/[drm:dsi_display_set_mode] [msm-dsi-info](    0): mdp_transfer_time_us=0 us
02-23 10:18:54.143 I/[drm:dsi_display_set_mode] [msm-dsi-info](    0): hactive= 1080,vactive= 2400,fps=60
02-23 10:18:54.148 W/ALERT   (    0): changing window size from 8000000 to 20000000 at 72086292160103
02-23 10:18:54.935 W/BestClock( 1773): java.time.DateTimeException: No network time available
02-23 10:18:54.936 W/BestClock( 1773): java.time.DateTimeException: No network time available
02-23 10:18:54.936 W/BestClock( 1773): java.time.DateTimeException: No network time available
02-23 10:18:54.945 E/WifiStaIfaceAidlImpl( 1773): getCachedScanData failed with service-specific exception: android.os.ServiceSpecificException:  (code 4)
02-23 10:18:55.260 W/BestClock( 1773): java.time.DateTimeException: No network time available
02-23 10:18:55.261 W/BestClock( 1773): java.time.DateTimeException: No network time available
02-23 10:18:55.428 D/DisplayModeController( 1076): setDesiredMode 4630946545580055169 {mode={fps=120.00 Hz, modePtr={id=0, vsyncRate=120.00 Hz, peakRefreshRate=120.00 Hz}}, emitEvent=true, force=false}
02-23 10:18:55.439 I/SDM     ( 1035): HWDeviceDRM::UpdateMixerAttributes: Mixer WxH 1080x2400-0 for Peripheral
02-23 10:18:55.440 I/SDM     ( 1035): HWCDisplay::SubmitDisplayConfig: Active configuration changed to: 0
02-23 10:18:54.891 I/[drm:dsi_display_set_mode] [msm-dsi-info](    0): mdp_transfer_time_us=0 us
02-23 10:18:54.891 I/[drm:dsi_display_set_mode] [msm-dsi-info](    0): hactive= 1080,vactive= 2400,fps=120
02-23 10:18:54.908 W/ALERT   (    0): changing window size from 20000000 to 8000000 at 72087052113905
02-23 10:18:55.528 E/WifiStaIfaceAidlImpl( 1773): getCachedScanData failed with service-specific exception: android.os.ServiceSpecificException:  (code 4)
02-23 10:18:55.537 I/netd    (  851): tetherGetStats() -> {[]} <2.65ms>
02-23 10:18:55.688 D/DisplayModeController( 1076): setDesiredMode 4630946545580055169 {mode={fps=60.00 Hz, modePtr={id=2, vsyncRate=60.00 Hz, peakRefreshRate=60.00 Hz}}, emitEvent=false, force=false}
02-23 10:18:55.692 I/SDM     ( 1035): HWDeviceDRM::UpdateMixerAttributes: Mixer WxH 1080x2400-0 for Peripheral
02-23 10:18:55.692 I/SDM     ( 1035): HWCDisplay::SubmitDisplayConfig: Active configuration changed to: 4
02-23 10:18:55.145 I/[drm:dsi_display_set_mode] [msm-dsi-info](    0): mdp_transfer_time_us=0 us
02-23 10:18:55.145 I/[drm:dsi_display_set_mode] [msm-dsi-info](    0): hactive= 1080,vactive= 2400,fps=60
02-23 10:18:55.148 W/ALERT   (    0): changing window size from 8000000 to 20000000 at 72087292156718
02-23 10:18:56.431 D/DisplayModeController( 1076): setDesiredMode 4630946545580055169 {mode={fps=120.00 Hz, modePtr={id=0, vsyncRate=120.00 Hz, peakRefreshRate=120.00 Hz}}, emitEvent=true, force=false}
02-23 10:18:56.441 I/SDM     ( 1035): HWDeviceDRM::UpdateMixerAttributes: Mixer WxH 1080x2400-0 for Peripheral
02-23 10:18:55.893 I/[drm:dsi_display_set_mode] [msm-dsi-info](    0): mdp_transfer_time_us=0 us
02-23 10:18:56.441 I/SDM     ( 1035): HWCDisplay::SubmitDisplayConfig: Active configuration changed to: 0
02-23 10:18:55.893 I/[drm:dsi_display_set_mode] [msm-dsi-info](    0): hactive= 1080,vactive= 2400,fps=120
02-23 10:18:55.908 W/ALERT   (    0): changing window size from 20000000 to 8000000 at 72088052111457
02-23 10:18:56.528 I/WifiHAL ( 1017): event received NL80211_CMD_VENDOR, vendor_id = 0x1374, subcmd = 0xd
02-23 10:18:56.529 I/cnss-daemon( 1479): nl80211 response handler invoked
02-23 10:18:56.529 I/cnss-daemon( 1479): nl80211_response_handler: cmd 103, vendorID 4980, subcmd 13  received
02-23 10:18:56.103 E/gsi soc (    0): qcom,msm_gsi: gsi_config_channel_mode:3837 already in requested mode 1 chan_hdl=6
02-23 10:18:56.692 D/DisplayModeController( 1076): setDesiredMode 4630946545580055169 {mode={fps=60.00 Hz, modePtr={id=2, vsyncRate=60.00 Hz, peakRefreshRate=60.00 Hz}}, emitEvent=false, force=false}
02-23 10:18:56.696 I/SDM     ( 1035): HWDeviceDRM::UpdateMixerAttributes: Mixer WxH 1080x2400-0 for Peripheral
02-23 10:18:56.696 I/SDM     ( 1035): HWCDisplay::SubmitDisplayConfig: Active configuration changed to: 4
02-23 10:18:56.149 I/[drm:dsi_display_set_mode] [msm-dsi-info](    0): mdp_transfer_time_us=0 us
02-23 10:18:56.149 I/[drm:dsi_display_set_mode] [msm-dsi-info](    0): hactive= 1080,vactive= 2400,fps=60
02-23 10:18:56.156 W/ALERT   (    0): changing window size from 8000000 to 20000000 at 72088300158853
02-23 10:18:57.266 W/BestClock( 1773): java.time.DateTimeException: No network time available
02-23 10:18:57.267 W/BestClock( 1773): java.time.DateTimeException: No network time available
02-23 10:18:57.268 W/BestClock( 1773): java.time.DateTimeException: No network time available
02-23 10:18:57.434 D/DisplayModeController( 1076): setDesiredMode 4630946545580055169 {mode={fps=120.00 Hz, modePtr={id=0, vsyncRate=120.00 Hz, peakRefreshRate=120.00 Hz}}, emitEvent=true, force=false}
02-23 10:18:57.443 I/SDM     ( 1035): HWDeviceDRM::UpdateMixerAttributes: Mixer WxH 1080x2400-0 for Peripheral
02-23 10:18:57.444 I/SDM     ( 1035): HWCDisplay::SubmitDisplayConfig: Active configuration changed to: 0
02-23 10:18:56.895 I/[drm:dsi_display_set_mode] [msm-dsi-info](    0): mdp_transfer_time_us=0 us
02-23 10:18:56.895 I/[drm:dsi_display_set_mode] [msm-dsi-info](    0): hactive= 1080,vactive= 2400,fps=120
02-23 10:18:56.896 W/ALERT   (    0): changing window size from 20000000 to 8000000 at 72089040226821
02-23 10:18:57.692 D/DisplayModeController( 1076): setDesiredMode 4630946545580055169 {mode={fps=60.00 Hz, modePtr={id=2, vsyncRate=60.00 Hz, peakRefreshRate=60.00 Hz}}, emitEvent=false, force=false}
02-23 10:18:57.697 I/SDM     ( 1035): HWDeviceDRM::UpdateMixerAttributes: Mixer WxH 1080x2400-0 for Peripheral
02-23 10:18:57.698 I/SDM     ( 1035): HWCDisplay::SubmitDisplayConfig: Active configuration changed to: 4
02-23 10:18:57.151 I/[drm:dsi_display_set_mode] [msm-dsi-info](    0): mdp_transfer_time_us=0 us
02-23 10:18:57.151 I/[drm:dsi_display_set_mode] [msm-dsi-info](    0): hactive= 1080,vactive= 2400,fps=60
02-23 10:18:57.152 W/ALERT   (    0): changing window size from 8000000 to 20000000 at 72089296146456
02-23 10:18:57.956 W/BestClock( 1773): java.time.DateTimeException: No network time available
02-23 10:18:57.957 W/BestClock( 1773): java.time.DateTimeException: No network time available
02-23 10:18:57.966 E/WifiStaIfaceAidlImpl( 1773): getCachedScanData failed with service-specific exception: android.os.ServiceSpecificException:  (code 4)
02-23 10:18:58.430 D/WifiConfigStore( 1773): Writing to stores completed in 11 ms.
02-23 10:18:58.435 D/DisplayModeController( 1076): setDesiredMode 4630946545580055169 {mode={fps=120.00 Hz, modePtr={id=0, vsyncRate=120.00 Hz, peakRefreshRate=120.00 Hz}}, emitEvent=true, force=false}
02-23 10:18:58.446 I/SDM     ( 1035): HWDeviceDRM::UpdateMixerAttributes: Mixer WxH 1080x2400-0 for Peripheral
02-23 10:18:58.446 I/SDM     ( 1035): HWCDisplay::SubmitDisplayConfig: Active configuration changed to: 0
02-23 10:18:57.897 I/[drm:dsi_display_set_mode] [msm-dsi-info](    0): mdp_transfer_time_us=0 us
02-23 10:18:57.897 I/[drm:dsi_display_set_mode] [msm-dsi-info](    0): hactive= 1080,vactive= 2400,fps=120
02-23 10:18:57.913 W/ALERT   (    0): changing window size from 20000000 to 8000000 at 72090056317133
02-23 10:18:58.527 I/WifiHAL ( 1017): event received NL80211_CMD_VENDOR, vendor_id = 0x1374, subcmd = 0xd
02-23 10:18:58.528 I/cnss-daemon( 1479): nl80211 response handler invoked
02-23 10:18:58.528 I/cnss-daemon( 1479): nl80211_response_handler: cmd 103, vendorID 4980, subcmd 13  received
02-23 10:18:58.695 D/DisplayModeController( 1076): setDesiredMode 4630946545580055169 {mode={fps=60.00 Hz, modePtr={id=2, vsyncRate=60.00 Hz, peakRefreshRate=60.00 Hz}}, emitEvent=false, force=false}
02-23 10:18:58.699 I/SDM     ( 1035): HWDeviceDRM::UpdateMixerAttributes: Mixer WxH 1080x2400-0 for Peripheral
02-23 10:18:58.700 I/SDM     ( 1035): HWCDisplay::SubmitDisplayConfig: Active configuration changed to: 4
02-23 10:18:58.152 W/ALERT   (    0): changing window size from 8000000 to 20000000 at 72090296137029
02-23 10:18:58.153 I/[drm:dsi_display_set_mode] [msm-dsi-info](    0): mdp_transfer_time_us=0 us
02-23 10:18:58.153 I/[drm:dsi_display_set_mode] [msm-dsi-info](    0): hactive= 1080,vactive= 2400,fps=60
02-23 10:18:58.819 D/BackgroundInstallControlService( 1773): Package event received: 0
02-23 10:18:59.272 W/BestClock( 1773): java.time.DateTimeException: No network time available
02-23 10:18:59.273 W/BestClock( 1773): java.time.DateTimeException: No network time available
02-23 10:18:59.275 W/BestClock( 1773): java.time.DateTimeException: No network time available
02-23 10:18:58.842 I/pm7250b_charger(    0): smblib_set_charge_param: float voltage = 4450000 (0x55)
02-23 10:18:58.843 I/pm7250b_charger(    0): smblib_run_aicl: re-running AICL
02-23 10:18:58.847 I/QG-K    (    0): qg_status_change_work: charge_status=4 charge_done=1
02-23 10:18:58.858 W/healthd (    0): battery l=100 v=4410 t=26.9 h=2 st=5 c=-915 fc=4775000 cc=14 chg=u
02-23 10:18:58.858 I/QG-K    (    0): qg_charge_full_update: msoc=100 health=1 charge_full=1 charge_done=1
02-23 10:18:58.859 I/QG-K    (    0): qg_status_change_work: charge_status=4 charge_done=1
02-23 10:18:59.421 D/DisplayModeController( 1076): setDesiredMode 4630946545580055169 {mode={fps=120.00 Hz, modePtr={id=0, vsyncRate=120.00 Hz, peakRefreshRate=120.00 Hz}}, emitEvent=true, force=false}
02-23 10:18:58.864 I/QG-K    (    0): qg_charge_full_update: msoc=100 health=1 charge_full=1 charge_done=1
02-23 10:18:58.876 W/healthd (    0): battery l=100 v=4410 t=26.9 h=2 st=5 c=-915 fc=4775000 cc=14 chg=u
02-23 10:18:59.431 I/SDM     ( 1035): HWDeviceDRM::UpdateMixerAttributes: Mixer WxH 1080x2400-0 for Peripheral
02-23 10:18:59.432 I/SDM     ( 1035): HWCDisplay::SubmitDisplayConfig: Active configuration changed to: 0
02-23 10:18:58.883 I/[drm:dsi_display_set_mode] [msm-dsi-info](    0): mdp_transfer_time_us=0 us
02-23 10:18:58.883 I/[drm:dsi_display_set_mode] [msm-dsi-info](    0): hactive= 1080,vactive= 2400,fps=120
02-23 10:18:58.892 W/ALERT   (    0): changing window size from 20000000 to 8000000 at 72091036120102
02-23 10:18:59.680 D/DisplayModeController( 1076): setDesiredMode 4630946545580055169 {mode={fps=60.00 Hz, modePtr={id=2, vsyncRate=60.00 Hz, peakRefreshRate=60.00 Hz}}, emitEvent=false, force=false}
02-23 10:18:59.685 I/SDM     ( 1035): HWDeviceDRM::UpdateMixerAttributes: Mixer WxH 1080x2400-0 for Peripheral
02-23 10:18:59.685 I/SDM     ( 1035): HWCDisplay::SubmitDisplayConfig: Active configuration changed to: 4
02-23 10:18:59.139 I/[drm:dsi_display_set_mode] [msm-dsi-info](    0): mdp_transfer_time_us=0 us
02-23 10:18:59.139 I/[drm:dsi_display_set_mode] [msm-dsi-info](    0): hactive= 1080,vactive= 2400,fps=60
02-23 10:18:59.140 W/ALERT   (    0): changing window size from 8000000 to 20000000 at 72091284133018
02-23 10:18:59.915 I/AlarmManager( 9922): setExactAndAllowWhileIdle [name: GCM_HB_ALARM type: 2 triggerAtMillis: 144979523]
02-23 10:18:59.918 D/BoundBrokerSvc( 9922): onRebind: Intent { act=com.google.android.gms.libs.gmscorelogger.service.START dat=chimera-action:/... cmp=com.google.android.gms/.chimera.PersistentDirectBootAwareApiService }
02-23 10:18:59.923 I/AlarmManager( 9922): setExactAndAllowWhileIdle [name: GCM_HB_ALARM type: 2 triggerAtMillis: 144979532]
02-23 10:19:00.045 D/DisplayModeController( 1076): setDesiredMode 4630946545580055169 {mode={fps=120.00 Hz, modePtr={id=0, vsyncRate=120.00 Hz, peakRefreshRate=120.00 Hz}}, emitEvent=true, force=false}
02-23 10:19:00.049 I/SDM     ( 1035): HWDeviceDRM::UpdateMixerAttributes: Mixer WxH 1080x2400-0 for Peripheral
02-23 10:19:00.050 I/SDM     ( 1035): HWCDisplay::SubmitDisplayConfig: Active configuration changed to: 0
02-23 10:18:59.500 I/[drm:dsi_display_set_mode] [msm-dsi-info](    0): mdp_transfer_time_us=0 us
02-23 10:18:59.500 I/[drm:dsi_display_set_mode] [msm-dsi-info](    0): hactive= 1080,vactive= 2400,fps=120
02-23 10:18:59.500 W/ALERT   (    0): changing window size from 20000000 to 8000000 at 72091644095935
02-23 10:19:00.298 D/DisplayModeController( 1076): setDesiredMode 4630946545580055169 {mode={fps=60.00 Hz, modePtr={id=2, vsyncRate=60.00 Hz, peakRefreshRate=60.00 Hz}}, emitEvent=false, force=false}
02-23 10:19:00.303 I/SDM     ( 1035): HWDeviceDRM::UpdateMixerAttributes: Mixer WxH 1080x2400-0 for Peripheral
02-23 10:19:00.303 I/SDM     ( 1035): HWCDisplay::SubmitDisplayConfig: Active configuration changed to: 4
02-23 10:18:59.756 W/ALERT   (    0): changing window size from 8000000 to 20000000 at 72091900146716
02-23 10:18:59.757 I/[drm:dsi_display_set_mode] [msm-dsi-info](    0): mdp_transfer_time_us=0 us
02-23 10:18:59.757 I/[drm:dsi_display_set_mode] [msm-dsi-info](    0): hactive= 1080,vactive= 2400,fps=60
02-23 10:19:00.537 I/WifiHAL ( 1017): event received NL80211_CMD_VENDOR, vendor_id = 0x1374, subcmd = 0xd
02-23 10:19:00.537 I/cnss-daemon( 1479): nl80211 response handler invoked
02-23 10:19:00.537 I/cnss-daemon( 1479): nl80211_response_handler: cmd 103, vendorID 4980, subcmd 13  received
02-23 10:19:00.977 W/BestClock( 1773): java.time.DateTimeException: No network time available
02-23 10:19:00.977 W/BestClock( 1773): java.time.DateTimeException: No network time available
02-23 10:19:00.978 W/BestClock( 1773): java.time.DateTimeException: No network time available
02-23 10:19:00.986 E/WifiStaIfaceAidlImpl( 1773): getCachedScanData failed with service-specific exception: android.os.ServiceSpecificException:  (code 4)
02-23 10:19:01.284 W/BestClock( 1773): java.time.DateTimeException: No network time available
02-23 10:19:01.285 W/BestClock( 1773): java.time.DateTimeException: No network time available
02-23 10:19:01.427 D/DisplayModeController( 1076): setDesiredMode 4630946545580055169 {mode={fps=120.00 Hz, modePtr={id=0, vsyncRate=120.00 Hz, peakRefreshRate=120.00 Hz}}, emitEvent=true, force=false}
02-23 10:19:01.436 I/SDM     ( 1035): HWDeviceDRM::UpdateMixerAttributes: Mixer WxH 1080x2400-0 for Peripheral
02-23 10:19:01.436 I/SDM     ( 1035): HWCDisplay::SubmitDisplayConfig: Active configuration changed to: 0
02-23 10:19:00.888 I/[drm:dsi_display_set_mode] [msm-dsi-info](    0): mdp_transfer_time_us=0 us
02-23 10:19:00.888 I/[drm:dsi_display_set_mode] [msm-dsi-info](    0): hactive= 1080,vactive= 2400,fps=120
02-23 10:19:00.896 W/ALERT   (    0): changing window size from 20000000 to 8000000 at 72093040157393
02-23 10:19:01.685 D/DisplayModeController( 1076): setDesiredMode 4630946545580055169 {mode={fps=60.00 Hz, modePtr={id=2, vsyncRate=60.00 Hz, peakRefreshRate=60.00 Hz}}, emitEvent=false, force=false}
02-23 10:19:01.690 I/SDM     ( 1035): HWDeviceDRM::UpdateMixerAttributes: Mixer WxH 1080x2400-0 for Peripheral
02-23 10:19:01.690 I/SDM     ( 1035): HWCDisplay::SubmitDisplayConfig: Active configuration changed to: 4
02-23 10:19:01.144 I/[drm:dsi_display_set_mode] [msm-dsi-info](    0): mdp_transfer_time_us=0 us
02-23 10:19:01.144 I/[drm:dsi_display_set_mode] [msm-dsi-info](    0): hactive= 1080,vactive= 2400,fps=60
02-23 10:19:01.144 W/ALERT   (    0): changing window size from 8000000 to 20000000 at 72093288130726
02-23 10:19:02.047 E/AuthPII ( 9922): [RequestTokenManager] getToken() -> NETWORK_ERROR. App: com.android.vending, Service: oauth2:https://www.googleapis.com/auth/googleplay
02-23 10:19:02.047 E/AuthPII ( 9922): becf: Error when calling server using GmsNetworkStack.
02-23 10:19:02.047 E/AuthPII ( 9922): 	at afgy.b(:com.google.android.gms@260438035@26.04.38 (260400-867839860):1608)
02-23 10:19:02.047 E/AuthPII ( 9922): 	at afgw.a(:com.google.android.gms@260438035@26.04.38 (260400-867839860):744)
02-23 10:19:02.047 E/AuthPII ( 9922): 	at afgv.b(:com.google.android.gms@260438035@26.04.38 (260400-867839860):142)
02-23 10:19:02.047 E/AuthPII ( 9922): 	at yqe.d(:com.google.android.gms@260438035@26.04.38 (260400-867839860):662)
02-23 10:19:02.047 E/AuthPII ( 9922): 	at afah.getAuthToken(:com.google.android.gms@260438035@26.04.38 (260400-867839860):411)
02-23 10:19:02.047 E/AuthPII ( 9922): 	at android.accounts.AbstractAccountAuthenticator$Transport.getAuthToken(AbstractAccountAuthenticator.java:248)
02-23 10:19:02.047 E/AuthPII ( 9922): 	at android.accounts.IAccountAuthenticator$Stub.onTransact(IAccountAuthenticator.java:254)
02-23 10:19:02.047 E/AuthPII ( 9922): 	at android.os.Binder.transact(Binder.java:1258)
02-23 10:19:02.047 E/AuthPII ( 9922): 	at cioh.onTransact(:com.google.android.gms@260438035@26.04.38 (260400-867839860):10)
02-23 10:19:02.047 E/AuthPII ( 9922): 	at android.os.Binder.transact(Binder.java:1258)
02-23 10:19:02.047 E/AuthPII ( 9922): 	at bweg.onTransact(:com.google.android.gms@260438035@26.04.38 (260400-867839860):161)
02-23 10:19:02.047 E/AuthPII ( 9922): 	at android.os.Binder.execTransactInternal(Binder.java:1411)
02-23 10:19:02.047 E/AuthPII ( 9922): 	at android.os.Binder.execTransact(Binder.java:1350)
02-23 10:19:02.047 E/AuthPII ( 9922): Caused by: becf: Error requesting token.
02-23 10:19:02.047 E/AuthPII ( 9922): 	at afgy.d(:com.google.android.gms@260438035@26.04.38 (260400-867839860):212)
02-23 10:19:02.047 E/AuthPII ( 9922): 	at afgy.b(:com.google.android.gms@260438035@26.04.38 (260400-867839860):48)
02-23 10:19:02.047 E/AuthPII ( 9922): 	... 12 more
02-23 10:19:02.047 E/AuthPII ( 9922): Caused by: java.util.concurrent.TimeoutException: Waited 30 seconds (plus 1727489 nanoseconds delay) for gxst@5dcb2eb[status=PENDING, info=[inputFuture=[gxst@a3df848[status=PENDING, info=[inputFuture=[kqi@db8d6e1[status=PENDING, info=[tag=[GmsUrlRequestImpl.startWithFuture()]]]], function=[aeln@c323c06]]]], function=[afgx@25192c7]]]
02-23 10:19:02.047 E/AuthPII ( 9922): 	at gxsq.v(:com.google.android.gms@260438035@26.04.38 (260400-867839860):371)
02-23 10:19:02.047 E/AuthPII ( 9922): 	at afgy.d(:com.google.android.gms@260438035@26.04.38 (260400-867839860):197)
02-23 10:19:02.047 E/AuthPII ( 9922): 	... 13 more
02-23 10:19:02.047 E/AuthPII ( 9922): Message is Error when calling server using GmsNetworkStack.
02-23 10:19:02.047 E/AuthPII ( 9922): becf: Error when calling server using GmsNetworkStack.
02-23 10:19:02.047 E/AuthPII ( 9922): 	at afgy.b(:com.google.android.gms@260438035@26.04.38 (260400-867839860):1608)
02-23 10:19:02.047 E/AuthPII ( 9922): 	at afgw.a(:com.google.android.gms@260438035@26.04.38 (260400-867839860):744)
02-23 10:19:02.047 E/AuthPII ( 9922): 	at afgv.b(:com.google.android.gms@260438035@26.04.38 (260400-867839860):142)
02-23 10:19:02.047 E/AuthPII ( 9922): 	at yqe.d(:com.google.and