02-23 10:17:53.422 D/DisplayModeController( 1076): setDesiredMode 4630946545580055169 {mode={fps=120.00 Hz, modePtr={id=0, vsyncRate=120.00 Hz, peakRefreshRate=120.00 Hz}}, emitEvent=true, force=false}
02-23 10:17:53.433 I/SDM     ( 1035): HWDeviceDRM::UpdateMixerAttributes: Mixer WxH 1080x2400-0 for Peripheral
02-23 10:17:53.434 I/SDM     ( 1035): HWCDisplay::SubmitDisplayConfig: Active configuration changed to: 0
02-23 10:17:52.885 I/[drm:dsi_display_set_mode] [msm-dsi-info](    0): mdp_transfer_time_us=0 us
02-23 10:17:52.885 I/[drm:dsi_display_set_mode] [msm-dsi-info](    0): hactive= 1080,vactive= 2400,fps=120
02-23 10:17:52.900 W/ALERT   (    0): changing window size from 20000000 to 8000000 at 72025044119346
02-23 10:17:53.682 D/DisplayModeController( 1076): setDesiredMode 4630946545580055169 {mode={fps=60.00 Hz, modePtr={id=2, vsyncRate=60.00 Hz, peakRefreshRate=60.00 Hz}}, emitEvent=false, force=false}
02-23 10:17:53.686 I/SDM     ( 1035): HWDeviceDRM::UpdateMixerAttributes: Mixer WxH 1080x2400-0 for Peripheral
02-23 10:17:53.686 I/SDM     ( 1035): HWCDisplay::SubmitDisplayConfig: Active configuration changed to: 4
02-23 10:17:53.139 I/[drm:dsi_display_set_mode] [msm-dsi-info](    0): mdp_transfer_time_us=0 us
02-23 10:17:53.139 I/[drm:dsi_display_set_mode] [msm-dsi-info](    0): hactive= 1080,vactive= 2400,fps=60
02-23 10:17:53.140 W/ALERT   (    0): changing window size from 8000000 to 20000000 at 72025284206689
02-23 10:17:53.408 I/pm7250b_charger(    0): smblib_set_charge_param: float voltage = 4450000 (0x55)
02-23 10:17:53.409 I/pm7250b_charger(    0): smblib_run_aicl: re-running AICL
02-23 10:17:53.409 I/pm7250b_charger(    0): smblib_icl_change_work: icl_settled=500000
02-23 10:17:53.410 I/pm7250b_charger(    0): smblib_set_charge_param: float voltage = 4450000 (0x55)
02-23 10:17:53.410 I/pm7250b_charger(    0): smblib_run_aicl: re-running AICL
02-23 10:17:53.413 I/QG-K    (    0): qg_status_change_work: charge_status=4 charge_done=1
02-23 10:17:53.416 I/QG-K    (    0): qg_charge_full_update: msoc=100 health=1 charge_full=1 charge_done=1
02-23 10:17:53.418 I/QG-K    (    0): qg_status_change_work: charge_status=4 charge_done=1
02-23 10:17:53.421 I/QG-K    (    0): qg_charge_full_update: msoc=100 health=1 charge_full=1 charge_done=1
02-23 10:17:53.426 W/healthd (    0): battery l=100 v=4411 t=26.8 h=2 st=5 c=-610 fc=4775000 cc=14 chg=u
02-23 10:17:53.428 I/QG-K    (    0): qg_status_change_work: charge_status=4 charge_done=1
02-23 10:17:53.431 I/QG-K    (    0): qg_charge_full_update: msoc=100 health=1 charge_full=1 charge_done=1
02-23 10:17:53.444 W/healthd (    0): battery l=100 v=4411 t=26.8 h=2 st=5 c=-610 fc=4775000 cc=14 chg=u
02-23 10:17:53.453 W/healthd (    0): battery l=100 v=4411 t=26.8 h=2 st=5 c=-610 fc=4775000 cc=14 chg=u
02-23 10:17:54.426 D/DisplayModeController( 1076): setDesiredMode 4630946545580055169 {mode={fps=120.00 Hz, modePtr={id=0, vsyncRate=120.00 Hz, peakRefreshRate=120.00 Hz}}, emitEvent=true, force=false}
02-23 10:17:54.431 I/cnss-daemon( 1479): nl80211 response handler invoked
02-23 10:17:54.432 I/cnss-daemon( 1479): nl80211_response_handler: cmd 103, vendorID 4980, subcmd 13  received
02-23 10:17:54.432 I/WifiHAL ( 1017): event received NL80211_CMD_VENDOR, vendor_id = 0x1374, subcmd = 0xd
02-23 10:17:54.436 I/SDM     ( 1035): HWDeviceDRM::UpdateMixerAttributes: Mixer WxH 1080x2400-0 for Peripheral
02-23 10:17:53.888 I/[drm:dsi_display_set_mode] [msm-dsi-info](    0): mdp_transfer_time_us=0 us
02-23 10:17:54.437 I/SDM     ( 1035): HWCDisplay::SubmitDisplayConfig: Active configuration changed to: 0
02-23 10:17:53.888 I/[drm:dsi_display_set_mode] [msm-dsi-info](    0): hactive= 1080,vactive= 2400,fps=120
02-23 10:17:53.900 W/ALERT   (    0): changing window size from 20000000 to 8000000 at 72026044156637
02-23 10:17:54.537 W/BestClock( 1773): java.time.DateTimeException: No network time available
02-23 10:17:54.538 W/BestClock( 1773): java.time.DateTimeException: No network time available
02-23 10:17:54.538 W/BestClock( 1773): java.time.DateTimeException: No network time available
02-23 10:17:54.548 E/WifiStaIfaceAidlImpl( 1773): getCachedScanData failed with service-specific exception: android.os.ServiceSpecificException:  (code 4)
02-23 10:17:54.685 D/DisplayModeController( 1076): setDesiredMode 4630946545580055169 {mode={fps=60.00 Hz, modePtr={id=2, vsyncRate=60.00 Hz, peakRefreshRate=60.00 Hz}}, emitEvent=false, force=false}
02-23 10:17:54.688 I/SDM     ( 1035): HWDeviceDRM::UpdateMixerAttributes: Mixer WxH 1080x2400-0 for Peripheral
02-23 10:17:54.689 I/SDM     ( 1035): HWCDisplay::SubmitDisplayConfig: Active configuration changed to: 4
02-23 10:17:54.143 I/[drm:dsi_display_set_mode] [msm-dsi-info](    0): mdp_transfer_time_us=0 us
02-23 10:17:54.143 I/[drm:dsi_display_set_mode] [msm-dsi-info](    0): hactive= 1080,vactive= 2400,fps=60
02-23 10:17:54.148 W/ALERT   (    0): changing window size from 8000000 to 20000000 at 72026292139449
02-23 10:17:54.754 W/Auth    ( 9922): [TokenResponseCallback] TokenResponse failed with exception [CONTEXT service_id=343 ]
02-23 10:17:54.754 W/Auth    ( 9922): csnx: Failed to process request
02-23 10:17:54.754 W/Auth    ( 9922): 	at csoe.a(:com.google.android.gms@260438035@26.04.38 (260400-867839860):23)
02-23 10:17:54.754 W/Auth    ( 9922): 	at cssb.b(:com.google.android.gms@260438035@26.04.38 (260400-867839860):15)
02-23 10:17:54.754 W/Auth    ( 9922): 	at csss.onFailed(:com.google.android.gms@260438035@26.04.38 (260400-867839860):15)
02-23 10:17:54.754 W/Auth    ( 9922): 	at m1.nj.onFailed(:com.google.android.gms.dynamite_cronetdynamite@260438035@26.04.38 (260400-0):3)
02-23 10:17:54.754 W/Auth    ( 9922): 	at m1.mf.run(:com.google.android.gms.dynamite_cronetdynamite@260438035@26.04.38 (260400-0):16)
02-23 10:17:54.754 W/Auth    ( 9922): 	at bfin.c(:com.google.android.gms@260438035@26.04.38 (260400-867839860):50)
02-23 10:17:54.754 W/Auth    ( 9922): 	at bfin.run(:com.google.android.gms@260438035@26.04.38 (260400-867839860):73)
02-23 10:17:54.754 W/Auth    ( 9922): 	at java.util.concurrent.ThreadPoolExecutor.runWorker(ThreadPoolExecutor.java:1156)
02-23 10:17:54.754 W/Auth    ( 9922): 	at java.util.concurrent.ThreadPoolExecutor$Worker.run(ThreadPoolExecutor.java:651)
02-23 10:17:54.754 W/Auth    ( 9922): 	at bfoe.run(:com.google.android.gms@260438035@26.04.38 (260400-867839860):8)
02-23 10:17:54.754 W/Auth    ( 9922): 	at java.lang.Thread.run(Thread.java:1119)
02-23 10:17:54.754 W/Auth    ( 9922): Caused by: m1.ms: Exception in CronetUrlRequest: net::ERR_CONNECTION_TIMED_OUT, ErrorCode=6, InternalErrorCode=-118, Retryable=true
02-23 10:17:54.754 W/Auth    ( 9922): 	at org.chromium.net.impl.CronetUrlRequest.onError(:com.google.android.gms.dynamite_cronetdynamite@260438035@26.04.38 (260400-0):3)
02-23 10:17:55.016 W/Auth    ( 9922): [TokenResponseCallback] TokenResponse failed with exception [CONTEXT service_id=343 ]
02-23 10:17:55.016 W/Auth    ( 9922): csnx: Failed to process request
02-23 10:17:55.016 W/Auth    ( 9922): 	at csoe.a(:com.google.android.gms@260438035@26.04.38 (260400-867839860):23)
02-23 10:17:55.016 W/Auth    ( 9922): 	at cssb.b(:com.google.android.gms@260438035@26.04.38 (260400-867839860):15)
02-23 10:17:55.016 W/Auth    ( 9922): 	at csss.onFailed(:com.google.android.gms@260438035@26.04.38 (260400-867839860):15)
02-23 10:17:55.016 W/Auth    ( 9922): 	at m1.nj.onFailed(:com.google.android.gms.dynamite_cronetdynamite@260438035@26.04.38 (260400-0):3)
02-23 10:17:55.016 W/Auth    ( 9922): 	at m1.mf.run(:com.google.android.gms.dynamite_cronetdynamite@260438035@26.04.38 (260400-0):16)
02-23 10:17:55.016 W/Auth    ( 9922): 	at bfin.c(:com.google.android.gms@260438035@26.04.38 (260400-867839860):50)
02-23 10:17:55.016 W/Auth    ( 9922): 	at bfin.run(:com.google.android.gms@260438035@26.04.38 (260400-867839860):73)
02-23 10:17:55.016 W/Auth    ( 9922): 	at java.util.concurrent.ThreadPoolExecutor.runWorker(ThreadPoolExecutor.java:1156)
02-23 10:17:55.016 W/Auth    ( 9922): 	at java.util.concurrent.ThreadPoolExecutor$Worker.run(ThreadPoolExecutor.java:651)
02-23 10:17:55.016 W/Auth    ( 9922): 	at bfoe.run(:com.google.android.gms@260438035@26.04.38 (260400-867839860):8)
02-23 10:17:55.016 W/Auth    ( 9922): 	at java.lang.Thread.run(Thread.java:1119)
02-23 10:17:55.016 W/Auth    ( 9922): Caused by: m1.ms: Exception in CronetUrlRequest: net::ERR_CONNECTION_TIMED_OUT, ErrorCode=6, InternalErrorCode=-118, Retryable=true
02-23 10:17:55.016 W/Auth    ( 9922): 	at org.chromium.net.impl.CronetUrlRequest.onError(:com.google.android.gms.dynamite_cronetdynamite@260438035@26.04.38 (260400-0):3)
02-23 10:17:55.042 W/BestClock( 1773): java.time.DateTimeException: No network time available
02-23 10:17:55.043 W/BestClock( 1773): java.time.DateTimeException: No network time available
02-23 10:17:55.428 D/DisplayModeController( 1076): setDesiredMode 4630946545580055169 {mode={fps=120.00 Hz, modePtr={id=0, vsyncRate=120.00 Hz, peakRefreshRate=120.00 Hz}}, emitEvent=true, force=false}
02-23 10:17:55.439 I/SDM     ( 1035): HWDeviceDRM::UpdateMixerAttributes: Mixer WxH 1080x2400-0 for Peripheral
02-23 10:17:55.439 I/SDM     ( 1035): HWCDisplay::SubmitDisplayConfig: Active configuration changed to: 0
02-23 10:17:54.890 I/[drm:dsi_display_set_mode] [msm-dsi-info](    0): mdp_transfer_time_us=0 us
02-23 10:17:54.890 I/[drm:dsi_display_set_mode] [msm-dsi-info](    0): hactive= 1080,vactive= 2400,fps=120
02-23 10:17:54.908 W/ALERT   (    0): changing window size from 20000000 to 8000000 at 72027052112886
02-23 10:17:55.461 I/QCNEJ/NativeHalServerCallback( 2794): <- RCV:CountryCodeRequested{}Cmd:7
02-23 10:17:55.462 I/QCNEJ/WlanStaInfoRelay( 2794): FetchCountryCode command arrived
02-23 10:17:55.468 D/QCNEJ/WlanStaInfoRelay( 2794): retrieveCountryCode:Location obtained from Telephony: cn
02-23 10:17:55.471 I/QcrilOemhookMsgTunnel( 2779): [0]processOemHookIndication length=21
02-23 10:17:55.476 W/IWlanNetworkService( 3024): 12461 > Response Processed
02-23 10:17:55.484 W/IWlanNetworkService( 3024): 12462 > Response Processed
02-23 10:17:55.507 W/ContextImpl( 1773): Calling a method in the system process without a qualified user: android.app.ContextImpl.sendBroadcastMultiplePermissions:1320 android.content.Context.sendBroadcastMultiplePermissions:2542 com.android.server.TelephonyRegistry.broadcastServiceStateChanged:4193 com.android.server.TelephonyRegistry.notifyServiceStateForPhoneId:1848 com.android.internal.telephony.ITelephonyRegistry$Stub.onTransact:613 
02-23 10:17:55.508 W/ContextImpl( 1773): Calling a method in the system process without a qualified user: android.app.ContextImpl.sendBroadcastMultiplePermissions:1353 com.android.server.TelephonyRegistry.broadcastServiceStateChanged:4197 com.android.server.TelephonyRegistry.notifyServiceStateForPhoneId:1848 com.android.internal.telephony.ITelephonyRegistry$Stub.onTransact:613 android.os.Binder.execTransactInternal:1411 
02-23 10:17:55.509 W/ContextImpl( 1773): Calling a method in the system process without a qualified user: android.app.ContextImpl.sendBroadcastMultiplePermissions:1353 com.android.server.TelephonyRegistry.broadcastServiceStateChanged:4206 com.android.server.TelephonyRegistry.notifyServiceStateForPhoneId:1848 com.android.internal.telephony.ITelephonyRegistry$Stub.onTransact:613 android.os.Binder.execTransactInternal:1411 
02-23 10:17:55.510 W/ContextImpl( 1773): Calling a method in the system process without a qualified user: android.app.ContextImpl.sendBroadcastMultiplePermissions:1353 com.android.server.TelephonyRegistry.broadcastServiceStateChanged:4212 com.android.server.TelephonyRegistry.notifyServiceStateForPhoneId:1848 com.android.internal.telephony.ITelephonyRegistry$Stub.onTransact:613 android.os.Binder.execTransactInternal:1411 
02-23 10:17:55.515 D/ServiceStateProvider( 2813): subId=2
02-23 10:17:55.518 D/CellBroadcastReceiver( 2993): onReceive Intent { act=android.intent.action.SERVICE_STATE flg=0x1000010 cmp=com.android.cellbroadcastreceiver.module/com.android.cellbroadcastreceiver.CellBroadcastReceiver (has extras) }
02-23 10:17:55.519 D/CellBroadcastReceiver( 2993): onServiceStateChanged, ss: 0
02-23 10:17:55.519 D/CellBroadcastReceiver( 2993): networkOperator: 46000
02-23 10:17:55.519 D/CellBroadcastReceiver( 2993): mockmodem is running? = false
02-23 10:17:55.519 D/CellBroadcastReceiver( 2993): Start Cell Broadcast configuration for intent=ACTION_ENABLE_CHANNELS
02-23 10:17:55.522 D/CellBroadcastReceiver( 2993): update supported roaming operator as 
02-23 10:17:55.523 I/netd    (  851): tetherGetStats() -> {[]} <1.25ms>
02-23 10:17:55.528 W/AlarmManager( 2813): Unrecognized alarm listener com.android.internal.telephony.data.AutoDataSwitchController$$ExternalSyntheticLambda1@cb5c5e1
02-23 10:17:55.530 I/ConnectivityService( 1773): Update capabilities for net 104 : +NOT_ROAMING
02-23 10:17:55.531 I/netd    (  851): networkAddUidRangesParcel(NativeUidRangeConfig{netId: 104, uidRanges: [UidRangeParcel{start: 0, stop: 2147483647}], subPriority: 999}) <0.37ms>
02-23 10:17:55.531 I/netd    (  851): networkRemoveUidRangesParcel(NativeUidRangeConfig{netId: 104, uidRanges: [UidRangeParcel{start: 0, stop: 2147483647}], subPriority: 999}) <0.26ms>
02-23 10:17:55.532 I/Telephony( 2813): TelecomAccountRegistry$TelecomAccountTelephonyCallback: TelecomAccountRegistry: onServiceStateChanged: newState=0, mServiceState=0
02-23 10:17:55.533 W/QImsService( 2780): ImsConfigImpl : VoWiFi mode: config update is done only when mode preference is changed or when sim is loaded
02-23 10:17:55.533 D/ImsConfigImplBase( 2780): Set provision value of 27 to 2 failed with error code 1
02-23 10:17:55.533 D/ConnectivityService( 1773): [104 CELLULAR] EVENT_NETWORK_INFO_CHANGED, going from CONNECTED to CONNECTED
02-23 10:17:55.533 I/Telephony( 2813): isRttCurrentlySupported -- regular acct, hasVoiceAvailability: true
02-23 10:17:55.533 I/Telephony( 2813):  isRttSupported: false
02-23 10:17:55.533 I/Telephony( 2813):  alwaysAllowWhileRoaming: false
02-23 10:17:55.533 I/Telephony( 2813):  isRoaming: false
02-23 10:17:55.533 I/Telephony( 2813):  isOnWfc: true
02-23 10:17:55.535 I/Telephony( 2813): isRttCurrentlySupported -- regular acct, hasVoiceAvailability: true
02-23 10:17:55.535 I/Telephony( 2813):  isRttSupported: false
02-23 10:17:55.535 I/Telephony( 2813):  alwaysAllowWhileRoaming: false
02-23 10:17:55.535 I/Telephony( 2813):  isRoaming: true
02-23 10:17:55.535 I/Telephony( 2813):  isOnWfc: false
02-23 10:17:55.535 W/BestClock( 1773): java.time.DateTimeException: No network time available
02-23 10:17:55.536 D/CellBroadcastConfigService( 2993): Enable CellBroadcast on sub 2
02-23 10:17:55.538 I/netd    (  851): tetherGetStats() -> {[]} <1.49ms>
02-23 10:17:55.538 D/CellBroadcastConfigTracker-0( 2813): setCellBroadcastIdRanges with ranges:[CellBroadcastIdRange[4370, 4370, 1, true], CellBroadcastIdRange[4096, 4096, 2, true], CellBroadcastIdRange[4383, 4383, 1, true], CellBroadcastIdRange[4371, 4372, 1, true], CellBroadcastIdRange[4097, 4097, 2, true], CellBroadcastIdRange[4384, 4385, 1, true], CellBroadcastIdRange[4373, 4378, 1, true], CellBroadcastIdRange[4098, 4098, 2, true], CellBroadcastIdRange[4386, 4391, 1, true], CellBroadcastIdRange[4379, 4379, 1, true], CellBroadcastIdRange[4099, 4099, 2, true], CellBroadcastIdRange[4392, 4392, 1, true], CellBroadcastIdRange[4380, 4380, 1, false], CellBroadcastIdRange[4100, 4100, 2, false], CellBroadcastIdRange[4393, 4393, 1, false], CellBroadcastIdRange[4381, 4381, 1, false], CellBroadcastIdRange[4394, 4394, 1, false], CellBroadcastIdRange[4382, 4382, 1, false], CellBroadcastIdRange[4395, 4395, 1, false], CellBroadcastIdRange[4352, 4354, 1, true], CellBroadcastIdRange[4356, 4356, 1, true], CellBroadcastIdRange[4355, 4355, 1, false], CellBroadcastIdRange[4396, 4396, 1, true], CellBroadcastIdRange[4397, 4397, 1, true], CellBroadcastIdRange[4398, 4398, 1, false], CellBroadcastIdRange[4399, 4399, 1, false], CellBroadcastIdRange[4400, 4400, 1, true]]
02-23 10:17:55.538 D/CellBroadcastConfigTracker-0( 2813): IdleState message:1
02-23 10:17:55.538 D/CellBroadcastConfigService( 2993): Enable CellBroadcast on sub 1
02-23 10:17:55.538 D/CellBroadcastConfigTracker-0( 2813): IdleState handle EVENT_REQUEST with request:Request[mCbRangesRequest3gpp = [CellBroadcastIdRange[4352, 4354, 1, true], CellBroadcastIdRange[4355, 4355, 1, false], CellBroadcastIdRange[4356, 4356, 1, true], CellBroadcastIdRange[4370, 4379, 1, true], CellBroadcastIdRange[4380, 4382, 1, false], CellBroadcastIdRange[4383, 4392, 1, true], CellBroadcastIdRange[4393, 4395, 1, false], CellBroadcastIdRange[4396, 4397, 1, true], CellBroadcastIdRange[4398, 4399, 1, false], CellBroadcastIdRange[4400, 4400, 1, true]], mCbRangesRequest3gpp2 = [CellBroadcastIdRange[4096, 4099, 2, true], CellBroadcastIdRange[4100, 4100, 2, false]]]
02-23 10:17:55.539 D/CellBroadcastConfigTracker-0( 2813): setCdmaConfig with [CellBroadcastIdRange[4096, 4099, 2, true], CellBroadcastIdRange[4100, 4100, 2, false]]
02-23 10:17:55.540 D/CellBroadcastConfigTracker-1( 2813): setCellBroadcastIdRanges with ranges:[CellBroadcastIdRange[4370, 4370, 1, true], CellBroadcastIdRange[4096, 4096, 2, true], CellBroadcastIdRange[4383, 4383, 1, true], CellBroadcastIdRange[4371, 4372, 1, true], CellBroadcastIdRange[4097, 4097, 2, true], CellBroadcastIdRange[4384, 4385, 1, true], CellBroadcastIdRange[4373, 4378, 1, true], CellBroadcastIdRange[4098, 4098, 2, true], CellBroadcastIdRange[4386, 4391, 1, true], CellBroadcastIdRange[4379, 4379, 1, true], CellBroadcastIdRange[4099, 4099, 2, true], CellBroadcastIdRange[4392, 4392, 1, true], CellBroadcastIdRange[4380, 4380, 1, false], CellBroadcastIdRange[4100, 4100, 2, false], CellBroadcastIdRange[4393, 4393, 1, false], CellBroadcastIdRange[4381, 4381, 1, false], CellBroadcastIdRange[4394, 4394, 1, false], CellBroadcastIdRange[4382, 4382, 1, false], CellBroadcastIdRange[4395, 4395, 1, false], CellBroadcastIdRange[4352, 4354, 1, true], CellBroadcastIdRange[4356, 4356, 1, true], CellBroadcastIdRange[4355, 4355, 1, false]]
02-23 10:17:55.540 D/CellBroadcastConfigTracker-1( 2813): IdleState message:1
02-23 10:17:55.540 D/CellBroadcastConfigTracker-1( 2813): IdleState handle EVENT_REQUEST with request:Request[mCbRangesRequest3gpp = [CellBroadcastIdRange[4352, 4354, 1, true], CellBroadcastIdRange[4355, 4355, 1, false], CellBroadcastIdRange[4356, 4356, 1, true], CellBroadcastIdRange[4370, 4379, 1, true], CellBroadcastIdRange[4380, 4382, 1, false], CellBroadcastIdRange[4383, 4392, 1, true], CellBroadcastIdRange[4393, 4395, 1, false]], mCbRangesRequest3gpp2 = [CellBroadcastIdRange[4096, 4099, 2, true], CellBroadcastIdRange[4100, 4100, 2, false]]]
02-23 10:17:55.541 W/BestClock( 1773): java.time.DateTimeException: No network time available
02-23 10:17:55.541 D/CellBroadcastConfigTracker-1( 2813): setGsmConfig with [CellBroadcastIdRange[4352, 4354, 1, true], CellBroadcastIdRange[4355, 4355, 1, false], CellBroadcastIdRange[4356, 4356, 1, true], CellBroadcastIdRange[4370, 4379, 1, true], CellBroadcastIdRange[4380, 4382, 1, false], CellBroadcastIdRange[4383, 4392, 1, true], CellBroadcastIdRange[4393, 4395, 1, false]]
02-23 10:17:55.542 D/BackgroundInstallControlService( 1773): Package event received: 0
02-23 10:17:55.542 D/CarrierDefaultBroadcastReceiver( 9226): onReceive intent: android.telephony.action.CARRIER_SIGNAL_RESET
02-23 10:17:55.545 D/CellBroadcastConfigTracker-0( 2813): CdmaConfiguringState message:2
02-23 10:17:55.545 D/CellBroadcastConfigTracker-0( 2813): CdmaConfiguringState handle EVENT_ACTIVATION_DONE with request:Request[mCbRangesRequest3gpp = [CellBroadcastIdRange[4352, 4354, 1, true], CellBroadcastIdRange[4355, 4355, 1, false], CellBroadcastIdRange[4356, 4356, 1, true], CellBroadcastIdRange[4370, 4379, 1, true], CellBroadcastIdRange[4380, 4382, 1, false], CellBroadcastIdRange[4383, 4392, 1, true], CellBroadcastIdRange[4393, 4395, 1, false], CellBroadcastIdRange[4396, 4397, 1, true], CellBroadcastIdRange[4398, 4399, 1, false], CellBroadcastIdRange[4400, 4400, 1, true]], mCbRangesRequest3gpp2 = [CellBroadcastIdRange[4096, 4099, 2, true], CellBroadcastIdRange[4100, 4100, 2, false]]]
02-23 10:17:55.545 D/CellBroadcastConfigTracker-0( 2813): Failed to set cdma config
02-23 10:17:55.546 E/CellBroadcastConfigService( 2993): fails to setCellBroadcastRanges, result = 2
02-23 10:17:55.546 W/BestClock( 1773): java.time.DateTimeException: No network time available
02-23 10:17:55.547 D/CarrierDefaultBroadcastReceiver( 9226): apply carrier action idx: 6
02-23 10:17:55.547 D/CarrierActionUtils( 9226): onCancelAllNotifications
02-23 10:17:55.548 W/BestClock( 1773): java.time.DateTimeException: No network time available
02-23 10:17:55.548 W/BestClock( 1773): java.time.DateTimeException: No network time available
02-23 10:17:55.549 D/CarrierDefaultBroadcastReceiver( 9226): apply carrier action idx: 8
02-23 10:17:55.549 D/CarrierActionUtils( 9226): onDisableDefaultURLHandler
02-23 10:17:55.550 W/BestClock( 1773): java.time.DateTimeException: No network time available
02-23 10:17:55.554 D/CellBroadcastConfigTracker-1( 2813): GsmConfiguringState message:2
02-23 10:17:55.554 D/CellBroadcastConfigTracker-1( 2813): GsmConfiguringState handle EVENT_CONFIGURATION_DONE with request:Request[mCbRangesRequest3gpp = [CellBroadcastIdRange[4352, 4354, 1, true], CellBroadcastIdRange[4355, 4355, 1, false], CellBroadcastIdRange[4356, 4356, 1, true], CellBroadcastIdRange[4370, 4379, 1, true], CellBroadcastIdRange[4380, 4382, 1, false], CellBroadcastIdRange[4383, 4392, 1, true], CellBroadcastIdRange[4393, 4395, 1, false]], mCbRangesRequest3gpp2 = [CellBroadcastIdRange[4096, 4099, 2, true], CellBroadcastIdRange[4100, 4100, 2, false]]]
02-23 10:17:55.554 D/CellBroadcastConfigTracker-1( 2813): setActivation(1.true)
02-23 10:17:55.557 D/CellBroadcastConfigTracker-1( 2813): GsmActivatingState message:3
02-23 10:17:55.557 D/CellBroadcastConfigTracker-1( 2813): GsmActivatingState handle EVENT_ACTIVATION_DONE with request:Request[mCbRangesRequest3gpp = [CellBroadcastIdRange[4352, 4354, 1, true], CellBroadcastIdRange[4355, 4355, 1, false], CellBroadcastIdRange[4356, 4356, 1, true], CellBroadcastIdRange[4370, 4379, 1, true], CellBroadcastIdRange[4380, 4382, 1, false], CellBroadcastIdRange[4383, 4392, 1, true], CellBroadcastIdRange[4393, 4395, 1, false]], mCbRangesRequest3gpp2 = [CellBroadcastIdRange[4096, 4099, 2, true], CellBroadcastIdRange[4100, 4100, 2, false]]]
02-23 10:17:55.558 D/CellBroadcastConfigTracker-1( 2813): Failed to set gsm activation
02-23 10:17:55.558 E/CellBroadcastConfigService( 2993): fails to setCellBroadcastRanges, result = 3
02-23 10:17:55.688 D/DisplayModeController( 1076): setDesiredMode 4630946545580055169 {mode={fps=60.00 Hz, modePtr={id=2, vsyncRate=60.00 Hz, peakRefreshRate=60.00 Hz}}, emitEvent=false, force=false}
02-23 10:17:55.692 I/SDM     ( 1035): HWDeviceDRM::UpdateMixerAttributes: Mixer WxH 1080x2400-0 for Peripheral
02-23 10:17:55.693 I/SDM     ( 1035): HWCDisplay::SubmitDisplayConfig: Active configuration changed to: 4
02-23 10:17:55.146 I/[drm:dsi_display_set_mode] [msm-dsi-info](    0): mdp_transfer_time_us=0 us
02-23 10:17:55.146 I/[drm:dsi_display_set_mode] [msm-dsi-info](    0): hactive= 1080,vactive= 2400,fps=60
02-23 10:17:55.148 W/ALERT   (    0): changing window size from 8000000 to 20000000 at 72027292181011
02-23 10:17:56.043 I/netd    (  851): setProcSysNet(4, 2, wlan0, retrans_time_ms, 750) <0.37ms>
02-23 10:17:56.044 I/netd    (  851): setProcSysNet(4, 2, wlan0, ucast_solicit, 10) <0.14ms>
02-23 10:17:56.044 I/netd    (  851): setProcSysNet(6, 2, wlan0, retrans_time_ms, 750) <0.25ms>
02-23 10:17:56.045 I/netd    (  851): setProcSysNet(6, 2, wlan0, ucast_solicit, 10) <0.13ms>
02-23 10:17:56.430 D/DisplayModeController( 1076): setDesiredMode 4630946545580055169 {mode={fps=120.00 Hz, modePtr={id=0, vsyncRate=120.00 Hz, peakRefreshRate=120.00 Hz}}, emitEvent=true, force=false}
02-23 10:17:56.434 I/cnss-daemon( 1479): nl80211 response handler invoked
02-23 10:17:56.434 I/cnss-daemon( 1479): nl80211_response_handler: cmd 103, vendorID 4980, subcmd 13  received
02-23 10:17:56.435 I/WifiHAL ( 1017): event received NL80211_CMD_VENDOR, vendor_id = 0x1374, subcmd = 0xd
02-23 10:17:56.441 I/SDM     ( 1035): HWDeviceDRM::UpdateMixerAttributes: Mixer WxH 1080x2400-0 for Peripheral
02-23 10:17:56.442 I/SDM     ( 1035): HWCDisplay::SubmitDisplayConfig: Active configuration changed to: 0
02-23 10:17:55.893 I/[drm:dsi_display_set_mode] [msm-dsi-info](    0): mdp_transfer_time_us=0 us
02-23 10:17:55.893 I/[drm:dsi_display_set_mode] [msm-dsi-info](    0): hactive= 1080,vactive= 2400,fps=120
02-23 10:17:55.908 W/ALERT   (    0): changing window size from 20000000 to 8000000 at 72028052119136
02-23 10:17:56.532 W/BestClock( 1773): java.time.DateTimeException: No network time available
02-23 10:17:56.538 I/netd    (  851): tetherGetStats() -> {[]} <2.52ms>
02-23 10:17:56.541 W/BestClock( 1773): java.time.DateTimeException: No network time available
02-23 10:17:56.544 W/BestClock( 1773): java.time.DateTimeException: No network time available
02-23 10:17:56.548 W/BestClock( 1773): java.time.DateTimeException: No network time available
02-23 10:17:56.548 W/BestClock( 1773): java.time.DateTimeException: No network time available
02-23 10:17:56.549 W/BestClock( 1773): java.time.DateTimeException: No network time available
02-23 10:17:56.690 D/DisplayModeController( 1076): setDesiredMode 4630946545580055169 {mode={fps=60.00 Hz, modePtr={id=2, vsyncRate=60.00 Hz, peakRefreshRate=60.00 Hz}}, emitEvent=false, force=false}
02-23 10:17:56.695 I/SDM     ( 1035): HWDeviceDRM::UpdateMixerAttributes: Mixer WxH 1080x2400-0 for Peripheral
02-23 10:17:56.695 I/SDM     ( 1035): HWCDisplay::SubmitDisplayConfig: Active configuration changed to: 4
02-23 10:17:56.148 W/ALERT   (    0): changing window size from 8000000 to 20000000 at 72028292133719
02-23 10:17:56.148 I/[drm:dsi_display_set_mode] [msm-dsi-info](    0): mdp_transfer_time_us=0 us
02-23 10:17:56.149 I/[drm:dsi_display_set_mode] [msm-dsi-info](    0): hactive= 1080,vactive= 2400,fps=60
02-23 10:17:57.051 W/BestClock( 1773): java.time.DateTimeException: No network time available
02-23 10:17:57.052 W/BestClock( 1773): java.time.DateTimeException: No network time available
02-23 10:17:57.052 W/BestClock( 1773): java.time.DateTimeException: No network time available
02-23 10:17:57.130 I/cn_CronetUrlRequestContext(22917): destroyNativeStreamLocked org.chromium.net.impl.CronetBidirectionalStream@966b254
02-23 10:17:57.434 D/DisplayModeController( 1076): setDesiredMode 4630946545580055169 {mode={fps=120.00 Hz, modePtr={id=0, vsyncRate=120.00 Hz, peakRefreshRate=120.00 Hz}}, emitEvent=true, force=false}
02-23 10:17:57.444 I/SDM     ( 1035): HWDeviceDRM::UpdateMixerAttributes: Mixer WxH 1080x2400-0 for Peripheral
02-23 10:17:57.445 I/SDM     ( 1035): HWCDisplay::SubmitDisplayConfig: Active configuration changed to: 0
02-23 10:17:56.896 I/[drm:dsi_display_set_mode] [msm-dsi-info](    0): mdp_transfer_time_us=0 us
02-23 10:17:56.896 I/[drm:dsi_display_set_mode] [msm-dsi-info](    0): hactive= 1080,vactive= 2400,fps=120
02-23 10:17:56.908 W/ALERT   (    0): changing window size from 20000000 to 8000000 at 72029052129969
02-23 10:17:57.506 I/QcrilOemhookMsgTunnel( 2779): [0]processOemHookIndication length=21
02-23 10:17:57.527 W/IWlanNetworkService( 3024): 12463 > Response Processed
02-23 10:17:57.558 I/QImsService( 2780): ImsRadioIndicationHidl : onVopsChanged()
02-23 10:17:57.558 I/QImsService( 2780): ImsSenderRxr : [UNSL]< UNSOL_VOPS_CHANGED false[SUB0]
02-23 10:17:57.559 I/QImsService( 2780): ImsServiceSubHandler : Message received: what = 25
02-23 10:17:57.560 I/QImsService( 2780): ImsServiceSub : [0] broadcastVopsSsacIntent Vops = false , Ssac = false , PhoneId = 0
02-23 10:17:57.560 W/BestClock( 1773): java.time.DateTimeException: No network time available
02-23 10:17:57.560 W/BestClock( 1773): java.time.DateTimeException: No network time available
02-23 10:17:57.562 W/NasModemEndPoin( 1090): type=1400 audit(0.0:22866): avc:  denied  { call } for  scontext=u:r:rild:s0 tcontext=u:r:hal_graphics_composer_default:s0 tclass=binder permissive=0
02-23 10:17:57.566 E/WifiStaIfaceAidlImpl( 1773): getCachedScanData failed with service-specific exception: android.os.ServiceSpecificException:  (code 4)
02-23 10:17:57.562 W/NasModemEndPoin( 1090): type=1400 audit(0.0:22867): avc:  denied  { call } for  scontext=u:r:rild:s0 tcontext=u:r:hal_graphics_composer_default:s0 tclass=binder permissive=0
02-23 10:17:57.014 W/binder_transaction(    0): 33 callbacks suppressed
02-23 10:17:57.014 I/binder  (    0): 1090:1845 transaction failed 29201/-1, size 72-0 line 3105
02-23 10:17:57.015 I/binder  (    0): 1090:1845 transaction failed 29201/-1, size 80-0 line 3105
02-23 10:17:57.572 W/ContextImpl( 1773): Calling a method in the system process without a qualified user: android.app.ContextImpl.sendBroadcastMultiplePermissions:1320 android.content.Context.sendBroadcastMultiplePermissions:2542 com.android.server.TelephonyRegistry.broadcastServiceStateChanged:4193 com.android.server.TelephonyRegistry.notifyServiceStateForPhoneId:1848 com.android.internal.telephony.ITelephonyRegistry$Stub.onTransact:613 
02-23 10:17:57.573 W/ContextImpl( 1773): Calling a method in the system process without a qualified user: android.app.ContextImpl.sendBroadcastMultiplePermissions:1353 com.android.server.TelephonyRegistry.broadcastServiceStateChanged:4197 com.android.server.TelephonyRegistry.notifyServiceStateForPhoneId:1848 com.android.internal.telephony.ITelephonyRegistry$Stub.onTransact:613 android.os.Binder.execTransactInternal:1411 
02-23 10:17:57.573 W/ContextImpl( 1773): Calling a method in the system process without a qualified user: android.app.ContextImpl.sendBroadcastMultiplePermissions:1353 com.android.server.TelephonyRegistry.broadcastServiceStateChanged:4206 com.android.server.TelephonyRegistry.notifyServiceStateForPhoneId:1848 com.android.internal.telephony.ITelephonyRegistry$Stub.onTransact:613 android.os.Binder.execTransactInternal:1411 
02-23 10:17:57.575 W/ContextImpl( 1773): Calling a method in the system process without a qualified user: android.app.ContextImpl.sendBroadcastMultiplePermissions:1353 com.android.server.TelephonyRegistry.broadcastServiceStateChanged:4212 com.android.server.TelephonyRegistry.notifyServiceStateForPhoneId:1848 com.android.internal.telephony.ITelephonyRegistry$Stub.onTransact:613 android.os.Binder.execTransactInternal:1411 
02-23 10:17:57.574 W/NasModemEndPoin( 1090): type=1400 audit(0.0:22868): avc:  denied  { call } for  scontext=u:r:rild:s0 tcontext=u:r:hal_graphics_composer_default:s0 tclass=binder permissive=0
02-23 10:17:57.026 I/binder  (    0): 1090:1845 transaction failed 29201/-1, size 72-0 line 3105
02-23 10:17:57.578 D/CellBroadcastReceiver( 2993): onReceive Intent { act=android.intent.action.SERVICE_STATE flg=0x1000010 cmp=com.android.cellbroadcastreceiver.module/com.android.cellbroadcastreceiver.CellBroadcastReceiver (has extras) }
02-23 10:17:57.579 D/ServiceStateProvider( 2813): subId=2
02-23 10:17:57.579 D/CellBroadcastReceiver( 2993): onServiceStateChanged, ss: 0
02-23 10:17:57.579 D/CellBroadcastReceiver( 2993): networkOperator: 46000
02-23 10:17:57.579 D/CellBroadcastReceiver( 2993): roamingNetworks: [XXX]
02-23 10:17:57.580 D/CellBroadcastReceiver( 2993): mockmodem is running? = false
02-23 10:17:57.580 D/CellBroadcastReceiver( 2993): Start Cell Broadcast configuration for intent=ACTION_ENABLE_CHANNELS
02-23 10:17:57.581 I/netd    (  851): tetherGetStats() -> {[]} <1.35ms>
02-23 10:17:57.583 D/CellBroadcastReceiver( 2993): update supported roaming operator as 460
02-23 10:17:57.589 I/QcrilOemhookMsgTunnel( 2779): [0]processOemHookIndication length=21
02-23 10:17:57.591 W/AlarmManager( 2813): Unrecognized alarm listener com.android.internal.telephony.data.AutoDataSwitchController$$ExternalSyntheticLambda1@cb5c5e1
02-23 10:17:57.592 D/CellBroadcastConfigService( 2993): Enable CellBroadcast on sub 2
02-23 10:17:57.593 I/ConnectivityService( 1773): Update capabilities for net 104 : -NOT_ROAMING
02-23 10:17:57.593 D/CellBroadcastConfigTracker-0( 2813): setCellBroadcastIdRanges with ranges:[CellBroadcastIdRange[4352, 4354, 1, true], CellBroadcastIdRange[4355, 4355, 1, false], CellBroadcastIdRange[4356, 4356, 1, true], CellBroadcastIdRange[4370, 4370, 1, true], CellBroadcastIdRange[4371, 4372, 1, true], CellBroadcastIdRange[4373, 4378, 1, true], CellBroadcastIdRange[4379, 4379, 1, true], CellBroadcastIdRange[4380, 4380, 1, false], CellBroadcastIdRange[4381, 4381, 1, false], CellBroadcastIdRange[4382, 4382, 1, false], CellBroadcastIdRange[4383, 4383, 1, true], CellBroadcastIdRange[4384, 4385, 1, true], CellBroadcastIdRange[4386, 4391, 1, true], CellBroadcastIdRange[4392, 4392, 1, true], CellBroadcastIdRange[4393, 4393, 1, false], CellBroadcastIdRange[4394, 4394, 1, false], CellBroadcastIdRange[4395, 4395, 1, false], CellBroadcastIdRange[4396, 4396, 1, true], CellBroadcastIdRange[4397, 4397, 1, true], CellBroadcastIdRange[4398, 4398, 1, false], CellBroadcastIdRange[4399, 4399, 1, false], CellBroadcastIdRange[4400, 4400, 1, true], CellBroadcastIdRange[4096, 4096, 2, true], CellBroadcastIdRange[4097, 4097, 2, true], CellBroadcastIdRange[4098, 4098, 2, true], CellBroadcastIdRange[4099, 4099, 2, true], CellBroadcastIdRange[4100, 4100, 2, false]]
02-23 10:17:57.594 D/CellBroadcastConfigTracker-0( 2813): IdleState message:1
02-23 10:17:57.594 D/CellBroadcastConfigTracker-0( 2813): IdleState handle EVENT_REQUEST with request:Request[mCbRangesRequest3gpp = [CellBroadcastIdRange[4352, 4354, 1, true], CellBroadcastIdRange[4355, 4355, 1, false], CellBroadcastIdRange[4356, 4356, 1, true], CellBroadcastIdRange[4370, 4379, 1, true], CellBroadcastIdRange[4380, 4382, 1, false], CellBroadcastIdRange[4383, 4392, 1, true], CellBroadcastIdRange[4393, 4395, 1, false], CellBroadcastIdRange[4396, 4397, 1, true], CellBroadcastIdRange[4398, 4399, 1, false], CellBroadcastIdRange[4400, 4400, 1, true]], mCbRangesRequest3gpp2 = [CellBroadcastIdRange[4096, 4099, 2, true], CellBroadcastIdRange[4100, 4100, 2, false]]]
02-23 10:17:57.594 I/netd    (  851): networkAddUidRangesParcel(NativeUidRangeConfig{netId: 104, uidRanges: [UidRangeParcel{start: 0, stop: 2147483647}], subPriority: 999}) <0.49ms>
02-23 10:17:57.594 D/CellBroadcastConfigTracker-0( 2813): setCdmaConfig with [CellBroadcastIdRange[4096, 4099, 2, true], CellBroadcastIdRange[4100, 4100, 2, false]]
02-23 10:17:57.594 D/CellBroadcastConfigService( 2993): Enable CellBroadcast on sub 1
02-23 10:17:57.594 I/netd    (  851): networkRemoveUidRangesParcel(NativeUidRangeConfig{netId: 104, uidRanges: [UidRangeParcel{start: 0, stop: 2147483647}], subPriority: 999}) <0.35ms>
02-23 10:17:57.595 D/CellBroadcastConfigTracker-1( 2813): setCellBroadcastIdRanges with ranges:[CellBroadcastIdRange[4352, 4354, 1, true], CellBroadcastIdRange[4355, 4355, 1, false], CellBroadcastIdRange[4356, 4356, 1, true], CellBroadcastIdRange[4370, 4370, 1, true], CellBroadcastIdRange[4371, 4372, 1, true], CellBroadcastIdRange[4373, 4378, 1, true], CellBroadcastIdRange[4379, 4379, 1, true], CellBroadcastIdRange[4380, 4380, 1, false], CellBroadcastIdRange[4381, 4381, 1, false], CellBroadcastIdRange[4382, 4382, 1, false], CellBroadcastIdRange[4383, 4383, 1, true], CellBroadcastIdRange[4384, 4385, 1, true], CellBroadcastIdRange[4386, 4391, 1, true], CellBroadcastIdRange[4392, 4392, 1, true], CellBroadcastIdRange[4393, 4393, 1, false], CellBroadcastIdRange[4394, 4394, 1, false], CellBroadcastIdRange[4395, 4395, 1, false], CellBroadcastIdRange[4096, 4096, 2, true], CellBroadcastIdRange[4097, 4097, 2, true], CellBroadcastIdRange[4098, 4098, 2, true], CellBroadcastIdRange[4099, 4099, 2, true], CellBroadcastIdRange[4100, 4100, 2, false]]
02-23 10:17:57.595 I/Telephony( 2813): TelecomAccountRegistry$TelecomAccountTelephonyCallback: TelecomAccountRegistry: onServiceStateChanged: newState=0, mServiceState=0
02-23 10:17:57.595 D/CellBroadcastConfigTracker-1( 2813): IdleState message:1
02-23 10:17:57.596 D/CellBroadcastConfigTracker-1( 2813): IdleState handle EVENT_REQUEST with request:Request[mCbRangesRequest3gpp = [CellBroadcastIdRange[4352, 4354, 1, true], CellBroadcastIdRange[4355, 4355, 1, false], CellBroadcastIdRange[4356, 4356, 1, true], CellBroadcastIdRange[4370, 4379, 1, true], CellBroadcastIdRange[4380, 4382, 1, false], CellBroadcastIdRange[4383, 4392, 1, true], CellBroadcastIdRange[4393, 4395, 1, false]], mCbRangesRequest3gpp2 = [CellBroadcastIdRange[4096, 4099, 2, true], CellBroadcastIdRange[4100, 4100, 2, false]]]
02-23 10:17:57.596 D/CellBroadcastConfigTracker-1( 2813): setGsmConfig with [CellBroadcastIdRange[4352, 4354, 1, true], CellBroadcastIdRange[4355, 4355, 1, false], CellBroadcastIdRange[4356, 4356, 1, true], CellBroadcastIdRange[4370, 4379, 1, true], CellBroadcastIdRange[4380, 4382, 1, false], CellBroadcastIdRange[4383, 4392, 1, true], CellBroadcastIdRange[4393, 4395, 1, false]]
02-23 10:17:57.596 W/QImsService( 2780): ImsConfigImpl : VoWiFi mode: config update is done only when mode preference is changed or when sim is loaded
02-23 10:17:57.596 D/ImsConfigImplBase( 2780): Set provision value of 27 to 2 failed with error code 1
02-23 10:17:57.597 I/Telephony( 2813): isRttCurrentlySupported -- regular acct, hasVoiceAvailability: true
02-23 10:17:57.597 I/Telephony( 2813):  isRttSupported: false
02-23 10:17:57.597 I/Telephony( 2813):  alwaysAllowWhileRoaming: false
02-23 10:17:57.597 I/Telephony( 2813):  isRoaming: true
02-23 10:17:57.597 I/Telephony( 2813):  isOnWfc: true
02-23 10:17:57.598 I/Telephony( 2813): isRttCurrentlySupported -- regular acct, hasVoiceAvailability: true
02-23 10:17:57.598 I/Telephony( 2813):  isRttSupported: false
02-23 10:17:57.598 I/Telephony( 2813):  alwaysAllowWhileRoaming: false
02-23 10:17:57.598 I/Telephony( 2813):  isRoaming: true
02-23 10:17:57.598 I/Telephony( 2813):  isOnWfc: false
02-23 10:17:57.599 D/ConnectivityService( 1773): [104 CELLULAR] EVENT_NETWORK_INFO_CHANGED, going from CONNECTED to CONNECTED
02-23 10:17:57.602 W/IWlanNetworkService( 3024): 12464 > Response Processed
02-23 10:17:57.603 I/Telecom ( 1773): TelecomServiceImpl$1: isInEmergencyCall: false: TSI.iIEC@EHM
02-23 10:17:57.605 W/JobScheduler.JobStatus( 1773): Exempted app com.android.vending considered buggy
02-23 10:17:57.606 D/CellBroadcastConfigTracker-0( 2813): CdmaConfiguringState message:2
02-23 10:17:57.606 D/CellBroadcastConfigTracker-0( 2813): CdmaConfiguringState handle EVENT_ACTIVATION_DONE with request:Request[mCbRangesRequest3gpp = [CellBroadcastIdRange[4352, 4354, 1, true], CellBroadcastIdRange[4355, 4355, 1, false], CellBroadcastIdRange[4356, 4356, 1, true], CellBroadcastIdRange[4370, 4379, 1, true], CellBroadcastIdRange[4380, 4382, 1, false], CellBroadcastIdRange[4383, 4392, 1, true], CellBroadcastIdRange[4393, 4395, 1, false], CellBroadcastIdRange[4396, 4397, 1, true], CellBroadcastIdRange[4398, 4399, 1, false], CellBroadcastIdRange[4400, 4400, 1, true]], mCbRangesRequest3gpp2 = [CellBroadcastIdRange[4096, 4099, 2, true], CellBroadcastIdRange[4100, 4100, 2, false]]]
02-23 10:17:57.606 W/BestClock( 1773): java.time.DateTimeException: No network time available
02-23 10:17:57.606 D/CellBroadcastConfigTracker-0( 2813): Failed to set cdma config
02-23 10:17:57.606 W/JobScheduler.JobStatus( 1773): Exempted app com.android.vending considered buggy
02-23 10:17:57.606 W/JobService( 5532): onNetworkChanged() not implemented in com.google.android.finsky.scheduler.process.mainimpl.PhoneskyJobServiceMain. Must override in a subclass.
02-23 10:17:57.607 E/CellBroadcastConfigService( 2993): fails to setCellBroadcastRanges, result = 2
02-23 10:17:57.608 W/ContextImpl( 1773): Calling a method in the system process without a qualified user: android.app.ContextImpl.sendBroadcastMultiplePermissions:1320 android.content.Context.sendBroadcastMultiplePermissions:2542 com.android.server.TelephonyRegistry.broadcastServiceStateChanged:4193 com.android.server.TelephonyRegistry.notifyServiceStateForPhoneId:1848 com.android.internal.telephony.ITelephonyRegistry$Stub.onTransact:613 
02-23 10:17:57.608 W/ContextImpl( 1773): Calling a method in the system process without a qualified user: android.app.ContextImpl.sendBroadcastMultiplePermissions:1353 com.android.server.TelephonyRegistry.broadcastServiceStateChanged:4197 com.android.server.TelephonyRegistry.notifyServiceStateForPhoneId:1848 com.android.internal.telephony.ITelephonyRegistry$Stub.onTransact:613 android.os.Binder.execTransactInternal:1411 
02-23 10:17:57.609 W/ContextImpl( 1773): Calling a method in the system process without a qualified user: android.app.ContextImpl.sendBroadcastMultiplePermissions:1353 com.android.server.TelephonyRegistry.broadcastServiceStateChanged:4206 com.android.server.TelephonyRegistry.notifyServiceStateForPhoneId:1848 com.android.internal.telephony.ITelephonyRegistry$Stub.onTransact:613 android.os.Binder.execTransactInternal:1411 
02-23 10:17:57.609 D/CellBroadcastConfigTracker-1( 2813): GsmConfiguringState message:2
02-23 10:17:57.609 D/CellBroadcastConfigTracker-1( 2813): GsmConfiguringState handle EVENT_CONFIGURATION_DONE with request:Request[mCbRangesRequest3gpp = [CellBroadcastIdRange[4352, 4354, 1, true], CellBroadcastIdRange[4355, 4355, 1, false], CellBroadcastIdRange[4356, 4356, 1, true], CellBroadcastIdRange[4370, 4379, 1, true], CellBroadcastIdRange[4380, 4382, 1, false], CellBroadcastIdRange[4383, 4392, 1, true], CellBroadcastIdRange[4393, 4395, 1, false]], mCbRangesRequest3gpp2 = [CellBroadcastIdRange[4096, 4099, 2, true], CellBroadcastIdRange[4100, 4100, 2, false]]]
02-23 10:17:57.609 D/CellBroadcastConfigTracker-1( 2813): setActivation(1.true)
02-23 10:17:57.609 I/netd    (  851): tetherGetStats() -> {[]} <1.18ms>
02-23 10:17:57.609 W/ContextImpl( 1773): Calling a method in the system process without a qualified user: android.app.ContextImpl.sendBroadcastMultiplePermissions:1353 com.android.server.TelephonyRegistry.broadcastServiceStateChanged:4212 com.android.server.TelephonyRegistry.notifyServiceStateForPhoneId:1848 com.android.internal.telephony.ITelephonyRegistry$Stub.onTransact:613 android.os.Binder.execTransactInternal:1411 
02-23 10:17:57.611 W/BestClock( 1773): java.time.DateTimeException: No network time available
02-23 10:17:57.613 D/CellBroadcastConfigTracker-1( 2813): GsmActivatingState message:3
02-23 10:17:57.613 D/CellBroadcastConfigTracker-1( 2813): GsmActivatingState handle EVENT_ACTIVATION_DONE with request:Request[mCbRangesRequest3gpp = [CellBroadcastIdRange[4352, 4354, 1, true], CellBroadcastIdRange[4355, 4355, 1, false], CellBroadcastIdRange[4356, 4356, 1, true], CellBroadcastIdRange[4370, 4379, 1, true], CellBroadcastIdRange[4380, 4382, 1, false], CellBroadcastIdRange[4383, 4392, 1, true], CellBroadcastIdRange[4393, 4395, 1, false]], mCbRangesRequest3gpp2 = [CellBroadcastIdRange[4096, 4099, 2, true], CellBroadcastIdRange[4100, 4100, 2, false]]]
02-23 10:17:57.613 D/CellBroadcastReceiver( 2993): onReceive Intent { act=android.intent.action.SERVICE_STATE flg=0x1000010 cmp=com.android.cellbroadcastreceiver.module/com.android.cellbroadcastreceiver.CellBroadcastReceiver (has extras) }
02-23 10:17:57.613 D/CellBroadcastConfigTracker-1( 2813): Failed to set gsm activation
02-23 10:17:57.614 E/CellBroadcastConfigService( 2993): fails to setCellBroadcastRanges, result = 3
02-23 10:17:57.614 D/CellBroadcastReceiver( 2993): onServiceStateChanged, ss: 0
02-23 10:17:57.615 D/CellBroadcastReceiver( 2993): networkOperator: 46000
02-23 10:17:57.615 D/CellBroadcastReceiver( 2993): roamingNetworks: [XXX]
02-23 10:17:57.615 D/CellBroadcastReceiver( 2993): update supported roaming operator as 460
02-23 10:17:57.619 W/IWlanNetworkService( 3024): 12465 > Response Processed
02-23 10:17:57.619 I/Telephony( 2813): TelecomAccountRegistry$TelecomAccountTelephonyCallback: TelecomAccountRegistry: onServiceStateChanged: newState=0, mServiceState=0
02-23 10:17:57.620 I/Telephony( 2813): isRttCurrentlySupported -- regular acct, hasVoiceAvailability: true
02-23 10:17:57.620 I/Telephony( 2813):  isRttSupported: false
02-23 10:17:57.620 I/Telephony( 2813):  alwaysAllowWhileRoaming: false
02-23 10:17:57.620 I/Telephony( 2813):  isRoaming: true
02-23 10:17:57.620 I/Telephony( 2813):  isOnWfc: true
02-23 10:17:57.621 I/Telephony( 2813): isRttCurrentlySupported -- regular acct, hasVoiceAvailability: true
02-23 10:17:57.621 I/Telephony( 2813):  isRttSupported: false
02-23 10:17:57.621 I/Telephony( 2813):  alwaysAllowWhileRoaming: false
02-23 10:17:57.621 I/Telephony( 2813):  isRoaming: true
02-23 10:17:57.621 I/Telephony( 2813):  isOnWfc: false
02-23 10:17:57.641 W/ContextImpl( 1773): Calling a method in the system process without a qualified user: android.app.ContextImpl.sendBroadcastMultiplePermissions:1320 android.content.Context.sendBroadcastMultiplePermissions:2542 com.android.server.TelephonyRegistry.broadcastServiceStateChanged:4193 com.android.server.TelephonyRegistry.notifyServiceStateForPhoneId:1848 com.android.internal.telephony.ITelephonyRegistry$Stub.onTransact:613 
02-23 10:17:57.641 W/ContextImpl( 1773): Calling a method in the system process without a qualified user: android.app.ContextImpl.sendBroadcastMultiplePermissions:1353 com.android.server.TelephonyRegistry.broadcastServiceStateChanged:4197 com.android.server.TelephonyRegistry.notifyServiceStateForPhoneId:1848 com.android.internal.telephony.ITelephonyRegistry$Stub.onTransact:613 android.os.Binder.execTransactInternal:1411 
02-23 10:17:57.642 W/ContextImpl( 1773): Calling a method in the system process without a qualified user: android.app.ContextImpl.sendBroadcastMultiplePermissions:1353 com.android.server.TelephonyRegistry.broadcastServiceStateChanged:4206 com.android.server.TelephonyRegistry.notifyServiceStateForPhoneId:1848 com.android.internal.telephony.ITelephonyRegistry$Stub.onTransact:613 android.os.Binder.execTransactInternal:1411 
02-23 10:17:57.644 W/ContextImpl( 1773): Calling a method in the system process without a qualified user: android.app.ContextImpl.sendBroadcastMultiplePermissions:1353 com.android.server.TelephonyRegistry.broadcastServiceStateChanged:4212 com.android.server.TelephonyRegistry.notifyServiceStateForPhoneId:1848 com.android.internal.telephony.ITelephonyRegistry$Stub.onTransact:613 android.os.Binder.execTransactInternal:1411 
02-23 10:17:57.646 D/ServiceStateProvider( 2813): subId=2
02-23 10:17:57.647 D/CellBroadcastReceiver( 2993): onReceive Intent { act=android.intent.action.SERVICE_STATE flg=0x1000010 cmp=com.android.cellbroadcastreceiver.module/com.android.cellbroadcastreceiver.CellBroadcastReceiver (has extras) }
02-23 10:17:57.648 D/CellBroadcastReceiver( 2993): onServiceStateChanged, ss: 0
02-23 10:17:57.648 D/CellBroadcastReceiver( 2993): networkOperator: 310260
02-23 10:17:57.648 D/CellBroadcastReceiver( 2993): mockmodem is running? = false
02-23 10:17:57.649 D/CellBroadcastReceiver( 2993): Start Cell Broadcast configuration for intent=ACTION_ENABLE_CHANNELS
02-23 10:17:57.651 D/CellBroadcastReceiver( 2993): update supported roaming operator as 
02-23 10:17:57.657 W/AlarmManager( 2813): Unrecognized alarm listener com.android.internal.telephony.data.AutoDataSwitchController$$ExternalSyntheticLambda1@cb5c5e1
02-23 10:17:57.658 I/ConnectivityService( 1773): Update capabilities for net 104 : +NOT_ROAMING
02-23 10:17:57.658 I/netd    (  851): networkAddUidRangesParcel(NativeUidRangeConfig{netId: 104, uidRanges: [UidRangeParcel{start: 0, stop: 2147483647}], subPriority: 999}) <0.22ms>
02-23 10:17:57.659 I/netd    (  851): networkRemoveUidRangesParcel(NativeUidRangeConfig{netId: 104, uidRanges: [UidRangeParcel{start: 0, stop: 2147483647}], subPriority: 999}) <0.16ms>
02-23 10:17:57.659 D/ConnectivityService( 1773): [104 CELLULAR] EVENT_NETWORK_INFO_CHANGED, going from CONNECTED to CONNECTED
02-23 10:17:57.660 W/QImsService( 2780): ImsConfigImpl : VoWiFi mode: config update is done only when mode preference is changed or when sim is loaded
02-23 10:17:57.660 D/ImsConfigImplBase( 2780): Set provision value of 27 to 2 failed with error code 1
02-23 10:17:57.661 I/Telephony( 2813): TelecomAccountRegistry$TelecomAccountTelephonyCallback: TelecomAccountRegistry: onServiceStateChanged: newState=0, mServiceState=0
02-23 10:17:57.661 D/CellBroadcastConfigService( 2993): Enable CellBroadcast on sub 2
02-23 10:17:57.661 W/BestClock( 1773): java.time.DateTimeException: No network time available
02-23 10:17:57.662 I/Telephony( 2813): isRttCurrentlySupported -- regular acct, hasVoiceAvailability: true
02-23 10:17:57.662 I/Telephony( 2813):  isRttSupported: false
02-23 10:17:57.662 I/Telephony( 2813):  alwaysAllowWhileRoaming: false
02-23 10:17:57.662 I/Telephony( 2813):  isRoaming: false
02-23 10:17:57.662 I/Telephony( 2813):  isOnWfc: true
