02-23 10:17:57.663 D/CellBroadcastConfigTracker-0( 2813): setCellBroadcastIdRanges with ranges:[CellBroadcastIdRange[4370, 4370, 1, true], CellBroadcastIdRange[4096, 4096, 2, true], CellBroadcastIdRange[4383, 4383, 1, true], CellBroadcastIdRange[4371, 4372, 1, true], CellBroadcastIdRange[4097, 4097, 2, true], CellBroadcastIdRange[4384, 4385, 1, true], CellBroadcastIdRange[4373, 4378, 1, true], CellBroadcastIdRange[4098, 4098, 2, true], CellBroadcastIdRange[4386, 4391, 1, true], CellBroadcastIdRange[4379, 4379, 1, true], CellBroadcastIdRange[4099, 4099, 2, true], CellBroadcastIdRange[4392, 4392, 1, true], CellBroadcastIdRange[4380, 4380, 1, false], CellBroadcastIdRange[4100, 4100, 2, false], CellBroadcastIdRange[4393, 4393, 1, false], CellBroadcastIdRange[4381, 4381, 1, false], CellBroadcastIdRange[4394, 4394, 1, false], CellBroadcastIdRange[4382, 4382, 1, false], CellBroadcastIdRange[4395, 4395, 1, false], CellBroadcastIdRange[4352, 4354, 1, true], CellBroadcastIdRange[4356, 4356, 1, true], CellBroadcastIdRange[4355, 4355, 1, false], CellBroadcastIdRange[4396, 4396, 1, true], CellBroadcastIdRange[4397, 4397, 1, true], CellBroadcastIdRange[4398, 4398, 1, false], CellBroadcastIdRange[4399, 4399, 1, false], CellBroadcastIdRange[4400, 4400, 1, true]]
02-23 10:17:57.663 D/CellBroadcastConfigTracker-0( 2813): IdleState message:1
02-23 10:17:57.663 D/CellBroadcastConfigTracker-0( 2813): IdleState handle EVENT_REQUEST with request:Request[mCbRangesRequest3gpp = [CellBroadcastIdRange[4352, 4354, 1, true], CellBroadcastIdRange[4355, 4355, 1, false], CellBroadcastIdRange[4356, 4356, 1, true], CellBroadcastIdRange[4370, 4379, 1, true], CellBroadcastIdRange[4380, 4382, 1, false], CellBroadcastIdRange[4383, 4392, 1, true], CellBroadcastIdRange[4393, 4395, 1, false], CellBroadcastIdRange[4396, 4397, 1, true], CellBroadcastIdRange[4398, 4399, 1, false], CellBroadcastIdRange[4400, 4400, 1, true]], mCbRangesRequest3gpp2 = [CellBroadcastIdRange[4096, 4099, 2, true], CellBroadcastIdRange[4100, 4100, 2, false]]]
02-23 10:17:57.663 D/CellBroadcastConfigService( 2993): Enable CellBroadcast on sub 1
02-23 10:17:57.663 D/CellBroadcastConfigTracker-0( 2813): setCdmaConfig with [CellBroadcastIdRange[4096, 4099, 2, true], CellBroadcastIdRange[4100, 4100, 2, false]]
02-23 10:17:57.663 I/Telephony( 2813): isRttCurrentlySupported -- regular acct, hasVoiceAvailability: true
02-23 10:17:57.663 I/Telephony( 2813):  isRttSupported: false
02-23 10:17:57.663 I/Telephony( 2813):  alwaysAllowWhileRoaming: false
02-23 10:17:57.663 I/Telephony( 2813):  isRoaming: true
02-23 10:17:57.663 I/Telephony( 2813):  isOnWfc: false
02-23 10:17:57.664 I/netd    (  851): tetherGetStats() -> {[]} <1.11ms>
02-23 10:17:57.665 D/CellBroadcastConfigTracker-1( 2813): setCellBroadcastIdRanges with ranges:[CellBroadcastIdRange[4370, 4370, 1, true], CellBroadcastIdRange[4096, 4096, 2, true], CellBroadcastIdRange[4383, 4383, 1, true], CellBroadcastIdRange[4371, 4372, 1, true], CellBroadcastIdRange[4097, 4097, 2, true], CellBroadcastIdRange[4384, 4385, 1, true], CellBroadcastIdRange[4373, 4378, 1, true], CellBroadcastIdRange[4098, 4098, 2, true], CellBroadcastIdRange[4386, 4391, 1, true], CellBroadcastIdRange[4379, 4379, 1, true], CellBroadcastIdRange[4099, 4099, 2, true], CellBroadcastIdRange[4392, 4392, 1, true], CellBroadcastIdRange[4380, 4380, 1, false], CellBroadcastIdRange[4100, 4100, 2, false], CellBroadcastIdRange[4393, 4393, 1, false], CellBroadcastIdRange[4381, 4381, 1, false], CellBroadcastIdRange[4394, 4394, 1, false], CellBroadcastIdRange[4382, 4382, 1, false], CellBroadcastIdRange[4395, 4395, 1, false], CellBroadcastIdRange[4352, 4354, 1, true], CellBroadcastIdRange[4356, 4356, 1, true], CellBroadcastIdRange[4355, 4355, 1, false]]
02-23 10:17:57.665 D/CellBroadcastConfigTracker-1( 2813): IdleState message:1
02-23 10:17:57.665 D/CellBroadcastConfigTracker-1( 2813): IdleState handle EVENT_REQUEST with request:Request[mCbRangesRequest3gpp = [CellBroadcastIdRange[4352, 4354, 1, true], CellBroadcastIdRange[4355, 4355, 1, false], CellBroadcastIdRange[4356, 4356, 1, true], CellBroadcastIdRange[4370, 4379, 1, true], CellBroadcastIdRange[4380, 4382, 1, false], CellBroadcastIdRange[4383, 4392, 1, true], CellBroadcastIdRange[4393, 4395, 1, false]], mCbRangesRequest3gpp2 = [CellBroadcastIdRange[4096, 4099, 2, true], CellBroadcastIdRange[4100, 4100, 2, false]]]
02-23 10:17:57.665 D/CellBroadcastConfigTracker-1( 2813): setGsmConfig with [CellBroadcastIdRange[4352, 4354, 1, true], CellBroadcastIdRange[4355, 4355, 1, false], CellBroadcastIdRange[4356, 4356, 1, true], CellBroadcastIdRange[4370, 4379, 1, true], CellBroadcastIdRange[4380, 4382, 1, false], CellBroadcastIdRange[4383, 4392, 1, true], CellBroadcastIdRange[4393, 4395, 1, false]]
02-23 10:17:57.667 D/CellBroadcastConfigTracker-0( 2813): CdmaConfiguringState message:2
02-23 10:17:57.667 D/CellBroadcastConfigTracker-0( 2813): CdmaConfiguringState handle EVENT_ACTIVATION_DONE with request:Request[mCbRangesRequest3gpp = [CellBroadcastIdRange[4352, 4354, 1, true], CellBroadcastIdRange[4355, 4355, 1, false], CellBroadcastIdRange[4356, 4356, 1, true], CellBroadcastIdRange[4370, 4379, 1, true], CellBroadcastIdRange[4380, 4382, 1, false], CellBroadcastIdRange[4383, 4392, 1, true], CellBroadcastIdRange[4393, 4395, 1, false], CellBroadcastIdRange[4396, 4397, 1, true], CellBroadcastIdRange[4398, 4399, 1, false], CellBroadcastIdRange[4400, 4400, 1, true]], mCbRangesRequest3gpp2 = [CellBroadcastIdRange[4096, 4099, 2, true], CellBroadcastIdRange[4100, 4100, 2, false]]]
02-23 10:17:57.667 D/CellBroadcastConfigTracker-0( 2813): Failed to set cdma config
02-23 10:17:57.668 W/BestClock( 1773): java.time.DateTimeException: No network time available
02-23 10:17:57.668 E/CellBroadcastConfigService( 2993): fails to setCellBroadcastRanges, result = 2
02-23 10:17:57.671 D/CarrierDefaultBroadcastReceiver( 9226): onReceive intent: android.telephony.action.CARRIER_SIGNAL_RESET
02-23 10:17:57.672 D/BackgroundInstallControlService( 1773): Package event received: 0
02-23 10:17:57.673 D/CarrierDefaultBroadcastReceiver( 9226): apply carrier action idx: 6
02-23 10:17:57.673 D/CarrierActionUtils( 9226): onCancelAllNotifications
02-23 10:17:57.674 D/CarrierDefaultBroadcastReceiver( 9226): apply carrier action idx: 8
02-23 10:17:57.674 D/CarrierActionUtils( 9226): onDisableDefaultURLHandler
02-23 10:17:57.675 D/CellBroadcastConfigTracker-1( 2813): GsmConfiguringState message:2
02-23 10:17:57.675 D/CellBroadcastConfigTracker-1( 2813): GsmConfiguringState handle EVENT_CONFIGURATION_DONE with request:Request[mCbRangesRequest3gpp = [CellBroadcastIdRange[4352, 4354, 1, true], CellBroadcastIdRange[4355, 4355, 1, false], CellBroadcastIdRange[4356, 4356, 1, true], CellBroadcastIdRange[4370, 4379, 1, true], CellBroadcastIdRange[4380, 4382, 1, false], CellBroadcastIdRange[4383, 4392, 1, true], CellBroadcastIdRange[4393, 4395, 1, false]], mCbRangesRequest3gpp2 = [CellBroadcastIdRange[4096, 4099, 2, true], CellBroadcastIdRange[4100, 4100, 2, false]]]
02-23 10:17:57.675 D/CellBroadcastConfigTracker-1( 2813): setActivation(1.true)
02-23 10:17:57.682 D/CellBroadcastConfigTracker-1( 2813): GsmActivatingState message:3
02-23 10:17:57.682 D/CellBroadcastConfigTracker-1( 2813): GsmActivatingState handle EVENT_ACTIVATION_DONE with request:Request[mCbRangesRequest3gpp = [CellBroadcastIdRange[4352, 4354, 1, true], CellBroadcastIdRange[4355, 4355, 1, false], CellBroadcastIdRange[4356, 4356, 1, true], CellBroadcastIdRange[4370, 4379, 1, true], CellBroadcastIdRange[4380, 4382, 1, false], CellBroadcastIdRange[4383, 4392, 1, true], CellBroadcastIdRange[4393, 4395, 1, false]], mCbRangesRequest3gpp2 = [CellBroadcastIdRange[4096, 4099, 2, true], CellBroadcastIdRange[4100, 4100, 2, false]]]
02-23 10:17:57.682 D/CellBroadcastConfigTracker-1( 2813): Failed to set gsm activation
02-23 10:17:57.682 E/CellBroadcastConfigService( 2993): fails to setCellBroadcastRanges, result = 3
02-23 10:17:57.873 D/DisplayModeController( 1076): setDesiredMode 4630946545580055169 {mode={fps=60.00 Hz, modePtr={id=2, vsyncRate=60.00 Hz, peakRefreshRate=60.00 Hz}}, emitEvent=false, force=false}
02-23 10:17:57.879 I/SDM     ( 1035): HWDeviceDRM::UpdateMixerAttributes: Mixer WxH 1080x2400-0 for Peripheral
02-23 10:17:57.879 I/SDM     ( 1035): HWCDisplay::SubmitDisplayConfig: Active configuration changed to: 4
02-23 10:17:57.332 W/ALERT   (    0): changing window size from 8000000 to 20000000 at 72029476169344
02-23 10:17:57.333 I/[drm:dsi_display_set_mode] [msm-dsi-info](    0): mdp_transfer_time_us=0 us
02-23 10:17:57.333 I/[drm:dsi_display_set_mode] [msm-dsi-info](    0): hactive= 1080,vactive= 2400,fps=60
02-23 10:17:58.418 D/DisplayModeController( 1076): setDesiredMode 4630946545580055169 {mode={fps=120.00 Hz, modePtr={id=0, vsyncRate=120.00 Hz, peakRefreshRate=120.00 Hz}}, emitEvent=true, force=false}
02-23 10:17:58.430 I/SDM     ( 1035): HWDeviceDRM::UpdateMixerAttributes: Mixer WxH 1080x2400-0 for Peripheral
02-23 10:17:58.430 I/SDM     ( 1035): HWCDisplay::SubmitDisplayConfig: Active configuration changed to: 0
02-23 10:17:57.882 I/[drm:dsi_display_set_mode] [msm-dsi-info](    0): mdp_transfer_time_us=0 us
02-23 10:17:57.882 I/[drm:dsi_display_set_mode] [msm-dsi-info](    0): hactive= 1080,vactive= 2400,fps=120
02-23 10:17:58.438 I/WifiHAL ( 1017): event received NL80211_CMD_VENDOR, vendor_id = 0x1374, subcmd = 0xd
02-23 10:17:58.438 I/cnss-daemon( 1479): nl80211 response handler invoked
02-23 10:17:58.438 I/cnss-daemon( 1479): nl80211_response_handler: cmd 103, vendorID 4980, subcmd 13  received
02-23 10:17:57.892 W/ALERT   (    0): changing window size from 20000000 to 8000000 at 72030036153771
02-23 10:17:58.562 W//vendor/bin/hw/qcrild( 1090): type=1400 audit(0.0:22869): avc:  denied  { call } for  comm=5849414F4D49204D495049 scontext=u:r:rild:s0 tcontext=u:r:hal_graphics_composer_default:s0 tclass=binder permissive=0
02-23 10:17:58.562 W//vendor/bin/hw/qcrild( 1090): type=1400 audit(0.0:22870): avc:  denied  { call } for  comm=5849414F4D49204D495049 scontext=u:r:rild:s0 tcontext=u:r:hal_graphics_composer_default:s0 tclass=binder permissive=0
02-23 10:17:58.015 I/binder  (    0): 1090:17131 transaction failed 29201/-1, size 72-0 line 3105
02-23 10:17:58.016 I/binder  (    0): 1090:17131 transaction failed 29201/-1, size 80-0 line 3105
02-23 10:17:58.574 W//vendor/bin/hw/qcrild( 1090): type=1400 audit(0.0:22871): avc:  denied  { call } for  comm=5849414F4D49204D495049 scontext=u:r:rild:s0 tcontext=u:r:hal_graphics_composer_default:s0 tclass=binder permissive=0
02-23 10:17:58.026 I/binder  (    0): 1090:17131 transaction failed 29201/-1, size 72-0 line 3105
02-23 10:17:58.660 W/BestClock( 1773): java.time.DateTimeException: No network time available
02-23 10:17:58.665 I/netd    (  851): tetherGetStats() -> {[]} <2.28ms>
02-23 10:17:58.668 W/BestClock( 1773): java.time.DateTimeException: No network time available
02-23 10:17:58.673 W/BestClock( 1773): java.time.DateTimeException: No network time available
02-23 10:17:58.674 W/BestClock( 1773): java.time.DateTimeException: No network time available
02-23 10:17:58.675 W/BestClock( 1773): java.time.DateTimeException: No network time available
02-23 10:17:58.675 W/BestClock( 1773): java.time.DateTimeException: No network time available
02-23 10:17:58.678 D/DisplayModeController( 1076): setDesiredMode 4630946545580055169 {mode={fps=60.00 Hz, modePtr={id=2, vsyncRate=60.00 Hz, peakRefreshRate=60.00 Hz}}, emitEvent=false, force=false}
02-23 10:17:58.680 I/SDM     ( 1035): HWDeviceDRM::UpdateMixerAttributes: Mixer WxH 1080x2400-0 for Peripheral
02-23 10:17:58.680 I/SDM     ( 1035): HWCDisplay::SubmitDisplayConfig: Active configuration changed to: 4
02-23 10:17:58.135 I/[drm:dsi_display_set_mode] [msm-dsi-info](    0): mdp_transfer_time_us=0 us
02-23 10:17:58.135 I/[drm:dsi_display_set_mode] [msm-dsi-info](    0): hactive= 1080,vactive= 2400,fps=60
02-23 10:17:58.140 W/ALERT   (    0): changing window size from 8000000 to 20000000 at 72030284077781
02-23 10:17:58.725 I/keystore2(  662): system/security/keystore2/watchdog/src/lib.rs:356 - Watchdog thread idle -> terminating. Have a great day.
02-23 10:17:59.058 W/BestClock( 1773): java.time.DateTimeException: No network time available
02-23 10:17:59.058 W/BestClock( 1773): java.time.DateTimeException: No network time available
02-23 10:17:59.059 W/BestClock( 1773): java.time.DateTimeException: No network time available
02-23 10:17:59.428 D/DisplayModeController( 1076): setDesiredMode 4630946545580055169 {mode={fps=120.00 Hz, modePtr={id=0, vsyncRate=120.00 Hz, peakRefreshRate=120.00 Hz}}, emitEvent=true, force=false}
02-23 10:17:58.884 I/[drm:dsi_display_set_mode] [msm-dsi-info](    0): mdp_transfer_time_us=0 us
02-23 10:17:59.433 I/SDM     ( 1035): HWDeviceDRM::UpdateMixerAttributes: Mixer WxH 1080x2400-0 for Peripheral
02-23 10:17:58.884 I/[drm:dsi_display_set_mode] [msm-dsi-info](    0): hactive= 1080,vactive= 2400,fps=120
02-23 10:17:59.433 I/SDM     ( 1035): HWCDisplay::SubmitDisplayConfig: Active configuration changed to: 0
02-23 10:17:58.901 W/ALERT   (    0): changing window size from 20000000 to 8000000 at 72031044295229
02-23 10:17:59.685 D/DisplayModeController( 1076): setDesiredMode 4630946545580055169 {mode={fps=60.00 Hz, modePtr={id=2, vsyncRate=60.00 Hz, peakRefreshRate=60.00 Hz}}, emitEvent=false, force=false}
02-23 10:17:59.691 I/SDM     ( 1035): HWDeviceDRM::UpdateMixerAttributes: Mixer WxH 1080x2400-0 for Peripheral
02-23 10:17:59.691 I/SDM     ( 1035): HWCDisplay::SubmitDisplayConfig: Active configuration changed to: 4
02-23 10:17:59.146 I/[drm:dsi_display_set_mode] [msm-dsi-info](    0): mdp_transfer_time_us=0 us
02-23 10:17:59.146 I/[drm:dsi_display_set_mode] [msm-dsi-info](    0): hactive= 1080,vactive= 2400,fps=60
02-23 10:17:59.148 W/ALERT   (    0): changing window size from 8000000 to 20000000 at 72031292123770
02-23 10:18:00.041 D/DisplayModeController( 1076): setDesiredMode 4630946545580055169 {mode={fps=120.00 Hz, modePtr={id=0, vsyncRate=120.00 Hz, peakRefreshRate=120.00 Hz}}, emitEvent=true, force=false}
02-23 10:18:00.046 I/SDM     ( 1035): HWDeviceDRM::UpdateMixerAttributes: Mixer WxH 1080x2400-0 for Peripheral
02-23 10:18:00.047 I/SDM     ( 1035): HWCDisplay::SubmitDisplayConfig: Active configuration changed to: 0
02-23 10:17:59.497 I/[drm:dsi_display_set_mode] [msm-dsi-info](    0): mdp_transfer_time_us=0 us
02-23 10:17:59.497 I/[drm:dsi_display_set_mode] [msm-dsi-info](    0): hactive= 1080,vactive= 2400,fps=120
02-23 10:17:59.508 W/ALERT   (    0): changing window size from 20000000 to 8000000 at 72031652121114
02-23 10:18:00.292 D/DisplayModeController( 1076): setDesiredMode 4630946545580055169 {mode={fps=60.00 Hz, modePtr={id=2, vsyncRate=60.00 Hz, peakRefreshRate=60.00 Hz}}, emitEvent=false, force=false}
02-23 10:18:00.296 I/SDM     ( 1035): HWDeviceDRM::UpdateMixerAttributes: Mixer WxH 1080x2400-0 for Peripheral
02-23 10:18:00.297 I/SDM     ( 1035): HWCDisplay::SubmitDisplayConfig: Active configuration changed to: 4
02-23 10:17:59.750 I/[drm:dsi_display_set_mode] [msm-dsi-info](    0): mdp_transfer_time_us=0 us
02-23 10:17:59.750 I/[drm:dsi_display_set_mode] [msm-dsi-info](    0): hactive= 1080,vactive= 2400,fps=60
02-23 10:17:59.756 W/ALERT   (    0): changing window size from 8000000 to 20000000 at 72031900138249
02-23 10:18:00.442 I/cnss-daemon( 1479): nl80211 response handler invoked
02-23 10:18:00.443 I/cnss-daemon( 1479): nl80211_response_handler: cmd 103, vendorID 4980, subcmd 13  received
02-23 10:18:00.443 I/WifiHAL ( 1017): event received NL80211_CMD_VENDOR, vendor_id = 0x1374, subcmd = 0xd
02-23 10:18:00.574 W/BestClock( 1773): java.time.DateTimeException: No network time available
02-23 10:18:00.574 W/BestClock( 1773): java.time.DateTimeException: No network time available
02-23 10:18:00.575 W/BestClock( 1773): java.time.DateTimeException: No network time available
02-23 10:18:00.583 E/WifiStaIfaceAidlImpl( 1773): getCachedScanData failed with service-specific exception: android.os.ServiceSpecificException:  (code 4)
02-23 10:18:01.065 W/BestClock( 1773): java.time.DateTimeException: No network time available
02-23 10:18:01.066 W/BestClock( 1773): java.time.DateTimeException: No network time available
02-23 10:18:01.434 D/DisplayModeController( 1076): setDesiredMode 4630946545580055169 {mode={fps=120.00 Hz, modePtr={id=0, vsyncRate=120.00 Hz, peakRefreshRate=120.00 Hz}}, emitEvent=true, force=false}
02-23 10:18:01.444 I/SDM     ( 1035): HWDeviceDRM::UpdateMixerAttributes: Mixer WxH 1080x2400-0 for Peripheral
02-23 10:18:01.445 I/SDM     ( 1035): HWCDisplay::SubmitDisplayConfig: Active configuration changed to: 0
02-23 10:18:00.896 I/[drm:dsi_display_set_mode] [msm-dsi-info](    0): mdp_transfer_time_us=0 us
02-23 10:18:00.896 I/[drm:dsi_display_set_mode] [msm-dsi-info](    0): hactive= 1080,vactive= 2400,fps=120
02-23 10:18:00.896 W/ALERT   (    0): changing window size from 20000000 to 8000000 at 72033040168561
02-23 10:18:01.694 D/DisplayModeController( 1076): setDesiredMode 4630946545580055169 {mode={fps=60.00 Hz, modePtr={id=2, vsyncRate=60.00 Hz, peakRefreshRate=60.00 Hz}}, emitEvent=false, force=false}
02-23 10:18:01.698 I/SDM     ( 1035): HWDeviceDRM::UpdateMixerAttributes: Mixer WxH 1080x2400-0 for Peripheral
02-23 10:18:01.699 I/SDM     ( 1035): HWCDisplay::SubmitDisplayConfig: Active configuration changed to: 4
02-23 10:18:01.152 I/[drm:dsi_display_set_mode] [msm-dsi-info](    0): mdp_transfer_time_us=0 us
02-23 10:18:01.152 I/[drm:dsi_display_set_mode] [msm-dsi-info](    0): hactive= 1080,vactive= 2400,fps=60
02-23 10:18:01.152 W/ALERT   (    0): changing window size from 8000000 to 20000000 at 72033296198457
02-23 10:18:01.895 E/AuthPII ( 9922): [RequestTokenManager] getToken() -> NETWORK_ERROR. App: com.google.android.apps.docs.editors.docs, Service: oauth2:https://www.googleapis.com/auth/drive https://www.googleapis.com/auth/drive.file https://www.googleapis.com/auth/drive.metadata.readonly https://www.googleapis.com/auth/drive.readonly https://docs.google.com/feeds https://docs.googleusercontent.com https://spreadsheets.google.com/feeds https://www.googleapis.com/auth/activity https://www.googleapis.com/auth/cloudprint https://www.googleapis.com/auth/discussions https://www.googleapis.com/auth/docs https://www.googleapis.com/auth/drive.apps https://www.googleapis.com/auth/drive.categories.readonly https://www.googleapis.com/auth/memento https://www.googleapis.com/auth/notifications https://www.googleapis.com/auth/spreadsheets https://www.googleapis.com/auth/vouchers https://www.googleapis.com/auth/gmail.readonly https://www.googleapis.com/auth/subscriptions https://www.googleapis.com/auth/peopleapi.readonly https://www.googleapis.com/auth/peopleapi.readwrite https://www.googleapis.com/auth/photos.image.readonly
02-23 10:18:01.895 E/AuthPII ( 9922): becf: Error when calling server using GmsNetworkStack.
02-23 10:18:01.895 E/AuthPII ( 9922): 	at afgy.b(:com.google.android.gms@260438035@26.04.38 (260400-867839860):1608)
02-23 10:18:01.895 E/AuthPII ( 9922): 	at afgw.a(:com.google.android.gms@260438035@26.04.38 (260400-867839860):744)
02-23 10:18:01.895 E/AuthPII ( 9922): 	at afgv.b(:com.google.android.gms@260438035@26.04.38 (260400-867839860):142)
02-23 10:18:01.895 E/AuthPII ( 9922): 	at yqe.d(:com.google.android.gms@260438035@26.04.38 (260400-867839860):662)
02-23 10:18:01.895 E/AuthPII ( 9922): 	at afah.getAuthToken(:com.google.android.gms@260438035@26.04.38 (260400-867839860):411)
02-23 10:18:01.895 E/AuthPII ( 9922): 	at android.accounts.AbstractAccountAuthenticator$Transport.getAuthToken(AbstractAccountAuthenticator.java:248)
02-23 10:18:01.895 E/AuthPII ( 9922): 	at android.accounts.IAccountAuthenticator$Stub.onTransact(IAccountAuthenticator.java:254)
02-23 10:18:01.895 E/AuthPII ( 9922): 	at android.os.Binder.transact(Binder.java:1258)
02-23 10:18:01.895 E/AuthPII ( 9922): 	at cioh.onTransact(:com.google.android.gms@260438035@26.04.38 (260400-867839860):10)
02-23 10:18:01.895 E/AuthPII ( 9922): 	at android.os.Binder.transact(Binder.java:1258)
02-23 10:18:01.895 E/AuthPII ( 9922): 	at bweg.onTransact(:com.google.android.gms@260438035@26.04.38 (260400-867839860):161)
02-23 10:18:01.895 E/AuthPII ( 9922): 	at android.os.Binder.execTransactInternal(Binder.java:1411)
02-23 10:18:01.895 E/AuthPII ( 9922): 	at android.os.Binder.execTransact(Binder.java:1350)
02-23 10:18:01.895 E/AuthPII ( 9922): Caused by: becf: Error requesting token.
02-23 10:18:01.895 E/AuthPII ( 9922): 	at afgy.d(:com.google.android.gms@260438035@26.04.38 (260400-867839860):212)
02-23 10:18:01.895 E/AuthPII ( 9922): 	at afgy.b(:com.google.android.gms@260438035@26.04.38 (260400-867839860):48)
02-23 10:18:01.895 E/AuthPII ( 9922): 	... 12 more
02-23 10:18:01.895 E/AuthPII ( 9922): Caused by: java.util.concurrent.TimeoutException: Waited 30 seconds (plus 2398635 nanoseconds delay) for gxst@13a5128[status=PENDING, info=[inputFuture=[gxst@77eee41[status=PENDING, info=[inputFuture=[kqi@4e96fe6[status=PENDING, info=[tag=[GmsUrlRequestImpl.startWithFuture()]]]], function=[aeln@960e927]]]], function=[afgx@7757d4]]]
02-23 10:18:01.895 E/AuthPII ( 9922): 	at gxsq.v(:com.google.android.gms@260438035@26.04.38 (260400-867839860):371)
02-23 10:18:01.895 E/AuthPII ( 9922): 	at afgy.d(:com.google.android.gms@260438035@26.04.38 (260400-867839860):197)
02-23 10:18:01.895 E/AuthPII ( 9922): 	... 13 more
02-23 10:18:01.896 E/AuthPII ( 9922): Message is Error when calling server using GmsNetworkStack.
02-23 10:18:01.896 E/AuthPII ( 9922): becf: Error when calling server using GmsNetworkStack.
02-23 10:18:01.896 E/AuthPII ( 9922): 	at afgy.b(:com.google.android.gms@260438035@26.04.38 (260400-867839860):1608)
02-23 10:18:01.896 E/AuthPII ( 9922): 	at afgw.a(:com.google.android.gms@260438035@26.04.38 (260400-867839860):744)
02-23 10:18:01.896 E/AuthPII ( 9922): 	at afgv.b(:com.google.android.gms@260438035@26.04.38 (260400-867839860):142)
02-23 10:18:01.896 E/AuthPII ( 9922): 	at yqe.d(:com.google.android.gms@260438035@26.04.38 (260400-867839860):662)
02-23 10:18:01.896 E/AuthPII ( 9922): 	at afah.getAuthToken(:com.google.android.gms@260438035@26.04.38 (260400-867839860):411)
02-23 10:18:01.896 E/AuthPII ( 9922): 	at android.accounts.AbstractAccountAuthenticator$Transport.getAuthToken(AbstractAccountAuthenticator.java:248)
02-23 10:18:01.896 E/AuthPII ( 9922): 	at android.accounts.IAccountAuthenticator$Stub.onTransact(IAccountAuthenticator.java:254)
02-23 10:18:01.896 E/AuthPII ( 9922): 	at android.os.Binder.transact(Binder.java:1258)
02-23 10:18:01.896 E/AuthPII ( 9922): 	at cioh.onTransact(:com.google.android.gms@260438035@26.04.38 (260400-867839860):10)
02-23 10:18:01.896 E/AuthPII ( 9922): 	at android.os.Binder.transact(Binder.java:1258)
02-23 10:18:01.896 E/AuthPII ( 9922): 	at bweg.onTransact(:com.google.android.gms@260438035@26.04.38 (260400-867839860):161)
02-23 10:18:01.896 E/AuthPII ( 9922): 	at android.os.Binder.execTransactInternal(Binder.java:1411)
02-23 10:18:01.896 E/AuthPII ( 9922): 	at android.os.Binder.execTransact(Binder.java:1350)
02-23 10:18:01.896 E/AuthPII ( 9922): Caused by: becf: Error requesting token.
02-23 10:18:01.896 E/AuthPII ( 9922): 	at afgy.d(:com.google.android.gms@260438035@26.04.38 (260400-867839860):212)
02-23 10:18:01.896 E/AuthPII ( 9922): 	at afgy.b(:com.google.android.gms@260438035@26.04.38 (260400-867839860):48)
02-23 10:18:01.896 E/AuthPII ( 9922): 	... 12 more
02-23 10:18:01.896 E/AuthPII ( 9922): Caused by: java.util.concurrent.TimeoutException: Waited 30 seconds (plus 2398635 nanoseconds delay) for gxst@13a5128[status=PENDING, info=[inputFuture=[gxst@77eee41[status=PENDING, info=[inputFuture=[kqi@4e96fe6[status=PENDING, info=[tag=[GmsUrlRequestImpl.startWithFuture()]]]], function=[aeln@960e927]]]], function=[afgx@7757d4]]]
02-23 10:18:01.896 E/AuthPII ( 9922): 	at gxsq.v(:com.google.android.gms@260438035@26.04.38 (260400-867839860):371)
02-23 10:18:01.896 E/AuthPII ( 9922): 	at afgy.d(:com.google.android.gms@260438035@26.04.38 (260400-867839860):197)
02-23 10:18:01.896 E/AuthPII ( 9922): 	... 13 more
02-23 10:18:01.897 I/Auth    ( 9922): [GetToken] GetToken failed for app=com.google.android.apps.docs.editors.docs with non recoverable status code: NetworkError  [CONTEXT service_id=343 ]
02-23 10:18:01.898 W/Auth    ( 9922): [ChimeraGetToken] exception while trying to fetch auth tokens for app=com.google.android.gsf, scope=oauth2:https://www.googleapis.com/auth/drive https://www.googleapis.com/auth/drive.file https://www.googleapis.com/auth/drive.metadata.readonly https://www.googleapis.com/auth/drive.readonly https://docs.google.com/feeds https://docs.googleusercontent.com https://spreadsheets.google.com/feeds https://www.googleapis.com/auth/activity https://www.googleapis.com/auth/cloudprint https://www.googleapis.com/auth/discussions https://www.googleapis.com/auth/docs https://www.googleapis.com/auth/drive.apps https://www.googleapis.com/auth/drive.categories.readonly https://www.googleapis.com/auth/memento https://www.googleapis.com/auth/notifications https://www.googleapis.com/auth/spreadsheets https://www.googleapis.com/auth/vouchers https://www.googleapis.com/auth/gmail.readonly https://www.googleapis.com/auth/subscriptions https://www.googleapis.com/auth/peopleapi.readonly https://www.googleapis.com/auth/peopleapi.readwrite https://www.googleapis.com/auth/photos.image.readonly
02-23 10:18:01.898 W/Auth    ( 9922): [CONTEXT service_id=153 ]
02-23 10:18:01.898 W/Auth    ( 9922): afgq: GetToken failed with status code: NetworkError
02-23 10:18:01.898 W/Auth    ( 9922): 	at afgv.b(:com.google.android.gms@260438035@26.04.38 (260400-867839860):346)
02-23 10:18:01.898 W/Auth    ( 9922): 	at yqe.d(:com.google.android.gms@260438035@26.04.38 (260400-867839860):662)
02-23 10:18:01.898 W/Auth    ( 9922): 	at afah.getAuthToken(:com.google.android.gms@260438035@26.04.38 (260400-867839860):411)
02-23 10:18:01.898 W/Auth    ( 9922): 	at android.accounts.AbstractAccountAuthenticator$Transport.getAuthToken(AbstractAccountAuthenticator.java:248)
02-23 10:18:01.898 W/Auth    ( 9922): 	at android.accounts.IAccountAuthenticator$Stub.onTransact(IAccountAuthenticator.java:254)
02-23 10:18:01.898 W/Auth    ( 9922): 	at android.os.Binder.transact(Binder.java:1258)
02-23 10:18:01.898 W/Auth    ( 9922): 	at cioh.onTransact(:com.google.android.gms@260438035@26.04.38 (260400-867839860):10)
02-23 10:18:01.898 W/Auth    ( 9922): 	at android.os.Binder.transact(Binder.java:1258)
02-23 10:18:01.898 W/Auth    ( 9922): 	at bweg.onTransact(:com.google.android.gms@260438035@26.04.38 (260400-867839860):161)
02-23 10:18:01.898 W/Auth    ( 9922): 	at android.os.Binder.execTransactInternal(Binder.java:1411)
02-23 10:18:01.898 W/Auth    ( 9922): 	at android.os.Binder.execTransact(Binder.java:1350)
02-23 10:18:01.898 W/GLSActivity( 9922): [GmsAccountAuthenticatorImpl] error status while fetching token:NetworkError
02-23 10:18:01.972 I/resolv  (  851): GetAddrInfoHandler::run: {100 786532 100 983140 10142 0}
02-23 10:18:01.973 I/resolv  (  851): res_nmkquery: (QUERY, IN, A)
02-23 10:18:01.973 I/resolv  (  851): resolv_cache_lookup: FOUND IN CACHE entry=0xb4000076a4e4ade0
02-23 10:18:01.973 I/resolv  (  851): doQuery: rcode=0, ancount=4, return value=362
02-23 10:18:01.587 I/pm7250b_charger(    0): smblib_set_charge_param: float voltage = 4450000 (0x55)
02-23 10:18:01.587 I/pm7250b_charger(    0): smblib_run_aicl: re-running AICL
02-23 10:18:01.591 I/QG-K    (    0): qg_status_change_work: charge_status=4 charge_done=1
02-23 10:18:01.602 I/QG-K    (    0): qg_charge_full_update: msoc=100 health=1 charge_full=1 charge_done=1
02-23 10:18:01.602 W/healthd (    0): battery l=100 v=4411 t=26.8 h=2 st=5 c=-610 fc=4775000 cc=14 chg=u
02-23 10:18:01.603 I/QG-K    (    0): qg_status_change_work: charge_status=4 charge_done=1
02-23 10:18:01.606 I/QG-K    (    0): qg_charge_full_update: msoc=100 health=1 charge_full=1 charge_done=1
02-23 10:18:01.619 W/healthd (    0): battery l=100 v=4411 t=26.8 h=2 st=5 c=-610 fc=4775000 cc=14 chg=u
02-23 10:18:02.420 D/DisplayModeController( 1076): setDesiredMode 4630946545580055169 {mode={fps=120.00 Hz, modePtr={id=0, vsyncRate=120.00 Hz, peakRefreshRate=120.00 Hz}}, emitEvent=true, force=false}
02-23 10:18:02.431 I/SDM     ( 1035): HWDeviceDRM::UpdateMixerAttributes: Mixer WxH 1080x2400-0 for Peripheral
02-23 10:18:02.432 I/SDM     ( 1035): HWCDisplay::SubmitDisplayConfig: Active configuration changed to: 0
02-23 10:18:01.883 I/[drm:dsi_display_set_mode] [msm-dsi-info](    0): mdp_transfer_time_us=0 us
02-23 10:18:01.883 I/[drm:dsi_display_set_mode] [msm-dsi-info](    0): hactive= 1080,vactive= 2400,fps=120
02-23 10:18:02.443 I/WifiHAL ( 1017): event received NL80211_CMD_VENDOR, vendor_id = 0x1374, subcmd = 0xd
02-23 10:18:02.443 I/cnss-daemon( 1479): nl80211 response handler invoked
02-23 10:18:02.443 I/cnss-daemon( 1479): nl80211_response_handler: cmd 103, vendorID 4980, subcmd 13  received
02-23 10:18:01.892 W/ALERT   (    0): changing window size from 20000000 to 8000000 at 72034036144446
02-23 10:18:02.680 D/DisplayModeController( 1076): setDesiredMode 4630946545580055169 {mode={fps=60.00 Hz, modePtr={id=2, vsyncRate=60.00 Hz, peakRefreshRate=60.00 Hz}}, emitEvent=false, force=false}
02-23 10:18:02.682 D/InetDiagMessage( 1773): Destroyed 0 sockets, proto=IPPROTO_TCP, family=AF_INET, states=14
02-23 10:18:02.685 I/SDM     ( 1035): HWDeviceDRM::UpdateMixerAttributes: Mixer WxH 1080x2400-0 for Peripheral
02-23 10:18:02.685 I/SDM     ( 1035): HWCDisplay::SubmitDisplayConfig: Active configuration changed to: 4
02-23 10:18:02.687 D/InetDiagMessage( 1773): Destroyed 0 sockets, proto=IPPROTO_TCP, family=AF_INET6, states=14
02-23 10:18:02.687 D/InetDiagMessage( 1773): Destroyed live tcp sockets for uids={10113} in 9ms
02-23 10:18:02.691 D/InetDiagMessage( 1773): Destroyed 0 sockets, proto=IPPROTO_TCP, family=AF_INET, states=14
02-23 10:18:02.138 I/[drm:dsi_display_set_mode] [msm-dsi-info](    0): mdp_transfer_time_us=0 us
02-23 10:18:02.138 I/[drm:dsi_display_set_mode] [msm-dsi-info](    0): hactive= 1080,vactive= 2400,fps=60
02-23 10:18:02.140 W/ALERT   (    0): changing window size from 8000000 to 20000000 at 72034284228613
02-23 10:18:02.694 D/InetDiagMessage( 1773): Destroyed 0 sockets, proto=IPPROTO_TCP, family=AF_INET6, states=14
02-23 10:18:02.694 D/InetDiagMessage( 1773): Destroyed live tcp sockets for uids={20113} in 7ms
02-23 10:18:03.071 W/BestClock( 1773): java.time.DateTimeException: No network time available
02-23 10:18:03.072 W/BestClock( 1773): java.time.DateTimeException: No network time available
02-23 10:18:03.073 W/BestClock( 1773): java.time.DateTimeException: No network time available
02-23 10:18:03.423 D/DisplayModeController( 1076): setDesiredMode 4630946545580055169 {mode={fps=120.00 Hz, modePtr={id=0, vsyncRate=120.00 Hz, peakRefreshRate=120.00 Hz}}, emitEvent=true, force=false}
02-23 10:18:03.434 I/SDM     ( 1035): HWDeviceDRM::UpdateMixerAttributes: Mixer WxH 1080x2400-0 for Peripheral
02-23 10:18:03.434 I/SDM     ( 1035): HWCDisplay::SubmitDisplayConfig: Active configuration changed to: 0
02-23 10:18:02.885 I/[drm:dsi_display_set_mode] [msm-dsi-info](    0): mdp_transfer_time_us=0 us
02-23 10:18:02.885 I/[drm:dsi_display_set_mode] [msm-dsi-info](    0): hactive= 1080,vactive= 2400,fps=120
02-23 10:18:02.901 W/ALERT   (    0): changing window size from 20000000 to 8000000 at 72035044385644
02-23 10:18:03.594 W/BestClock( 1773): java.time.DateTimeException: No network time available
02-23 10:18:03.595 W/BestClock( 1773): java.time.DateTimeException: No network time available
02-23 10:18:03.603 E/WifiStaIfaceAidlImpl( 1773): getCachedScanData failed with service-specific exception: android.os.ServiceSpecificException:  (code 4)
02-23 10:18:03.683 D/DisplayModeController( 1076): setDesiredMode 4630946545580055169 {mode={fps=60.00 Hz, modePtr={id=2, vsyncRate=60.00 Hz, peakRefreshRate=60.00 Hz}}, emitEvent=false, force=false}
02-23 10:18:03.687 I/SDM     ( 1035): HWDeviceDRM::UpdateMixerAttributes: Mixer WxH 1080x2400-0 for Peripheral
02-23 10:18:03.687 I/SDM     ( 1035): HWCDisplay::SubmitDisplayConfig: Active configuration changed to: 4
02-23 10:18:03.140 W/ALERT   (    0): changing window size from 8000000 to 20000000 at 72035284147675
02-23 10:18:03.141 I/[drm:dsi_display_set_mode] [msm-dsi-info](    0): mdp_transfer_time_us=0 us
02-23 10:18:03.141 I/[drm:dsi_display_set_mode] [msm-dsi-info](    0): hactive= 1080,vactive= 2400,fps=60
02-23 10:18:04.425 D/DisplayModeController( 1076): setDesiredMode 4630946545580055169 {mode={fps=120.00 Hz, modePtr={id=0, vsyncRate=120.00 Hz, peakRefreshRate=120.00 Hz}}, emitEvent=true, force=false}
02-23 10:18:04.436 I/SDM     ( 1035): HWDeviceDRM::UpdateMixerAttributes: Mixer WxH 1080x2400-0 for Peripheral
02-23 10:18:04.437 I/SDM     ( 1035): HWCDisplay::SubmitDisplayConfig: Active configuration changed to: 0
02-23 10:18:03.888 I/[drm:dsi_display_set_mode] [msm-dsi-info](    0): mdp_transfer_time_us=0 us
02-23 10:18:03.888 I/[drm:dsi_display_set_mode] [msm-dsi-info](    0): hactive= 1080,vactive= 2400,fps=120
02-23 10:18:04.447 I/WifiHAL ( 1017): event received NL80211_CMD_VENDOR, vendor_id = 0x1374, subcmd = 0xd
02-23 10:18:04.448 I/cnss-daemon( 1479): nl80211 response handler invoked
02-23 10:18:04.448 I/cnss-daemon( 1479): nl80211_response_handler: cmd 103, vendorID 4980, subcmd 13  received
02-23 10:18:03.900 W/ALERT   (    0): changing window size from 20000000 to 8000000 at 72036044161373
02-23 10:18:04.685 D/DisplayModeController( 1076): setDesiredMode 4630946545580055169 {mode={fps=60.00 Hz, modePtr={id=2, vsyncRate=60.00 Hz, peakRefreshRate=60.00 Hz}}, emitEvent=false, force=false}
02-23 10:18:04.690 I/SDM     ( 1035): HWDeviceDRM::UpdateMixerAttributes: Mixer WxH 1080x2400-0 for Peripheral
02-23 10:18:04.690 I/SDM     ( 1035): HWCDisplay::SubmitDisplayConfig: Active configuration changed to: 4
02-23 10:18:04.144 I/[drm:dsi_display_set_mode] [msm-dsi-info](    0): mdp_transfer_time_us=0 us
02-23 10:18:04.144 I/[drm:dsi_display_set_mode] [msm-dsi-info](    0): hactive= 1080,vactive= 2400,fps=60
02-23 10:18:04.148 W/ALERT   (    0): changing window size from 8000000 to 20000000 at 72036292171998
02-23 10:18:05.079 W/BestClock( 1773): java.time.DateTimeException: No network time available
02-23 10:18:05.080 W/BestClock( 1773): java.time.DateTimeException: No network time available
02-23 10:18:05.081 W/BestClock( 1773): java.time.DateTimeException: No network time available
02-23 10:18:05.428 D/DisplayModeController( 1076): setDesiredMode 4630946545580055169 {mode={fps=120.00 Hz, modePtr={id=0, vsyncRate=120.00 Hz, peakRefreshRate=120.00 Hz}}, emitEvent=true, force=false}
02-23 10:18:05.438 I/SDM     ( 1035): HWDeviceDRM::UpdateMixerAttributes: Mixer WxH 1080x2400-0 for Peripheral
02-23 10:18:05.439 I/SDM     ( 1035): HWCDisplay::SubmitDisplayConfig: Active configuration changed to: 0
02-23 10:18:04.890 I/[drm:dsi_display_set_mode] [msm-dsi-info](    0): mdp_transfer_time_us=0 us
02-23 10:18:04.890 I/[drm:dsi_display_set_mode] [msm-dsi-info](    0): hactive= 1080,vactive= 2400,fps=120
02-23 10:18:04.908 W/ALERT   (    0): changing window size from 20000000 to 8000000 at 72037052116581
02-23 10:18:05.688 D/DisplayModeController( 1076): setDesiredMode 4630946545580055169 {mode={fps=60.00 Hz, modePtr={id=2, vsyncRate=60.00 Hz, peakRefreshRate=60.00 Hz}}, emitEvent=false, force=false}
02-23 10:18:05.692 I/SDM     ( 1035): HWDeviceDRM::UpdateMixerAttributes: Mixer WxH 1080x2400-0 for Peripheral
02-23 10:18:05.693 I/SDM     ( 1035): HWCDisplay::SubmitDisplayConfig: Active configuration changed to: 4
02-23 10:18:05.146 I/[drm:dsi_display_set_mode] [msm-dsi-info](    0): mdp_transfer_time_us=0 us
02-23 10:18:05.146 I/[drm:dsi_display_set_mode] [msm-dsi-info](    0): hactive= 1080,vactive= 2400,fps=60
02-23 10:18:05.148 W/ALERT   (    0): changing window size from 8000000 to 20000000 at 72037292138508
02-23 10:18:05.348 E/QG-K    (    0): qg_psy_get_property: get battery temp = 268
02-23 10:18:05.351 I/QG-K    (    0): process_udata_work: udata update: QG_SOC=99 QG_SYS_SOC=9908 last_catchup_soc=100
02-23 10:18:05.351 I/QG-K    (    0): qg_process_tcss_soc: TCSS: fifo_i=-115356 prev_fifo_i=-1200000 ibatt_tcss_entry=-1200000 qg_term=-1200000 soc_tcss_entry=9935 sys_soc=9908 soc_ibat=9935 wt_ibat=1 wt_sys=9999 soc_tcss=9908
02-23 10:18:05.351 I/QG-K    (    0): qg_process_fvss_soc: FVSS: last_fifo_v=4442005 fvss_entry_uv=3600000 - exit
02-23 10:18:05.351 I/QG-K    (    0): qg_process_bass_soc: BASS Entry: fifo_i=-115356 sys_soc=100 msoc=100 batt_soc=9839 fvss_active=0
02-23 10:18:05.351 I/QG-K    (    0): qg_process_bass_soc: BASS Quit: enabled=1 fifo_i_ua=-115356 sys_soc=100 msoc=100 batt_soc=9839
02-23 10:18:05.351 I/QG-K    (    0): qg_adjust_sys_soc: sys_soc=9908 adjusted sys_soc=100
02-23 10:18:05.351 I/QG-K    (    0): qg_scale_soc: SOC scale: Start msoc=100 catch_up_soc=100 delta_soc=1
02-23 10:18:05.351 I/QG-K    (    0): scale_soc_stop: SOC scale stopped: msoc=100 catch_up_soc=100
02-23 10:18:05.352 I/QG-K    (    0): qg_store_soc_params: SDAM write param 0 value=1
02-23 10:18:05.352 I/QG-K    (    0): qg_store_soc_params: SDAM write param 1 value=100
02-23 10:18:05.353 I/QG-K    (    0): qg_store_soc_params: SDAM write param 2 value=268
02-23 10:18:05.353 I/QG-K    (    0): qg_store_soc_params: SDAM write param 3 value=0
02-23 10:18:05.353 I/QG-K    (    0): qg_store_soc_params: SDAM write param 4 value=4411100
02-23 10:18:05.353 I/QG-K    (    0): qg_store_soc_params: SDAM write param 5 value=0
02-23 10:18:05.353 I/QG-K    (    0): qg_store_soc_params: SDAM write param 6 value=19761161
02-23 10:18:05.353 I/QG-K    (    0): process_udata_work: udata update: batt_soc=9839 cc_soc=9839 full_soc=9928 qg_esr=51
02-23 10:18:06.431 D/DisplayModeController( 1076): setDesiredMode 4630946545580055169 {mode={fps=120.00 Hz, modePtr={id=0, vsyncRate=120.00 Hz, peakRefreshRate=120.00 Hz}}, emitEvent=true, force=false}
02-23 10:18:06.441 I/SDM     ( 1035): HWDeviceDRM::UpdateMixerAttributes: Mixer WxH 1080x2400-0 for Peripheral
02-23 10:18:06.442 I/SDM     ( 1035): HWCDisplay::SubmitDisplayConfig: Active configuration changed to: 0
02-23 10:18:05.893 I/[drm:dsi_display_set_mode] [msm-dsi-info](    0): mdp_transfer_time_us=0 us
02-23 10:18:05.893 I/[drm:dsi_display_set_mode] [msm-dsi-info](    0): hactive= 1080,vactive= 2400,fps=120
02-23 10:18:06.453 I/WifiHAL ( 1017): event received NL80211_CMD_VENDOR, vendor_id = 0x1374, subcmd = 0xd
02-23 10:18:06.453 I/cnss-daemon( 1479): nl80211 response handler invoked
02-23 10:18:06.453 I/cnss-daemon( 1479): nl80211_response_handler: cmd 103, vendorID 4980, subcmd 13  received
02-23 10:18:05.908 W/ALERT   (    0): changing window size from 20000000 to 8000000 at 72038052132205
02-23 10:18:06.612 W/BestClock( 1773): java.time.DateTimeException: No network time available
02-23 10:18:06.613 W/BestClock( 1773): java.time.DateTimeException: No network time available
02-23 10:18:06.614 W/BestClock( 1773): java.time.DateTimeException: No network time available
02-23 10:18:06.622 E/WifiStaIfaceAidlImpl( 1773): getCachedScanData failed with service-specific exception: android.os.ServiceSpecificException:  (code 4)
02-23 10:18:06.690 D/DisplayModeController( 1076): setDesiredMode 4630946545580055169 {mode={fps=60.00 Hz, modePtr={id=2, vsyncRate=60.00 Hz, peakRefreshRate=60.00 Hz}}, emitEvent=false, force=false}
02-23 10:18:06.694 I/SDM     ( 1035): HWDeviceDRM::UpdateMixerAttributes: Mixer WxH 1080x2400-0 for Peripheral
02-23 10:18:06.694 I/SDM     ( 1035): HWCDisplay::SubmitDisplayConfig: Active configuration changed to: 4
02-23 10:18:06.147 I/[drm:dsi_display_set_mode] [msm-dsi-info](    0): mdp_transfer_time_us=0 us
02-23 10:18:06.147 I/[drm:dsi_display_set_mode] [msm-dsi-info](    0): hactive= 1080,vactive= 2400,fps=60
02-23 10:18:06.148 W/ALERT   (    0): changing window size from 8000000 to 20000000 at 72038292160643
02-23 10:18:07.085 W/BestClock( 1773): java.time.DateTimeException: No network time available
02-23 10:18:07.086 W/BestClock( 1773): java.time.DateTimeException: No network time available
02-23 10:18:07.430 D/DisplayModeController( 1076): setDesiredMode 4630946545580055169 {mode={fps=120.00 Hz, modePtr={id=0, vsyncRate=120.00 Hz, peakRefreshRate=120.00 Hz}}, emitEvent=true, force=false}
02-23 10:18:07.433 I/SDM     ( 1035): HWDeviceDRM::UpdateMixerAttributes: Mixer WxH 1080x2400-0 for Peripheral
02-23 10:18:07.433 I/SDM     ( 1035): HWCDisplay::SubmitDisplayConfig: Active configuration changed to: 0
02-23 10:18:06.883 I/[drm:dsi_display_set_mode] [msm-dsi-info](    0): mdp_transfer_time_us=0 us
02-23 10:18:06.883 I/[drm:dsi_display_set_mode] [msm-dsi-info](    0): hactive= 1080,vactive= 2400,fps=120
02-23 10:18:06.888 W/ALERT   (    0): changing window size from 20000000 to 8000000 at 72039032069444
02-23 10:18:07.505 I/QcrilOemhookMsgTunnel( 2779): [0]processOemHookIndication length=21
02-23 10:18:07.517 W/IWlanNetworkService( 3024): 12466 > Response Processed
02-23 10:18:07.685 D/DisplayModeController( 1076): setDesiredMode 4630946545580055169 {mode={fps=60.00 Hz, modePtr={id=2, vsyncRate=60.00 Hz, peakRefreshRate=60.00 Hz}}, emitEvent=false, force=false}
02-23 10:18:07.688 I/SDM     ( 1035): HWDeviceDRM::UpdateMixerAttributes: Mixer WxH 1080x2400-0 for Peripheral
02-23 10:18:07.688 I/SDM     ( 1035): HWCDisplay::SubmitDisplayConfig: Active configuration changed to: 4
02-23 10:18:07.141 I/[drm:dsi_display_set_mode] [msm-dsi-info](    0): mdp_transfer_time_us=0 us
02-23 10:18:07.141 I/[drm:dsi_display_set_mode] [msm-dsi-info](    0): hactive= 1080,vactive= 2400,fps=60
02-23 10:18:07.144 W/ALERT   (    0): changing window size from 8000000 to 20000000 at 72039288075851
02-23 10:18:08.428 D/DisplayModeController( 1076): setDesiredMode 4630946545580055169 {mode={fps=120.00 Hz, modePtr={id=0, vsyncRate=120.00 Hz, peakRefreshRate=120.00 Hz}}, emitEvent=true, force=false}
02-23 10:18:08.437 I/SDM     ( 1035): HWDeviceDRM::UpdateMixerAttributes: Mixer WxH 1080x2400-0 for Peripheral
02-23 10:18:08.438 I/SDM     ( 1035): HWCDisplay::SubmitDisplayConfig: Active configuration changed to: 0
02-23 10:18:07.889 I/[drm:dsi_display_set_mode] [msm-dsi-info](    0): mdp_transfer_time_us=0 us
02-23 10:18:07.889 I/[drm:dsi_display_set_mode] [msm-dsi-info](    0): hactive= 1080,vactive= 2400,fps=120
02-23 10:18:08.452 I/WifiHAL ( 1017): event received NL80211_CMD_VENDOR, vendor_id = 0x1374, subcmd = 0xd
02-23 10:18:08.453 I/cnss-daemon( 1479): nl80211 response handler invoked
02-23 10:18:08.453 I/cnss-daemon( 1479): nl80211_response_handler: cmd 103, vendorID 4980, subcmd 13  received
02-23 10:18:07.904 W/ALERT   (    0): changing window size from 20000000 to 8000000 at 72040048151267
02-23 10:18:08.686 D/DisplayModeController( 1076): setDesiredMode 4630946545580055169 {mode={fps=60.00 Hz, modePtr={id=2, vsyncRate=60.00 Hz, peakRefreshRate=60.00 Hz}}, emitEvent=false, force=false}
02-23 10:18:08.690 I/SDM     ( 1035): HWDeviceDRM::UpdateMixerAttributes: Mixer WxH 1080x2400-0 for Peripheral
02-23 10:18:08.691 I/SDM     ( 1035): HWCDisplay::SubmitDisplayConfig: Active configuration changed to: 4
02-23 10:18:08.144 I/[drm:dsi_display_set_mode] [msm-dsi-info](    0): mdp_transfer_time_us=0 us
02-23 10:18:08.144 I/[drm:dsi_display_set_mode] [msm-dsi-info](    0): hactive= 1080,vactive= 2400,fps=60
02-23 10:18:08.144 W/ALERT   (    0): changing window size from 8000000 to 20000000 at 72040288218767
02-23 10:18:09.089 W/BestClock( 1773): java.time.DateTimeException: No network time available
02-23 10:18:09.090 W/BestClock( 1773): java.time.DateTimeException: No network time available
02-23 10:18:09.091 W/BestClock( 1773): java.time.DateTimeException: No network time available
02-23 10:18:09.430 D/DisplayModeController( 1076): setDesiredMode 4630946545580055169 {mode={fps=120.00 Hz, modePtr={id=0, vsyncRate=120.00 Hz, peakRefreshRate=120.00 Hz}}, emitEvent=true, force=false}
02-23 10:18:09.441 I/SDM     ( 1035): HWDeviceDRM::UpdateMixerAttributes: Mixer WxH 1080x2400-0 for Peripheral
02-23 10:18:09.441 I/SDM     ( 1035): HWCDisplay::SubmitDisplayConfig: Active configuration changed to: 0
02-23 10:18:08.892 I/[drm:dsi_display_set_mode] [msm-dsi-info](    0): mdp_transfer_time_us=0 us
02-23 10:18:08.892 I/[drm:dsi_display_set_mode] [msm-dsi-info](    0): hactive= 1080,vactive= 2400,fps=120
02-23 10:18:08.904 W/ALERT   (    0): changing window size from 20000000 to 8000000 at 72041048147985
02-23 10:18:09.632 W/BestClock( 1773): java.time.DateTimeException: No network time available
02-23 10:18:09.633 W/BestClock( 1773): java.time.DateTimeException: No network time available
02-23 10:18:09.642 E/WifiStaIfaceAidlImpl( 1773): getCachedScanData failed with service-specific exception: android.os.ServiceSpecificException:  (code 4)
02-23 10:18:09.689 D/DisplayModeController( 1076): setDesiredMode 4630946545580055169 {mode={fps=60.00 Hz, modePtr={id=2, vsyncRate=60.00 Hz, peakRefreshRate=60.00 Hz}}, emitEvent=false, force=false}
02-23 10:18:09.694 I/SDM     ( 1035): HWDeviceDRM::UpdateMixerAttributes: Mixer WxH 1080x2400-0 for Peripheral
02-23 10:18:09.694 I/SDM     ( 1035): HWCDisplay::SubmitDisplayConfig: Active configuration changed to: 4
02-23 10:18:09.147 I/[drm:dsi_display_set_mode] [msm-dsi-info](    0): mdp_transfer_time_us=0 us
02-23 10:18:09.147 I/[drm:dsi_display_set_mode] [msm-dsi-info](    0): hactive= 1080,vactive= 2400,fps=60
02-23 10:18:09.152 W/ALERT   (    0): changing window size from 8000000 to 20000000 at 72041296155902
02-23 10:18:09.766 I/pm7250b_charger(    0): smblib_set_charge_param: float voltage = 4450000 (0x55)
02-23 10:18:09.767 I/pm7250b_charger(    0): smblib_run_aicl: re-running AICL
02-23 10:18:09.771 I/QG-K    (    0): qg_status_change_work: charge_status=4 charge_done=1
02-23 10:18:09.781 I/QG-K    (    0): qg_charge_full_update: msoc=100 health=1 charge_full=1 charge_done=1
02-23 10:18:09.782 I/QG-K    (    0): qg_status_change_work: charge_status=4 charge_done=1
02-23 10:18:09.782 W/healthd (    0): battery l=100 v=4410 t=26.8 h=2 st=5 c=-305 fc=4775000 cc=14 chg=u
02-23 10:18:09.785 I/QG-K    (    0): qg_charge_full_update: msoc=100 health=1 charge_full=1 charge_done=1
02-23 10:18:10.356 D/PowerUI ( 2468): can't show warning due to - plugged: true status unknown: false
02-23 10:18:09.801 W/healthd (    0): battery l=100 v=4410 t=26.8 h=2 st=5 c=-305 fc=4775000 cc=14 chg=u
02-23 10:18:10.361 D/DisplayModeController( 1076): setDesiredMode 4630946545580055169 {mode={fps=120.00 Hz, modePtr={id=0, vsyncRate=120.00 Hz, peakRefreshRate=120.00 Hz}}, emitEvent=true, force=false}
02-23 10:18:10.364 I/SDM     ( 1035): HWDeviceDRM::UpdateMixerAttributes: Mixer WxH 1080x2400-0 for Peripheral
02-23 10:18:10.364 I/SDM     ( 1035): HWCDisplay::SubmitDisplayConfig: Active configuration changed to: 0
02-23 10:18:09.815 I/[drm:dsi_display_set_mode] [msm-dsi-info](    0): mdp_transfer_time_us=0 us
02-23 10:18:09.815 I/[drm:dsi_display_set_mode] [msm-dsi-info](    0): hactive= 1080,vactive= 2400,fps=120
02-23 10:18:09.832 W/ALERT   (    0): changing window size from 20000000 to 8000000 at 72041976122412
02-23 10:18:10.458 I/WifiHAL ( 1017): event received NL80211_CMD_VENDOR, vendor_id = 0x1374, subcmd = 0xd
02-23 10:18:10.458 I/cnss-daemon( 1479): nl80211 response handler invoked
02-23 10:18:10.458 I/cnss-daemon( 1479): nl80211_response_handler: cmd 103, vendorID 4980, subcmd 13  received
02-23 10:18:10.681 D/DisplayModeController( 1076): setDesiredMode 4630946545580055169 {mode={fps=60.00 Hz, modePtr={id=2, vsyncRate=60.00 Hz, peakRefreshRate=60.00 Hz}}, emitEvent=false, force=false}
02-23 10:18:10.685 I/SDM     ( 1035): HWDeviceDRM::UpdateMixerAttributes: Mixer WxH 1080x2400-0 for Peripheral
02-23 10:18:10.686 I/SDM     ( 1035): HWCDisplay::SubmitDisplayConfig: Active configuration changed to: 4
02-23 10:18:10.140 I/[drm:dsi_display_set_mode] [msm-dsi-info](    0): mdp_transfer_time_us=0 us
02-23 10:18:10.140 I/[drm:dsi_display_set_mode] [msm-dsi-info](    0): hactive= 1080,vactive= 2400,fps=60
02-23 10:18:10.144 W/ALERT   (    0): changing window size from 8000000 to 20000000 at 72042288131579
02-23 10:18:11.098 W/BestClock( 1773): java.time.DateTimeException: No network time available
02-23 10:18:11.099 W/BestClock( 1773): java.time.DateTimeException: No network time available
02-23 10:18:11.100 W/BestClock( 1773): java.time.DateTimeException: No network time available
02-23 10:18:11.404 I/netd    (  851): setProcSysNet(4, 2, wlan0, retrans_time_ms, 750) <0.21ms>
02-23 10:18:11.405 I/netd    (  851): setProcSysNet(4, 2, wlan0, ucast_solicit, 10) <0.12ms>
02-23 10:18:11.406 I/netd    (  851): setProcSysNet(6, 2, wlan0, retrans_time_ms, 750) <0.17ms>
02-23 10:18:11.407 I/netd    (  851): setProcSysNet(6, 2, wlan0, ucast_solicit, 10) <0.11ms>
02-23 10:18:11.433 D/DisplayModeController( 1076): setDesiredMode 4630946545580055169 {mode={fps=120.00 Hz, modePtr={id=0, vsyncRate=120.00 Hz, peakRefreshRate=120.00 Hz}}, emitEvent=true, force=false}
02-23 10:18:11.437 I/SDM     ( 1035): HWDeviceDRM::UpdateMixerAttributes: Mixer WxH 1080x2400-0 for Peripheral
02-23 10:18:11.438 I/SDM     ( 1035): HWCDisplay::SubmitDisplayConfig: Active configuration changed to: 0
02-23 10:18:10.889 I/[drm:dsi_display_set_mode] [msm-dsi-info](    0): mdp_transfer_time_us=0 us
02-23 10:18:10.890 I/[drm:dsi_display_set_mode] [msm-dsi-info](    0): hactive= 1080,vactive= 2400,fps=120
02-23 10:18:10.904 W/ALERT   (    0): changing window size from 20000000 to 8000000 at 72043048140120
02-23 10:18:11.686 D/DisplayModeController( 1076): setDesiredMode 4630946545580055169 {mode={fps=60.00 Hz, modePtr={id=2, vsyncRate=60.00 Hz, peakRefreshRate=60.00 Hz}}, emitEvent=false, force=false}
02-23 10:18:11.690 I/SDM     ( 1035): HWDeviceDRM::UpdateMixerAttributes: Mixer WxH 1080x2400-0 for Peripheral
